ARM Linker, 4.1 [Build 713] DS-5 Ultimate Edition

==============================================================================

Image Symbol Table

    Local Symbols

    Symbol Name                              Value     Ov Type        Size  Object(Section)

    ../../angel/rt.s                         0x00000000   Number         0  aeabi_idiv0_sigfpe.o ABSOLUTE
    ../../angel/rt.s                         0x00000000   Number         0  aeabi_idiv0.o ABSOLUTE
    ../../angel/rt.s                         0x00000000   Number         0  rt_div0.o ABSOLUTE
    ../../angel/sys.s                        0x00000000   Number         0  indicate_semi.o ABSOLUTE
    ../../angel/sys.s                        0x00000000   Number         0  use_no_semi.o ABSOLUTE
    ../../angel/sysapp.c                     0x00000000   Number         0  sys_wrch.o ABSOLUTE
    ../../angel/sysapp.c                     0x00000000   Number         0  sys_exit.o ABSOLUTE
    ../../division.s                         0x00000000   Number         0  aeabi_sdiv.o ABSOLUTE
    ../../division.s                         0x00000000   Number         0  aeabi_sdiv_div0.o ABSOLUTE
    ../../division.s                         0x00000000   Number         0  rtudiv10.o ABSOLUTE
    ../../divrt.s                            0x00000000   Number         0  divrt_7tdmi_div0.o ABSOLUTE
    ../../divrt.s                            0x00000000   Number         0  divrt_7tdmi.o ABSOLUTE
    ../../memcpset.s                         0x00000000   Number         0  rt_memcpy_w.o ABSOLUTE
    ../../memcpset.s                         0x00000000   Number         0  strcmp.o ABSOLUTE
    ../../memcpset.s                         0x00000000   Number         0  rt_memclr_w.o ABSOLUTE
    ../../memcpset.s                         0x00000000   Number         0  rt_memclr.o ABSOLUTE
    ../../memcpset.s                         0x00000000   Number         0  rt_memcpy.o ABSOLUTE
    ../../misc.s                             0x00000000   Number         0  printf_stubs.o ABSOLUTE
    ../../printf.c                           0x00000000   Number         0  __printf_ss_wp.o ABSOLUTE
    ../../printf.c                           0x00000000   Number         0  __printf_flags_ss_wp.o ABSOLUTE
    ../../printf.c                           0x00000000   Number         0  _printf_intcommon.o ABSOLUTE
    ../../printf.c                           0x00000000   Number         0  __2snprintf.o ABSOLUTE
    ../../printf.c                           0x00000000   Number         0  noretval__2snprintf.o ABSOLUTE
    ../../printf.c                           0x00000000   Number         0  __printf.o ABSOLUTE
    ../../printf.c                           0x00000000   Number         0  _printf_str.o ABSOLUTE
    ../../printf.c                           0x00000000   Number         0  _printf_dec.o ABSOLUTE
    ../../printf.c                           0x00000000   Number         0  __printf_flags.o ABSOLUTE
    ../../printf.c                           0x00000000   Number         0  __printf_ss.o ABSOLUTE
    ../../printf.c                           0x00000000   Number         0  __printf_flags_ss.o ABSOLUTE
    ../../printf.c                           0x00000000   Number         0  __printf_nopercent.o ABSOLUTE
    ../../printf.c                           0x00000000   Number         0  __printf_wp.o ABSOLUTE
    ../../printf.c                           0x00000000   Number         0  __printf_flags_wp.o ABSOLUTE
    ../../printf.c                           0x00000000   Number         0  _printf_char.o ABSOLUTE
    ../../printf.c                           0x00000000   Number         0  _snputc.o ABSOLUTE
    ../../printf.c                           0x00000000   Number         0  _sputc.o ABSOLUTE
    ../../printf.c                           0x00000000   Number         0  _printf_char_common.o ABSOLUTE
    ../../printf_percent.s                   0x00000000   Number         0  _printf_percent_end.o ABSOLUTE
    ../../printf_percent.s                   0x00000000   Number         0  _printf_c.o ABSOLUTE
    ../../printf_percent.s                   0x00000000   Number         0  _printf_s.o ABSOLUTE
    ../../printf_percent.s                   0x00000000   Number         0  _printf_d.o ABSOLUTE
    ../../printf_percent.s                   0x00000000   Number         0  _printf_u.o ABSOLUTE
    ../../printf_percent.s                   0x00000000   Number         0  _printf_percent.o ABSOLUTE
    ../../signal.c                           0x00000000   Number         0  defsig_fpe_formal.o ABSOLUTE
    ../../signal.c                           0x00000000   Number         0  defsig_fpe_outer.o ABSOLUTE
    ../../signal.c                           0x00000000   Number         0  defsig_general.o ABSOLUTE
    ../../signal.c                           0x00000000   Number         0  defsig_abrt_inner.o ABSOLUTE
    ../../signal.c                           0x00000000   Number         0  defsig_exit.o ABSOLUTE
[...]
    0x2a00019c   0x00000008   Code   RO         6023    .ARM.Collect$$_printf_percent$$0000000A  c_t.l(_printf_u.o)
    0x2a0001a4   0x00000008   Code   RO         6020    .ARM.Collect$$_printf_percent$$00000013  c_t.l(_printf_c.o)
    0x2a0001ac   0x00000008   Code   RO         6021    .ARM.Collect$$_printf_percent$$00000014  c_t.l(_printf_s.o)
    0x2a0001b4   0x00000008   Code   RO         6079    .ARM.Collect$$_printf_percent$$00000017  c_t.l(_printf_percent_end.o)
    0x2a0001bc   0x00000008   Ven    RO         5986    .text               c_t.l(__2snprintf.o)
    0x2a0001c4   0x0000003c   Code   RO         5986    .text               c_t.l(__2snprintf.o)
    0x2a000200   0x00000058   Code   RO         5996    .text               c_t.l(_printf_str.o)
    0x2a000258   0x00000008   Ven    RO         5998    .text               c_t.l(_printf_dec.o)
    0x2a000260   0x00000070   Code   RO         5998    .text               c_t.l(_printf_dec.o)
    0x2a0002d0   0x000000d6   Code   RO         6003    .text               c_t.l(__printf_ss.o)
    0x2a0003a6   0x00000002   PAD
    0x2a0003a8   0x00000008   Ven    RO         6027    .text               c_t.l(strlcpy.o)
    0x2a0003b0   0x00000090   Code   RO         6027    .text               c_t.l(strlcpy.o)
    0x2a000440   0x00000008   Ven    RO         6029    .text               c_t.l(memcmp.o)
    0x2a000448   0x00000076   Code   RO         6029    .text               c_t.l(memcmp.o)
    0x2a0004be   0x00000002   PAD
    0x2a0004c0   0x00000008   Ven    RO         6031    .text               c_t.l(strlen.o)
    0x2a0004c8   0x00000044   Code   RO         6031    .text               c_t.l(strlen.o)
    0x2a00050c   0x000000d4   Code   RO         6035    .text               c_t.l(rt_memcpy.o)
    0x2a0005e0   0x00000040   Code   RO         6037    .text               c_t.l(rt_memclr.o)
    0x2a000620   0x00000054   Code   RO         6039    .text               c_t.l(rt_memclr_w.o)
    0x2a000674   0x000000a0   Code   RO         6041    .text               c_t.l(strcmp.o)
    0x2a000714   0x00000020   Code   RO         6043    .text               c_t.l(uread4.o)
    0x2a000734   0x00000020   Code   RO         6045    .text               c_t.l(uwrite4.o)
    0x2a000754   0x00000004   Ven    RO         6047    .text               c_t.l(aeabi_sdiv.o)
    0x2a000758   0x00000180   Code   RO         6047    .text               c_t.l(aeabi_sdiv.o)
    0x2a0008d8   0x00000004   Code   RO         6067    .text               c_t.l(aeabi_idiv0_sigfpe.o)
    0x2a0008dc   0x000000b6   Code   RO         6069    .text               c_t.l(_printf_intcommon.o)
    0x2a000992   0x00000002   PAD
    0x2a000994   0x00000030   Code   RO         6071    .text               c_t.l(_printf_char_common.o)
    0x2a0009c4   0x0000000a   Code   RO         6073    .text               c_t.l(_sputc.o)
    0x2a0009ce   0x00000010   Code   RO         6075    .text               c_t.l(_snputc.o)
    0x2a0009de   0x00000002   PAD
    0x2a0009e0   0x00000008   Ven    RO         6077    .text               c_t.l(_printf_char.o)
    0x2a0009e8   0x00000032   Code   RO         6077    .text               c_t.l(_printf_char.o)
    0x2a000a1a   0x00000002   PAD
    0x2a000a1c   0x00000064   Code   RO         6084    .text               c_t.l(rt_memcpy_w.o)
    0x2a000a80   0x00000004   Ven    RO         6086    .text               c_t.l(rtudiv10.o)
    0x2a000a84   0x0000002c   Code   RO         6086    .text               c_t.l(rtudiv10.o)
    0x2a000ab0   0x00000014   Code   RO         6091    .text               c_t.l(rt_div0.o)
    0x2a000ac4   0x00000008   Ven    RO         6107    .text               c_t.l(defsig_fpe_formal.o)
    0x2a000acc   0x00000010   Code   RO         6107    .text               c_t.l(defsig_fpe_formal.o)
    0x2a000adc   0x00000004   Ven    RO         6048    .text_udiv          c_t.l(aeabi_sdiv.o)
    0x2a000ae0   0x00000024   Code   RO         6048    .text_udiv          c_t.l(aeabi_sdiv.o)
    0x2a000b04   0x000000fc   Code   RO         2955    BOOT_UTIL_ASM       secboot3_sbl_common.lib(boot_util_asm.o)
    0x2a000c00   0x0000000c   Ven    RO         6146    Veneer$$Code        anon$$obj.o
    0x2a000c0c   0x0000008c   Code   RO         5602    hal_sdcc_main       HALsdcc.lib(HALsdcc_util.o)
    0x2a000c98   0x0000003c   Code   RO          850    i.BootTempCheck     tsens.lib(BootTempCheck.o)
    0x2a000cd4   0x000000d8   Code   RO          615    i.Clock_EnableAFABClockHalt  Clock_apq8064_SBL1.lib(ClockSBL1.o)
    0x2a000dac   0x000000ac   Code   RO          616    i.Clock_EnableDFABClockHalt  Clock_apq8064_SBL1.lib(ClockSBL1.o)
    0x2a000e58   0x00000344   Code   RO          617    i.Clock_EnableDynClkGating  Clock_apq8064_SBL1.lib(ClockSBL1.o)
    0x2a00119c   0x000000d8   Code   RO          618    i.Clock_EnablePLL8  Clock_apq8064_SBL1.lib(ClockSBL1.o)
    0x2a001274   0x000001f8   Code   RO          619    i.Clock_EnableSFABClockHalt  Clock_apq8064_SBL1.lib(ClockSBL1.o)
    0x2a00146c   0x00000488   Code   RO          620    i.Clock_Init        Clock_apq8064_SBL1.lib(ClockSBL1.o)
    0x2a0018f4   0x00000134   Code   RO          621    i.Clock_SetSpeedCXO  Clock_apq8064_SBL1.lib(ClockSBL1.o)
    0x2a001a28   0x00000148   Code   RO          622    i.Clock_SetSpeedPLL8  Clock_apq8064_SBL1.lib(ClockSBL1.o)
    0x2a001b70   0x00000004   Code   RO         2310    i.DALSYS_BusyWait   DALFwk_reduced.lib(DALModEnv.o)
    0x2a001b74   0x000000a0   Code   RO         2256    i.HAL_sbi_Init      HALsbiboot.lib(HALsbi.o)
    0x2a001c14   0x0000003c   Code   RO         2257    i.HAL_sbi_InitHardware  HALsbiboot.lib(HALsbi.o)
    0x2a001c50   0x00000024   Code   RO         4805    i.HAL_sbi_PmicArbiterCmdGetAddressWidth  HALsbiboot.lib(HALsbiPmicArbiterCmd.o)
    0x2a001c74   0x00000028   Code   RO         4806    i.HAL_sbi_PmicArbiterCmdGetTransferMode  HALsbiboot.lib(HALsbiPmicArbiterCmd.o)
    0x2a001c9c   0x000000ac   Code   RO         4807    i.HAL_sbi_PmicArbiterCmdIdleCheck  HALsbiboot.lib(HALsbiPmicArbiterCmd.o)
    0x2a001d48   0x00000064   Code   RO         4810    i.HAL_sbi_PmicArbiterCmdReadBytes  HALsbiboot.lib(HALsbiPmicArbiterCmd.o)
    0x2a001dac   0x0000006c   Code   RO         4811    i.HAL_sbi_PmicArbiterCmdReadBytesExtAddr  HALsbiboot.lib(HALsbiPmicArbiterCmd.o)
    0x2a001e18   0x00000064   Code   RO         4814    i.HAL_sbi_PmicArbiterCmdWriteBytes  HALsbiboot.lib(HALsbiPmicArbiterCmd.o)
    0x2a001e7c   0x00000070   Code   RO         4815    i.HAL_sbi_PmicArbiterCmdWriteBytesExtAddr  HALsbiboot.lib(HALsbiPmicArbiterCmd.o)
    0x2a001eec   0x0000003c   Code   RO         3741    i.HAL_sbi_PmicArbiterDisableUpperBanksAccess  HALsbiboot.lib(HALsbiPmicArbiter.o)
    0x2a001f28   0x00000210   Code   RO         3742    i.HAL_sbi_PmicArbiterEnableHwRequest  HALsbiboot.lib(HALsbiPmicArbiter.o)
    0x2a002138   0x0000003c   Code   RO         3743    i.HAL_sbi_PmicArbiterEnableUpperBanksAccess  HALsbiboot.lib(HALsbiPmicArbiter.o)
    0x2a002174   0x00000068   Code   RO         3744    i.HAL_sbi_PmicArbiterGetHwRequestSlaveAddr  HALsbiboot.lib(HALsbiPmicArbiter.o)
    0x2a0021dc   0x00000044   Code   RO         3745    i.HAL_sbi_PmicArbiterGetIllegalAccess  HALsbiboot.lib(HALsbiPmicArbiter.o)
    0x2a002220   0x00000014   Code   RO         3746    i.HAL_sbi_PmicArbiterInit  HALsbiboot.lib(HALsbiPmicArbiter.o)
    0x2a002234   0x00000060   Code   RO         3747    i.HAL_sbi_PmicArbiterInitHardware  HALsbiboot.lib(HALsbiPmicArbiter.o)
    0x2a002294   0x00000004   Code   RO         3748    i.HAL_sbi_PmicArbiterRestore  HALsbiboot.lib(HALsbiPmicArbiter.o)
    0x2a002298   0x00000004   Code   RO         3749    i.HAL_sbi_PmicArbiterSave  HALsbiboot.lib(HALsbiPmicArbiter.o)
    0x2a00229c   0x0000004c   Code   RO         3750    i.HAL_sbi_PmicArbiterSetAddressWidth  HALsbiboot.lib(HALsbiPmicArbiter.o)
    0x2a0022e8   0x00000040   Code   RO         3751    i.HAL_sbi_PmicArbiterSetConcurrentMasterVMID  HALsbiboot.lib(HALsbiPmicArbiter.o)
    0x2a002328   0x000000c8   Code   RO         3752    i.HAL_sbi_PmicArbiterSetFclkMode  HALsbiboot.lib(HALsbiPmicArbiter.o)
    0x2a0023f0   0x0000006c   Code   RO         3753    i.HAL_sbi_PmicArbiterSetHwRequestSlaveAddr  HALsbiboot.lib(HALsbiPmicArbiter.o)
    0x2a00245c   0x0000013c   Code   RO         3754    i.HAL_sbi_PmicArbiterSetPortPriority  HALsbiboot.lib(HALsbiPmicArbiter.o)
    0x2a002598   0x00000074   Code   RO         3755    i.HAL_sbi_PmicArbiterSetSamplingDelay  HALsbiboot.lib(HALsbiPmicArbiter.o)
    0x2a00260c   0x00000074   Code   RO         3756    i.HAL_sbi_PmicArbiterSetTransferMode  HALsbiboot.lib(HALsbiPmicArbiter.o)
    0x2a002680   0x00000060   Code   RO         2258    i.HAL_sbi_ReadBytes  HALsbiboot.lib(HALsbi.o)
    0x2a0026e0   0x00000060   Code   RO         2259    i.HAL_sbi_ReadBytesExtAddr  HALsbiboot.lib(HALsbi.o)
    0x2a002740   0x0000003c   Code   RO         2264    i.HAL_sbi_SetAddressWidth  HALsbiboot.lib(HALsbi.o)
    0x2a00277c   0x0000003c   Code   RO         2267    i.HAL_sbi_SetFclkMode  HALsbiboot.lib(HALsbi.o)
    0x2a0027b8   0x0000003c   Code   RO         2270    i.HAL_sbi_SetSamplingDelay  HALsbiboot.lib(HALsbi.o)
    0x2a0027f4   0x0000003c   Code   RO         2272    i.HAL_sbi_SetTransferMode  HALsbiboot.lib(HALsbi.o)
    0x2a002830   0x00000004   Code   RO         3254    i.HAL_sbi_TargetInit  HALsbiboot.lib(HALsbiTarget.o)
    0x2a002834   0x00000060   Code   RO         2274    i.HAL_sbi_WriteBytes  HALsbiboot.lib(HALsbi.o)
    0x2a002894   0x00000060   Code   RO         2275    i.HAL_sbi_WriteBytesExtAddr  HALsbiboot.lib(HALsbi.o)
    0x2a0028f4   0x0000004c   Code   RO         5454    i.HAL_sdcc_DataControl  HALsdcc.lib(HALsdcc_sdcc4.o)
    0x2a002940   0x00000050   Code   RO         5457    i.HAL_sdcc_FifoBlockRead  HALsdcc.lib(HALsdcc_sdcc4.o)
    0x2a002990   0x00000070   Code   RO         5458    i.HAL_sdcc_FifoBlockWrite  HALsdcc.lib(HALsdcc_sdcc4.o)
    0x2a002a00   0x00000008   Code   RO         4768    i.HAL_sdcc_GetNumBitsDataLength  HALsdcc.lib(HALsdcc.o)
    0x2a002a08   0x0000005c   Code   RO         4769    i.HAL_sdcc_InitializeRegisters  HALsdcc.lib(HALsdcc.o)
    0x2a002a64   0x00000024   Code   RO         4335    i.HAL_sdcc_PowerSave  mini_sdcc.lib(sdcc_pal_tool.o)
    0x2a002a88   0x00000048   Code   RO         4770    i.HAL_sdcc_SetBusWidth  HALsdcc.lib(HALsdcc.o)
    0x2a002ad0   0x00000068   Code   RO         5463    i.HAL_sdcc_SetSdCmd  HALsdcc.lib(HALsdcc_sdcc4.o)
    0x2a002b38   0x0000001c   Code   RO         4345    i.HAL_sdcc_StatusClearStaticFlags  mini_sdcc.lib(sdcc_pal_tool.o)
    0x2a002b54   0x00000014   Code   RO         4340    i.HAL_sdcc_StatusNow  mini_sdcc.lib(sdcc_pal_tool.o)
    0x2a002b68   0x00000008   Code   RO         4771    i.HAL_sdcc_Supports8BitBus  HALsdcc.lib(HALsdcc.o)
    0x2a002b70   0x00000040   Code   RO         2041    i.HAL_tsens_DisableInterrupt  tsens.lib(HALtsens8064.o)
    0x2a002bb0   0x00000024   Code   RO         2044    i.HAL_tsens_EnableSensor  tsens.lib(HALtsens8064.o)
    0x2a002bd4   0x000000cc   Code   RO         2048    i.HAL_tsens_GetSensorPrevTemp  tsens.lib(HALtsens8064.o)
    0x2a002ca0   0x00000008   Code   RO         2051    i.HAL_tsens_HighestMaxLimit  tsens.lib(HALtsens8064.o)
    0x2a002ca8   0x00000008   Code   RO         2053    i.HAL_tsens_HighestUpperLimit  tsens.lib(HALtsens8064.o)
    0x2a002cb0   0x0000001c   Code   RO         2054    i.HAL_tsens_Init    tsens.lib(HALtsens8064.o)
    0x2a002ccc   0x0000001c   Code   RO         2056    i.HAL_tsens_Restart  tsens.lib(HALtsens8064.o)
    0x2a002ce8   0x00000028   Code   RO         2057    i.HAL_tsens_SelectADCClkSrc  tsens.lib(HALtsens8064.o)
    0x2a002d10   0x00000028   Code   RO         2059    i.HAL_tsens_SetClkState  tsens.lib(HALtsens8064.o)
    0x2a002d38   0x0000001c   Code   RO         2060    i.HAL_tsens_SetMeasurePeriod  tsens.lib(HALtsens8064.o)
    0x2a002d54   0x00000024   Code   RO         2061    i.HAL_tsens_SetState  tsens.lib(HALtsens8064.o)
    0x2a002d78   0x00000050   Code   RO         2062    i.HAL_tsens_SetThreshold  tsens.lib(HALtsens8064.o)
    0x2a002dc8   0x00000018   Code   RO         2063    i.HAL_tsens_TempMeasurementIsComplete  tsens.lib(HALtsens8064.o)
    0x2a002de0   0x00000060   Code   RO          868    i.Tsens_GetTemp     tsens.lib(TsensBoot.o)
    0x2a002e40   0x000000a0   Code   RO          869    i.Tsens_Init        tsens.lib(TsensBoot.o)
    0x2a002ee0   0x00000058   Code   RO         2204    i.Tsensi_CalibrationInit  tsens.lib(Tsensi_Conversion_8064.o)
    0x2a002f38   0x0000004c   Code   RO         2206    i.Tsensi_ConvertToDegC  tsens.lib(Tsensi_Conversion_8064.o)
    0x2a002f84   0x00000074   Code   RO         2208    i.Tsensi_X1         tsens.lib(Tsensi_Conversion_8064.o)
    0x2a002ff8   0x00000002   Code   RO         5994    i.__ARM_common_call_via_r1  c_t.l(__printf.o)
    0x2a002ffa   0x00000002   Code   RO         5992    i.__ARM_common_call_via_r2  c_t.l(__printf.o)
    0x2a002ffc   0x00000004   Ven    RO         3251    i.__ARM_common_switch8  pmic_rpm_boot_protected.lib(pm_boot_chg.o)
    0x2a003000   0x00000018   Code   RO         3251    i.__ARM_common_switch8  pmic_rpm_boot_protected.lib(pm_boot_chg.o)
    0x2a003018   0x00000004   Ven    RO         1147    i.__rt_raise        secboot3_sbl_common.lib(boot_error_handler.o)
    0x2a00301c   0x00000030   Code   RO         1147    i.__rt_raise        secboot3_sbl_common.lib(boot_error_handler.o)
    0x2a00304c   0x0000001c   Code   RO         1113    i.bLoad8            secboot3_sbl_common.lib(boot_util.o)
    0x2a003068   0x00000024   Code   RO         1114    i.bStor8            secboot3_sbl_common.lib(boot_util.o)
    0x2a00308c   0x00000030   Code   RO         4828    i.blockdev_close    hotplug.lib(fs_blockdev.o)
    0x2a0030bc   0x00000004   Code   RO         5605    i.blockdev_devnull_cleanup  hotplug.lib(fs_blockdev_devnull_driver.o)
    0x2a0030c0   0x00000008   Code   RO         5769    i.blockdev_devnull_erase  hotplug.lib(fs_blockdev_devnull.o)
    0x2a0030c8   0x00000008   Code   RO         5770    i.blockdev_devnull_fail_stub  hotplug.lib(fs_blockdev_devnull.o)
    0x2a0030d0   0x00000008   Code   RO         5771    i.blockdev_devnull_get_device_info  hotplug.lib(fs_blockdev_devnull.o)
    0x2a0030d8   0x00000008   Code   RO         5772    i.blockdev_devnull_get_entire_device_stub  hotplug.lib(fs_blockdev_devnull.o)
    0x2a0030e0   0x0000000c   Code   RO         5773    i.blockdev_devnull_get_ops  hotplug.lib(fs_blockdev_devnull.o)
    0x2a0030ec   0x00000018   Code   RO         5774    i.blockdev_devnull_get_size  hotplug.lib(fs_blockdev_devnull.o)
    0x2a003104   0x00000008   Code   RO         5775    i.blockdev_devnull_get_sps_end_point  hotplug.lib(fs_blockdev_devnull.o)
    0x2a00310c   0x00000078   Code   RO         5606    i.blockdev_devnull_init  hotplug.lib(fs_blockdev_devnull_driver.o)
    0x2a003184   0x00000008   Code   RO         5776    i.blockdev_devnull_is_embedded_device  hotplug.lib(fs_blockdev_devnull.o)
    0x2a00318c   0x00000008   Code   RO         5777    i.blockdev_devnull_is_present  hotplug.lib(fs_blockdev_devnull.o)
    0x2a003194   0x00000018   Code   RO         5778    i.blockdev_devnull_open_stub  hotplug.lib(fs_blockdev_devnull.o)
    0x2a0031ac   0x00000008   Code   RO         5779    i.blockdev_devnull_read  hotplug.lib(fs_blockdev_devnull.o)
    0x2a0031b4   0x00000008   Code   RO         5780    i.blockdev_devnull_reliable_write  hotplug.lib(fs_blockdev_devnull.o)
    0x2a0031bc   0x00000008   Code   RO         5781    i.blockdev_devnull_set_power_on_write_protection  hotplug.lib(fs_blockdev_devnull.o)
    0x2a0031c4   0x00000008   Code   RO         5782    i.blockdev_devnull_set_sps_end_point  hotplug.lib(fs_blockdev_devnull.o)
    0x2a0031cc   0x00000008   Code   RO         5783    i.blockdev_devnull_success_stub  hotplug.lib(fs_blockdev_devnull.o)
    0x2a0031d4   0x00000008   Code   RO         5784    i.blockdev_devnull_write  hotplug.lib(fs_blockdev_devnull.o)
    0x2a0031dc   0x00000008   Code   RO         5522    i.blockdev_driver_get_total_devices  hotplug.lib(fs_blockdev_driver.o)
    0x2a0031e4   0x00000060   Code   RO         4832    i.blockdev_find_by_type  hotplug.lib(fs_blockdev.o)
    0x2a003244   0x0000003c   Code   RO         4835    i.blockdev_get_device_size  hotplug.lib(fs_blockdev.o)
    0x2a003280   0x00000030   Code   RO         4836    i.blockdev_get_entire_device_id  hotplug.lib(fs_blockdev.o)
    0x2a0032b0   0x00000028   Code   RO         4837    i.blockdev_get_name  hotplug.lib(fs_blockdev.o)
    0x2a0032d8   0x00000028   Code   RO         4839    i.blockdev_get_type  hotplug.lib(fs_blockdev.o)
    0x2a003300   0x00000058   Code   RO         4841    i.blockdev_init     hotplug.lib(fs_blockdev.o)
    0x2a003358   0x00000030   Code   RO         4842    i.blockdev_is_embedded_device  hotplug.lib(fs_blockdev.o)
    0x2a003388   0x00000030   Code   RO         4843    i.blockdev_is_present  hotplug.lib(fs_blockdev.o)
    0x2a0033b8   0x00000030   Code   RO         4844    i.blockdev_open     hotplug.lib(fs_blockdev.o)
    0x2a0033e8   0x00000070   Code   RO         4845    i.blockdev_read     hotplug.lib(fs_blockdev.o)
    0x2a003458   0x00000030   Code   RO         4847    i.blockdev_reset    hotplug.lib(fs_blockdev.o)
    0x2a003488   0x0000004c   Code   RO         5860    i.blockdev_sd_close  hotplug.lib(fs_blockdev_sd.o)
    0x2a0034d4   0x00000004   Code   RO         5861    i.blockdev_sd_device_data_init  hotplug.lib(fs_blockdev_sd.o)
    0x2a0034d8   0x00000004   Code   RO         5629    i.blockdev_sd_driver_cleanup  hotplug.lib(fs_blockdev_sd_driver.o)
    0x2a0034dc   0x00000088   Code   RO         5630    i.blockdev_sd_driver_init  hotplug.lib(fs_blockdev_sd_driver.o)
    0x2a003564   0x00000008   Code   RO         5862    i.blockdev_sd_erase_fail  hotplug.lib(fs_blockdev_sd.o)
    0x2a00356c   0x00000024   Code   RO         5863    i.blockdev_sd_get_device_data  hotplug.lib(fs_blockdev_sd.o)
    0x2a003590   0x000000dc   Code   RO         5864    i.blockdev_sd_get_device_info  hotplug.lib(fs_blockdev_sd.o)
    0x2a00366c   0x000000c8   Code   RO         5865    i.blockdev_sd_get_device_size  hotplug.lib(fs_blockdev_sd.o)
    0x2a003734   0x00000008   Code   RO         5867    i.blockdev_sd_get_entire_device_id  hotplug.lib(fs_blockdev_sd.o)
    0x2a00373c   0x0000000c   Code   RO         5868    i.blockdev_sd_get_ops  hotplug.lib(fs_blockdev_sd.o)
    0x2a003748   0x00000008   Code   RO         5869    i.blockdev_sd_get_sps_end_point  hotplug.lib(fs_blockdev_sd.o)
    0x2a003750   0x00000068   Code   RO         5870    i.blockdev_sd_is_embedded_device  hotplug.lib(fs_blockdev_sd.o)
    0x2a0037b8   0x00000060   Code   RO         5871    i.blockdev_sd_is_present  hotplug.lib(fs_blockdev_sd.o)
    0x2a003818   0x000000ac   Code   RO         5872    i.blockdev_sd_open  hotplug.lib(fs_blockdev_sd.o)
    0x2a0038c4   0x00000078   Code   RO         5873    i.blockdev_sd_read  hotplug.lib(fs_blockdev_sd.o)
    0x2a00393c   0x00000008   Code   RO         5874    i.blockdev_sd_reliable_write  hotplug.lib(fs_blockdev_sd.o)
    0x2a003944   0x0000009c   Code   RO         5875    i.blockdev_sd_reset  hotplug.lib(fs_blockdev_sd.o)
    0x2a0039e0   0x00000058   Code   RO         5876    i.blockdev_sd_set_device_idle  hotplug.lib(fs_blockdev_sd.o)
    0x2a003a38   0x0000005c   Code   RO         5877    i.blockdev_sd_set_power_on_write_protection  hotplug.lib(fs_blockdev_sd.o)
    0x2a003a94   0x00000008   Code   RO         5878    i.blockdev_sd_set_sps_end_point  hotplug.lib(fs_blockdev_sd.o)
    0x2a003a9c   0x00000008   Code   RO         5879    i.blockdev_sd_success_stub  hotplug.lib(fs_blockdev_sd.o)
    0x2a003aa4   0x00000078   Code   RO         5880    i.blockdev_sd_write  hotplug.lib(fs_blockdev_sd.o)
    0x2a003b1c   0x00000004   Code   RO         2833    i.boot_auth_image   secboot3_sbl_common.lib(boot_pbl_authenticator.o)
    0x2a003b20   0x00000084   Code   RO         1373    i.boot_auth_init_qd_certs  secboot3_sbl_common.lib(boot_auth_qd_cert.o)
    0x2a003ba4   0x0000004c   Code   RO         2834    i.boot_auth_load_header  secboot3_sbl_common.lib(boot_pbl_authenticator.o)
    0x2a003bf0   0x00000070   Code   RO         1030    i.boot_clobber_add_global_protection_region  secboot3_sbl_common.lib(boot_clobber_prot.o)
    0x2a003c60   0x00000070   Code   RO         3325    i.boot_clobber_add_local_hole  secboot3_sbl_common.lib(boot_clobber_prot_local.o)
    0x2a003cd0   0x000000c8   Code   RO         1031    i.boot_clobber_check_global_address_range  secboot3_sbl_common.lib(boot_clobber_prot.o)
    0x2a003d98   0x000000bc   Code   RO         1032    i.boot_clobber_check_global_whitelist_range  secboot3_sbl_common.lib(boot_clobber_prot.o)
    0x2a003e54   0x000000e0   Code   RO         3326    i.boot_clobber_check_local_address_range  secboot3_sbl_common.lib(boot_clobber_prot_local.o)
    0x2a003f34   0x00000010   Code   RO         1035    i.boot_clobber_import_whitelist_table  secboot3_sbl_common.lib(boot_clobber_prot.o)
    0x2a003f44   0x00000010   Code   RO         3327    i.boot_clobber_local_init  secboot3_sbl_common.lib(boot_clobber_prot_local.o)
    0x2a003f54   0x0000006c   Code   RO         1336    i.boot_config_process_bl  secboot3_sbl_common.lib(boot_config.o)
    0x2a003fc0   0x00000388   Code   RO         1337    i.boot_config_process_entry  secboot3_sbl_common.lib(boot_config.o)
    0x2a004348   0x0000001c   Code   RO         1148    i.boot_data_abort_c_handler  secboot3_sbl_common.lib(boot_error_handler.o)
    0x2a004364   0x0000006c   Code   RO         2707    i.boot_do_procedures  secboot3_sbl_common.lib(boot_mc.o)
    0x2a0043d0   0x0000002c   Code   RO         1149    i.boot_err_fatal    secboot3_sbl_common.lib(boot_error_handler.o)
    0x2a0043fc   0x000000e8   Code   RO         1150    i.boot_error_handler  secboot3_sbl_common.lib(boot_error_handler.o)
    0x2a0044e4   0x00000030   Code   RO         1151    i.boot_fiq_c_handler  secboot3_sbl_common.lib(boot_error_handler.o)
    0x2a004514   0x00000020   Code   RO         2702    i.boot_flash_dev_close_file  secboot3_sbl_common.lib(boot_loader.o)
    0x2a004534   0x00000020   Code   RO         2697    i.boot_flash_dev_close_image  secboot3_sbl_common.lib(boot_loader.o)
    0x2a004554   0x00000008   Code   RO         3538    i.boot_flash_dev_default_stub  secboot3_sbl_common.lib(boot_flash_dev_sdcc.o)
    0x2a00455c   0x0000004c   Code   RO         2779    i.boot_flash_dev_if_get_singleton  secboot3_sbl_common.lib(boot_flash_dev_if.o)
    0x2a0045a8   0x00000054   Code   RO         2780    i.boot_flash_dev_if_lock_singleton  secboot3_sbl_common.lib(boot_flash_dev_if.o)
    0x2a0045fc   0x00000058   Code   RO         2781    i.boot_flash_dev_if_register_singleton  secboot3_sbl_common.lib(boot_flash_dev_if.o)
    0x2a004654   0x00000020   Code   RO         2692    i.boot_flash_dev_open_image  secboot3_sbl_common.lib(boot_loader.o)
    0x2a004674   0x0000004c   Code   RO         3774    i.boot_flash_dev_sdcc_if_get_singleton  secboot3_sbl_common.lib(boot_flash_dev_sdcc_if.o)
    0x2a0046c0   0x00000058   Code   RO         3776    i.boot_flash_dev_sdcc_if_register_singleton  secboot3_sbl_common.lib(boot_flash_dev_sdcc_if.o)
    0x2a004718   0x00000090   Code   RO         3422    i.boot_flash_dev_sdcc_init_and_register  secboot3_sbl_common.lib(boot_flash_dev_sdcc.o)
    0x2a0047a8   0x00000058   Code   RO         1082    i.boot_flash_init   secboot3_sbl_common.lib(boot_flash.o)
    0x2a004800   0x00000078   Code   RO         2732    i.boot_flash_target_init  secboot3_sbl_common.lib(boot_flash_target.o)
    0x2a004878   0x0000000c   Code   RO         2687    i.boot_flash_trans_read  secboot3_sbl_common.lib(boot_loader.o)
    0x2a004884   0x00000108   Code   RO         3350    i.boot_flash_trans_sdcc_factory_close  secboot3_sbl_common.lib(boot_flash_trans_sdcc.o)
    0x2a00498c   0x00000058   Code   RO         3351    i.boot_flash_trans_sdcc_factory_init  secboot3_sbl_common.lib(boot_flash_trans_sdcc.o)
    0x2a0049e4   0x000000d0   Code   RO         3352    i.boot_flash_trans_sdcc_factory_open  secboot3_sbl_common.lib(boot_flash_trans_sdcc.o)
    0x2a004ab4   0x00000008   Code   RO         3353    i.boot_flash_trans_sdcc_get_logical_addr  secboot3_sbl_common.lib(boot_flash_trans_sdcc.o)
    0x2a004abc   0x0000009c   Code   RO         3354    i.boot_flash_trans_sdcc_read  secboot3_sbl_common.lib(boot_flash_trans_sdcc.o)
    0x2a004b58   0x00000008   Code   RO         3355    i.boot_flash_trans_sdcc_read_WM7  secboot3_sbl_common.lib(boot_flash_trans_sdcc.o)
    0x2a004b60   0x000000a0   Code   RO         3356    i.boot_flash_trans_sdcc_seg_read  secboot3_sbl_common.lib(boot_flash_trans_sdcc.o)
    0x2a004c00   0x00000014   Code   RO         3357    i.boot_flash_trans_sdcc_set_copy_callback  secboot3_sbl_common.lib(boot_flash_trans_sdcc.o)
    0x2a004c14   0x00000034   Code   RO         2896    i.boot_get_delta_time  secboot3_sbl_common.lib(boot_logger_timer.o)
    0x2a004c48   0x00000044   Code   RO         2897    i.boot_get_time     secboot3_sbl_common.lib(boot_logger_timer.o)
    0x2a004c8c   0x00000018   Code   RO         2898    i.boot_get_time_count  secboot3_sbl_common.lib(boot_logger_timer.o)
    0x2a004ca4   0x00000004   Code   RO         2814    i.boot_hw_reset     secboot3_sbl_common.lib(boot_arm7.o)
    0x2a004ca8   0x0000003c   Code   RO         2899    i.boot_init_timer   secboot3_sbl_common.lib(boot_logger_timer.o)
    0x2a004ce4   0x00000060   Code   RO         1152    i.boot_install_error_callback  secboot3_sbl_common.lib(boot_error_handler.o)
    0x2a004d44   0x00000030   Code   RO         1153    i.boot_irq_c_handler  secboot3_sbl_common.lib(boot_error_handler.o)
    0x2a004d74   0x00000078   Code   RO         2815    i.boot_jtag_term_putc  secboot3_sbl_common.lib(boot_arm7.o)
    0x2a004dec   0x000001d8   Code   RO         2621    i.boot_load_header_and_image  secboot3_sbl_common.lib(boot_loader.o)
    0x2a004fc4   0x0000002c   Code   RO         1248    i.boot_log_delta_time  secboot3_sbl_common.lib(boot_logger.o)
    0x2a004ff0   0x00000008   Code   RO         1249    i.boot_log_dump     secboot3_sbl_common.lib(boot_logger.o)
    0x2a004ff8   0x00000010   Code   RO         1251    i.boot_log_get_meta_info  secboot3_sbl_common.lib(boot_logger.o)
    0x2a005008   0x00000004   Code   RO         1252    i.boot_log_get_time  secboot3_sbl_common.lib(boot_logger.o)
    0x2a00500c   0x0000002c   Code   RO         1253    i.boot_log_init     secboot3_sbl_common.lib(boot_logger.o)
    0x2a005038   0x0000009c   Code   RO         2865    i.boot_log_init_ram  secboot3_sbl_common.lib(boot_logger_ram.o)
    0x2a0050d4   0x00000040   Code   RO         2937    i.boot_log_jtag_dump_buffer  secboot3_sbl_common.lib(boot_logger_jtag.o)
    0x2a005114   0x00000020   Code   RO         1254    i.boot_log_message  secboot3_sbl_common.lib(boot_logger.o)
    0x2a005134   0x00000130   Code   RO         2866    i.boot_log_message_ram  secboot3_sbl_common.lib(boot_logger_ram.o)
    0x2a005264   0x00000038   Code   RO         2867    i.boot_log_ram_put_string  secboot3_sbl_common.lib(boot_logger_ram.o)
    0x2a00529c   0x00000010   Code   RO         1255    i.boot_log_set_meta_info  secboot3_sbl_common.lib(boot_logger.o)
    0x2a0052ac   0x0000002c   Code   RO         1256    i.boot_log_set_ref_time  secboot3_sbl_common.lib(boot_logger.o)
    0x2a0052d8   0x00000004   Code   RO         1257    i.boot_log_start_timer  secboot3_sbl_common.lib(boot_logger.o)
    0x2a0052dc   0x0000002c   Code   RO         1258    i.boot_log_stop_timer  secboot3_sbl_common.lib(boot_logger.o)
    0x2a005308   0x00000004   Code   RO         1154    i.boot_nested_exception_c_handler  secboot3_sbl_common.lib(boot_error_handler.o)
    0x2a00530c   0x000001b4   Code   RO         2835    i.boot_pbl_auth_image  secboot3_sbl_common.lib(boot_pbl_authenticator.o)
    0x2a0054c0   0x00000050   Code   RO          943    i.boot_pbl_enter_downloader  secboot3_sbl_common.lib(boot_pbl_v1.o)
    0x2a005510   0x00000050   Code   RO          946    i.boot_pbl_get_flash_shared_data  secboot3_sbl_common.lib(boot_pbl_v1.o)
    0x2a005560   0x00000054   Code   RO          947    i.boot_pbl_get_flash_type  secboot3_sbl_common.lib(boot_pbl_v1.o)
    0x2a0055b4   0x0000002c   Code   RO          953    i.boot_pbl_interface_init  secboot3_sbl_common.lib(boot_pbl_v1.o)
    0x2a0055e0   0x00000010   Code   RO          954    i.boot_pbl_is_auth_enabled  secboot3_sbl_common.lib(boot_pbl_v1.o)
    0x2a0055f0   0x00000018   Code   RO         1155    i.boot_prefetch_abort_c_handler  secboot3_sbl_common.lib(boot_error_handler.o)
    0x2a005608   0x00000038   Code   RO          913    i.boot_ram_init     secboot3_sbl_common.lib(boot_ram_init.o)
    0x2a005640   0x0000002c   Code   RO         1156    i.boot_reserved_c_handler  secboot3_sbl_common.lib(boot_error_handler.o)
    0x2a00566c   0x0000001c   Code   RO          914    i.boot_scatterload_region  secboot3_sbl_common.lib(boot_ram_init.o)
    0x2a005688   0x0000016c   Code   RO         3423    i.boot_set_sdcc_boot_device_info  secboot3_sbl_common.lib(boot_flash_dev_sdcc.o)
    0x2a0057f4   0x00000028   Code   RO         2900    i.boot_start_timer  secboot3_sbl_common.lib(boot_logger_timer.o)
    0x2a00581c   0x00000070   Code   RO         2901    i.boot_stop_timer   secboot3_sbl_common.lib(boot_logger_timer.o)
    0x2a00588c   0x0000001c   Code   RO         1115    i.boot_strlen       secboot3_sbl_common.lib(boot_util.o)
    0x2a0058a8   0x00000030   Code   RO         1157    i.boot_swi_c_handler  secboot3_sbl_common.lib(boot_error_handler.o)
    0x2a0058d8   0x0000002c   Code   RO         1158    i.boot_undefined_instruction_c_handler  secboot3_sbl_common.lib(boot_error_handler.o)
    0x2a005904   0x00000068   Code   RO          683    i.busywait          busywait_hw_rpm_tmr0.lib(busywait_hw_rpm_tmr0.o)
    0x2a00596c   0x00000028   Code   RO         1442    i.busywait_config_cpu_freq  busywait_hw_rpm_tmr0.lib(busywait.o)
    0x2a005994   0x00000128   Code   RO         5653    i.check_mbr_signature  hotplug.lib(fs_hotplug_parser.o)
    0x2a005abc   0x00000004   Code   RO         1463    i.chg_notify_cb     qhsusb_chg.lib(qhsusb_fd_chg.o)
    0x2a005ac0   0x00000004   Code   RO          623    i.clk_regime_rpm_init_boot_rpmsbl  Clock_apq8064_SBL1.lib(ClockSBL1.o)
    0x2a005ac4   0x00000058   Code   RO          624    i.clk_regime_rpmsbl_hw_set_speed_cxo  Clock_apq8064_SBL1.lib(ClockSBL1.o)
    0x2a005b1c   0x0000003c   Code   RO         1525    i.dcd_callback_reset  qhsusb_chg.lib(qhsusb_dcd_ch9.o)
    0x2a005b58   0x0000009c   Code   RO         1526    i.dcd_callback_setup  qhsusb_chg.lib(qhsusb_dcd_ch9.o)
    0x2a005bf4   0x00000010   Code   RO         1527    i.dcd_control_reply  qhsusb_chg.lib(qhsusb_dcd_ch9.o)
    0x2a005c04   0x00000010   Code   RO         1528    i.dcd_notify        qhsusb_chg.lib(qhsusb_dcd_ch9.o)
    0x2a005c14   0x00000084   Code   RO         1529    i.dcd_set_interface  qhsusb_chg.lib(qhsusb_dcd_ch9.o)
    0x2a005c98   0x0000000c   Code   RO         1530    i.dcd_set_max_current  qhsusb_chg.lib(qhsusb_dcd_ch9.o)
    0x2a005ca4   0x00000004   Code   RO         1850    i.dci_dcache_flush  qhsusb_chg.lib(qhsusb_dci_8064.o)
    0x2a005ca8   0x00000004   Code   RO         1851    i.dci_dcache_inval  qhsusb_chg.lib(qhsusb_dci_8064.o)
    0x2a005cac   0x000003a4   Code   RO         1852    i.dci_detect_charger_type  qhsusb_chg.lib(qhsusb_dci_8064.o)
    0x2a006050   0x00000048   Code   RO         1853    i.dci_disable_primary_charger_detection  qhsusb_chg.lib(qhsusb_dci_8064.o)
    0x2a006098   0x0000001c   Code   RO         1854    i.dci_enable_id_gnd_circuit  qhsusb_chg.lib(qhsusb_dci_8064.o)
    0x2a0060b4   0x0000005c   Code   RO         1855    i.dci_enable_primary_charger_detection  qhsusb_chg.lib(qhsusb_dci_8064.o)
    0x2a006110   0x00000028   Code   RO         1638    i.dci_handle_port_status_changed  qhsusb_chg.lib(qhsusb_dci.o)
    0x2a006138   0x000000b4   Code   RO         1639    i.dci_handle_setup  qhsusb_chg.lib(qhsusb_dci.o)
    0x2a0061ec   0x00000118   Code   RO         1640    i.dci_handle_transfer_complete  qhsusb_chg.lib(qhsusb_dci.o)
    0x2a006304   0x000000b4   Code   RO         1641    i.dci_init_dqh_list  qhsusb_chg.lib(qhsusb_dci.o)
    0x2a0063b8   0x0000007c   Code   RO         1857    i.dci_init_phy      qhsusb_chg.lib(qhsusb_dci_8064.o)
    0x2a006434   0x00000018   Code   RO         1858    i.dci_read_chgdet_output  qhsusb_chg.lib(qhsusb_dci_8064.o)
    0x2a00644c   0x0000001c   Code   RO         1859    i.dci_read_id_pin_output  qhsusb_chg.lib(qhsusb_dci_8064.o)
    0x2a006468   0x00000038   Code   RO         1860    i.dci_reset_alternate_interrupt_block  qhsusb_chg.lib(qhsusb_dci_8064.o)
    0x2a0064a0   0x00000038   Code   RO         1861    i.dci_reset_charger_detection_block  qhsusb_chg.lib(qhsusb_dci_8064.o)
    0x2a0064d8   0x00000028   Code   RO         1862    i.dci_set_phy_mode  qhsusb_chg.lib(qhsusb_dci_8064.o)
    0x2a006500   0x0000003c   Code   RO         1642    i.dci_skip_enumeration  qhsusb_chg.lib(qhsusb_dci.o)
    0x2a00653c   0x00000074   Code   RO         3424    i.dev_sdcc_close_file_by_handle  secboot3_sbl_common.lib(boot_flash_dev_sdcc.o)
    0x2a0065b0   0x0000006c   Code   RO         3425    i.dev_sdcc_close_file_by_image_type  secboot3_sbl_common.lib(boot_flash_dev_sdcc.o)
    0x2a00661c   0x00000018   Code   RO         3426    i.dev_sdcc_close_image  secboot3_sbl_common.lib(boot_flash_dev_sdcc.o)
    0x2a006634   0x00000004   Code   RO         3427    i.dev_sdcc_configure_partition_id  secboot3_sbl_common.lib(boot_flash_dev_sdcc.o)
    0x2a006638   0x00000008   Code   RO         3428    i.dev_sdcc_load_mibib_header  secboot3_sbl_common.lib(boot_flash_dev_sdcc.o)
    0x2a006640   0x00000008   Code   RO         3429    i.dev_sdcc_load_mibib_header_with_cookie  secboot3_sbl_common.lib(boot_flash_dev_sdcc.o)
    0x2a006648   0x00000074   Code   RO         3430    i.dev_sdcc_open_image  secboot3_sbl_common.lib(boot_flash_dev_sdcc.o)
    0x2a0066bc   0x00000008   Code   RO         3431    i.dev_sdcc_open_partition  secboot3_sbl_common.lib(boot_flash_dev_sdcc.o)
    0x2a0066c4   0x00000044   Code   RO         3432    i.dev_sdcc_read     secboot3_sbl_common.lib(boot_flash_dev_sdcc.o)
    0x2a006708   0x000001a8   Code   RO         3809    i.dev_sdcc_read_bytes  secboot3_sbl_common.lib(boot_sdcc_hotplug.o)
    0x2a0068b0   0x00000048   Code   RO         3433    i.dev_sdcc_read_segment  secboot3_sbl_common.lib(boot_flash_dev_sdcc.o)
    0x2a0068f8   0x00000004   Code   RO         3811    i.do_hotplug_init   secboot3_sbl_common.lib(boot_sdcc_hotplug.o)
    0x2a0068fc   0x00000004   Code   RO          820    i.err_Fatal3        err_stubs.lib(err_stubs.o)
    0x2a006900   0x000001e4   Code   RO         3812    i.get_hotplug_dev_handle  secboot3_sbl_common.lib(boot_sdcc_hotplug.o)
    0x2a006ae4   0x00000058   Code   RO         5654    i.gpt_calc_crc32    hotplug.lib(fs_hotplug_parser.o)
    0x2a006b3c   0x00000380   Code   RO         5655    i.gpt_check_header  hotplug.lib(fs_hotplug_parser.o)
    0x2a006ebc   0x0000008c   Code   RO         5656    i.gpt_get_next_partition_entry  hotplug.lib(fs_hotplug_parser.o)
    0x2a006f48   0x00000044   Code   RO         1531    i.handle_ep_halt    qhsusb_chg.lib(qhsusb_dcd_ch9.o)
    0x2a006f8c   0x000000f0   Code   RO         1532    i.handle_get_descriptor  qhsusb_chg.lib(qhsusb_dcd_ch9.o)
    0x2a00707c   0x000000f4   Code   RO         1533    i.handle_setup_dev  qhsusb_chg.lib(qhsusb_dcd_ch9.o)
    0x2a007170   0x000000dc   Code   RO         1534    i.handle_setup_ep   qhsusb_chg.lib(qhsusb_dcd_ch9.o)
    0x2a00724c   0x000000f8   Code   RO         1535    i.handle_setup_ifc  qhsusb_chg.lib(qhsusb_dcd_ch9.o)
    0x2a007344   0x00000044   Code   RO         1464    i.hid_setup         qhsusb_chg.lib(qhsusb_fd_chg.o)
    0x2a007388   0x000000ec   Code   RO         5556    i.hotplug_add_entire_device  hotplug.lib(fs_hotplug_discover.o)
    0x2a007474   0x0000014c   Code   RO         5557    i.hotplug_add_gpt_partition  hotplug.lib(fs_hotplug_discover.o)
    0x2a0075c0   0x000000d4   Code   RO         5558    i.hotplug_add_hard_partition  hotplug.lib(fs_hotplug_discover.o)
    0x2a007694   0x00000030   Code   RO         5026    i.hotplug_add_hdev_to_phy_hdev  hotplug.lib(fs_hotplug_dev.o)
    0x2a0076c4   0x000000b0   Code   RO         5559    i.hotplug_add_mbr_partition  hotplug.lib(fs_hotplug_discover.o)
    0x2a007774   0x00000030   Code   RO         5027    i.hotplug_add_partition  hotplug.lib(fs_hotplug_dev.o)
    0x2a0077a4   0x00000170   Code   RO         5082    i.hotplug_change_physical_dev_state  hotplug.lib(fs_hotplug_dev_state.o)
    0x2a007914   0x0000005c   Code   RO         3963    i.hotplug_close_device  hotplug.lib(fs_hotplug_api.o)
    0x2a007970   0x00000094   Code   RO         3813    i.hotplug_close_device_by_handle  secboot3_sbl_common.lib(boot_sdcc_hotplug.o)
    0x2a007a04   0x000000f4   Code   RO         3814    i.hotplug_close_device_by_image_type  secboot3_sbl_common.lib(boot_sdcc_hotplug.o)
    0x2a007af8   0x00000020   Code   RO         5004    i.hotplug_counters_init  hotplug.lib(fs_hotplug_counters.o)
    0x2a007b18   0x00000058   Code   RO         5005    i.hotplug_counters_update  hotplug.lib(fs_hotplug_counters.o)
    0x2a007b70   0x0000004c   Code   RO         3968    i.hotplug_dev_get_size  hotplug.lib(fs_hotplug_api.o)
    0x2a007bbc   0x0000006c   Code   RO         3973    i.hotplug_dev_read  hotplug.lib(fs_hotplug_api.o)
    0x2a007c28   0x000001ec   Code   RO         5560    i.hotplug_discover_device  hotplug.lib(fs_hotplug_discover.o)
    0x2a007e14   0x00000064   Code   RO         5657    i.hotplug_fat_parse_check  hotplug.lib(fs_hotplug_parser.o)
    0x2a007e78   0x000000ac   Code   RO         5028    i.hotplug_find_partition  hotplug.lib(fs_hotplug_dev.o)
    0x2a007f24   0x00000084   Code   RO         5029    i.hotplug_find_physical_device  hotplug.lib(fs_hotplug_dev.o)
    0x2a007fa8   0x00000010   Code   RO         5658    i.hotplug_gpt_parse_close  hotplug.lib(fs_hotplug_parser.o)
    0x2a007fb8   0x000000c4   Code   RO         5659    i.hotplug_gpt_parse_open  hotplug.lib(fs_hotplug_parser.o)
    0x2a00807c   0x0000005c   Code   RO         5660    i.hotplug_gpt_parse_read  hotplug.lib(fs_hotplug_parser.o)
    0x2a0080d8   0x0000006c   Code   RO         5030    i.hotplug_hdev_alloc  hotplug.lib(fs_hotplug_dev.o)
    0x2a008144   0x0000003c   Code   RO         5031    i.hotplug_hdev_free  hotplug.lib(fs_hotplug_dev.o)
    0x2a008180   0x00000040   Code   RO         3863    i.hotplug_init      hotplug.lib(fs_hotplug.o)
    0x2a0081c0   0x0000002c   Code   RO         5210    i.hotplug_init_partitions  hotplug.lib(fs_hotplug_partition.o)
    0x2a0081ec   0x00000128   Code   RO         3864    i.hotplug_init_physical_devices  hotplug.lib(fs_hotplug.o)
    0x2a008314   0x00000040   Code   RO         5153    i.hotplug_is_it_a_fat_partition  hotplug.lib(fs_hotplug_mount.o)
    0x2a008354   0x0000004c   Code   RO         5154    i.hotplug_is_mbr_fat_partition  hotplug.lib(fs_hotplug_mount.o)
    0x2a0083a0   0x0000002c   Code   RO         3982    i.hotplug_is_valid_hdev  hotplug.lib(fs_hotplug_api.o)
    0x2a0083cc   0x00000058   Code   RO         3983    i.hotplug_is_valid_hdev_for_read_write  hotplug.lib(fs_hotplug_api.o)
    0x2a008424   0x00000018   Code   RO         3984    i.hotplug_is_valid_parti  hotplug.lib(fs_hotplug_api.o)
    0x2a00843c   0x00000054   Code   RO         3985    i.hotplug_is_valid_physical_hdev  hotplug.lib(fs_hotplug_api.o)
    0x2a008490   0x00000024   Code   RO         5096    i.hotplug_iter_close  hotplug.lib(fs_hotplug_iter.o)
    0x2a0084b4   0x000001ac   Code   RO         5097    i.hotplug_iter_get_next  hotplug.lib(fs_hotplug_iter.o)
    0x2a008660   0x00000080   Code   RO         5098    i.hotplug_iter_get_next_partition  hotplug.lib(fs_hotplug_iter.o)
    0x2a0086e0   0x000000bc   Code   RO         5099    i.hotplug_iter_goto_next_device  hotplug.lib(fs_hotplug_iter.o)
    0x2a00879c   0x0000004c   Code   RO         5100    i.hotplug_iter_goto_next_partition  hotplug.lib(fs_hotplug_iter.o)
    0x2a0087e8   0x00000010   Code   RO         5101    i.hotplug_iter_init  hotplug.lib(fs_hotplug_iter.o)
    0x2a0087f8   0x00000070   Code   RO         5102    i.hotplug_iter_open  hotplug.lib(fs_hotplug_iter.o)
    0x2a008868   0x00000090   Code   RO         5661    i.hotplug_mbr_check_extended  hotplug.lib(fs_hotplug_parser.o)
    0x2a0088f8   0x00000010   Code   RO         5662    i.hotplug_mbr_parse_close  hotplug.lib(fs_hotplug_parser.o)
    0x2a008908   0x00000040   Code   RO         5663    i.hotplug_mbr_parse_open  hotplug.lib(fs_hotplug_parser.o)
    0x2a008948   0x0000010c   Code   RO         5664    i.hotplug_mbr_read_extended  hotplug.lib(fs_hotplug_parser.o)
    0x2a008a54   0x000000a8   Code   RO         5665    i.hotplug_mbr_read_primary  hotplug.lib(fs_hotplug_parser.o)
    0x2a008afc   0x00000194   Code   RO         3987    i.hotplug_open_device  hotplug.lib(fs_hotplug_api.o)
    0x2a008c90   0x0000007c   Code   RO         3988    i.hotplug_open_device_by_gpt_partition_type  hotplug.lib(fs_hotplug_api.o)
    0x2a008d0c   0x00000064   Code   RO         3989    i.hotplug_open_device_by_partition_type  hotplug.lib(fs_hotplug_api.o)
    0x2a008d70   0x00000078   Code   RO         5215    i.hotplug_partition_alloc  hotplug.lib(fs_hotplug_partition.o)
    0x2a008de8   0x0000005c   Code   RO         5216    i.hotplug_partition_ref  hotplug.lib(fs_hotplug_partition.o)
    0x2a008e44   0x00000094   Code   RO         5217    i.hotplug_partition_unref  hotplug.lib(fs_hotplug_partition.o)
    0x2a008ed8   0x000000c0   Code   RO         5298    i.hotplug_poll_before_mounting_root  hotplug.lib(fs_hotplug_poll.o)
    0x2a008f98   0x000000d8   Code   RO         5299    i.hotplug_poll_do_discovery  hotplug.lib(fs_hotplug_poll.o)
    0x2a009070   0x000000b8   Code   RO         5666    i.hotplug_pparser_cache_init  hotplug.lib(fs_hotplug_parser.o)
    0x2a009128   0x00000040   Code   RO         5032    i.hotplug_remove_hdev_from_phy_hdev  hotplug.lib(fs_hotplug_dev.o)
    0x2a009168   0x00000050   Code   RO         3815    i.hotplug_set_general_partition_id  secboot3_sbl_common.lib(boot_sdcc_hotplug.o)
    0x2a0091b8   0x0000002c   Code   RO         5355    i.hotplug_task_discover_device  hotplug.lib(fs_hotplug_task.o)
    0x2a0091e4   0x000000c4   Code   RO         5561    i.hotplug_try_fat   hotplug.lib(fs_hotplug_discover.o)
    0x2a0092a8   0x00000030   Code   RO         3994    i.hotplug_validate_physical_hdev  hotplug.lib(fs_hotplug_api.o)
    0x2a0092d8   0x00000134   Code   RO          705    i.hsu_boot_detect_charge_source  qhsusb_chg.lib(qhsusb_al_chg.o)
    0x2a00940c   0x00000164   Code   RO          707    i.hsu_boot_do_battery_charging  qhsusb_chg.lib(qhsusb_al_chg.o)
    0x2a009570   0x000000d4   Code   RO          708    i.hsu_boot_do_charge_source_detection  qhsusb_chg.lib(qhsusb_al_chg.o)
    0x2a009644   0x00000060   Code   RO          709    i.hsu_boot_do_enumeration  qhsusb_chg.lib(qhsusb_al_chg.o)
    0x2a0096a4   0x00000040   Code   RO          710    i.hsu_boot_enable_hw_trickle_charging  qhsusb_chg.lib(qhsusb_al_chg.o)
    0x2a0096e4   0x00000030   Code   RO          711    i.hsu_boot_enable_usb_charging  qhsusb_chg.lib(qhsusb_al_chg.o)
    0x2a009714   0x00000028   Code   RO          712    i.hsu_boot_is_battery_present  qhsusb_chg.lib(qhsusb_al_chg.o)
    0x2a00973c   0x00000048   Code   RO          713    i.hsu_boot_is_battery_weak  qhsusb_chg.lib(qhsusb_al_chg.o)
    0x2a009784   0x00000034   Code   RO          714    i.hsu_boot_is_dc_charger_present  qhsusb_chg.lib(qhsusb_al_chg.o)
    0x2a0097b8   0x0000002c   Code   RO          715    i.hsu_boot_is_usb_charger_present  qhsusb_chg.lib(qhsusb_al_chg.o)
    0x2a0097e4   0x000000ac   Code   RO          716    i.hsu_boot_poll_stack  qhsusb_chg.lib(qhsusb_al_chg.o)
    0x2a009890   0x0000003c   Code   RO          717    i.hsu_boot_shutdown_device  qhsusb_chg.lib(qhsusb_al_chg.o)
    0x2a0098cc   0x00000024   Code   RO          718    i.hsu_boot_start_stack  qhsusb_chg.lib(qhsusb_al_chg.o)
    0x2a0098f0   0x00000008   Ven    RO         3182    i.pm_boot_chg_enable_led  pmic_rpm_boot_protected.lib(pm_boot_chg.o)
    0x2a0098f8   0x00000068   Code   RO         3182    i.pm_boot_chg_enable_led  pmic_rpm_boot_protected.lib(pm_boot_chg.o)
    0x2a009960   0x00000008   Ven    RO         3183    i.pm_boot_chg_get_attached_charger  pmic_rpm_boot_protected.lib(pm_boot_chg.o)
    0x2a009968   0x0000004c   Code   RO         3183    i.pm_boot_chg_get_attached_charger  pmic_rpm_boot_protected.lib(pm_boot_chg.o)
    0x2a0099b4   0x00000008   Ven    RO         3184    i.pm_boot_chg_get_battery_present  pmic_rpm_boot_protected.lib(pm_boot_chg.o)
    0x2a0099bc   0x0000003c   Code   RO         3184    i.pm_boot_chg_get_battery_present  pmic_rpm_boot_protected.lib(pm_boot_chg.o)
    0x2a0099f8   0x00000008   Ven    RO         3187    i.pm_boot_chg_get_weak_battery_status  pmic_rpm_boot_protected.lib(pm_boot_chg.o)
    0x2a009a00   0x00000062   Code   RO         3187    i.pm_boot_chg_get_weak_battery_status  pmic_rpm_boot_protected.lib(pm_boot_chg.o)
    0x2a009a62   0x00000002   PAD
    0x2a009a64   0x00000008   Ven    RO         3191    i.pm_boot_chg_set_battery_thresholds  pmic_rpm_boot_protected.lib(pm_boot_chg.o)
    0x2a009a6c   0x000000e4   Code   RO         3191    i.pm_boot_chg_set_battery_thresholds  pmic_rpm_boot_protected.lib(pm_boot_chg.o)
    0x2a009b50   0x00000008   Ven    RO         3194    i.pm_boot_chg_set_ibat_max  pmic_rpm_boot_protected.lib(pm_boot_chg.o)
    0x2a009b58   0x00000040   Code   RO         3194    i.pm_boot_chg_set_ibat_max  pmic_rpm_boot_protected.lib(pm_boot_chg.o)
    0x2a009b98   0x00000008   Ven    RO         3195    i.pm_boot_chg_set_ibat_safe  pmic_rpm_boot_protected.lib(pm_boot_chg.o)
    0x2a009ba0   0x00000064   Code   RO         3195    i.pm_boot_chg_set_ibat_safe  pmic_rpm_boot_protected.lib(pm_boot_chg.o)
    0x2a009c04   0x00000008   Ven    RO         3196    i.pm_boot_chg_set_itrkl  pmic_rpm_boot_protected.lib(pm_boot_chg.o)
    0x2a009c0c   0x00000060   Code   RO         3196    i.pm_boot_chg_set_itrkl  pmic_rpm_boot_protected.lib(pm_boot_chg.o)
    0x2a009c6c   0x00000008   Ven    RO         3197    i.pm_boot_chg_set_iusb_max  pmic_rpm_boot_protected.lib(pm_boot_chg.o)
    0x2a009c74   0x000000a8   Code   RO         3197    i.pm_boot_chg_set_iusb_max  pmic_rpm_boot_protected.lib(pm_boot_chg.o)
    0x2a009d1c   0x00000008   Ven    RO         3198    i.pm_boot_chg_set_mode  pmic_rpm_boot_protected.lib(pm_boot_chg.o)
    0x2a009d24   0x00000154   Code   RO         3198    i.pm_boot_chg_set_mode  pmic_rpm_boot_protected.lib(pm_boot_chg.o)
    0x2a009e78   0x00000008   Ven    RO         3199    i.pm_boot_chg_set_vdd_max  pmic_rpm_boot_protected.lib(pm_boot_chg.o)
    0x2a009e80   0x00000068   Code   RO         3199    i.pm_boot_chg_set_vdd_max  pmic_rpm_boot_protected.lib(pm_boot_chg.o)
    0x2a009ee8   0x00000008   Ven    RO         3200    i.pm_boot_chg_set_vdd_safe  pmic_rpm_boot_protected.lib(pm_boot_chg.o)
    0x2a009ef0   0x00000068   Code   RO         3200    i.pm_boot_chg_set_vdd_safe  pmic_rpm_boot_protected.lib(pm_boot_chg.o)
    0x2a009f58   0x00000008   Ven    RO         3203    i.pm_boot_chg_set_vtrkl  pmic_rpm_boot_protected.lib(pm_boot_chg.o)
    0x2a009f60   0x00000064   Code   RO         3203    i.pm_boot_chg_set_vtrkl  pmic_rpm_boot_protected.lib(pm_boot_chg.o)
    0x2a009fc4   0x00000020   Code   RO         1411    i.pm_clk_busy_wait  pmic_rpm_boot_protected.lib(pm_rpm_boot.o)
    0x2a009fe4   0x000000f0   Code   RO         1412    i.pm_device_init    pmic_rpm_boot_protected.lib(pm_rpm_boot.o)
    0x2a00a0d4   0x00000040   Code   RO         1414    i.pm_enable_d1_clk_buffer  pmic_rpm_boot_protected.lib(pm_rpm_boot.o)
    0x2a00a114   0x0000005c   Code   RO         1416    i.pm_get_hardware_version  pmic_rpm_boot_protected.lib(pm_rpm_boot.o)
    0x2a00a170   0x00000060   Code   RO         1417    i.pm_restore_cached_data  pmic_rpm_boot_protected.lib(pm_rpm_boot.o)
    0x2a00a1d0   0x000000d4   Code   RO         1418    i.pm_rpm_get_pmic_model  pmic_rpm_boot_protected.lib(pm_rpm_boot.o)
    0x2a00a2a4   0x00000058   Code   RO         1419    i.pm_rpm_resolve_chip_revision  pmic_rpm_boot_protected.lib(pm_rpm_boot.o)
    0x2a00a2fc   0x0000004c   Code   RO         1420    i.pm_rpm_sbi_init   pmic_rpm_boot_protected.lib(pm_rpm_boot.o)
    0x2a00a348   0x00000008   Code   RO         2958    i.pm_sbl1_app_set_mode  pmic_rpm_boot_protected.lib(pmic_sbl1_gen_app.o)
    0x2a00a350   0x00003564   Code   RO         3544    i.pm_sbl1_driver_set_mode  pmic_rpm_boot_protected.lib(pmic_sbl1_gen_driver.o)
    0x2a00d8b4   0x000000a0   Code   RO         3166    i.pm_sbl1_initialize_stages  pmic_rpm_boot_protected.lib(pmic_sbl1_gen_init.o)
    0x2a00d954   0x0000012c   Code   RO         1421    i.pm_set_alt_ssbi_clk  pmic_rpm_boot_protected.lib(pm_rpm_boot.o)
    0x2a00da80   0x000001a4   Code   RO         3545    i.pm_set_register   pmic_rpm_boot_protected.lib(pmic_sbl1_gen_driver.o)
    0x2a00dc24   0x00000074   Code   RO         3178    i.pm_smpld_switch   pmic_rpm_boot_protected.lib(pm_boot_clocks.o)
    0x2a00dc98   0x00000108   Code   RO         1424    i.pm_soft_global_reset  pmic_rpm_boot_protected.lib(pm_rpm_boot.o)
    0x2a00dda0   0x00000030   Code   RO         3180    i.pm_watchdog_reset_detect_switch  pmic_rpm_boot_protected.lib(pm_boot_wdog.o)
    0x2a00ddd0   0x000000b0   Code   RO         5668    i.pparser_cache_read  hotplug.lib(fs_hotplug_parser.o)
    0x2a00de80   0x00000050   Code   RO         5669    i.pparser_read_cache_check  hotplug.lib(fs_hotplug_parser.o)
    0x2a00ded0   0x0000005c   Code   RO         5670    i.pparser_read_lba  hotplug.lib(fs_hotplug_parser.o)
    0x2a00df2c   0x00000164   Code   RO         1643    i.prepare_TDs_for_transfer  qhsusb_chg.lib(qhsusb_dci.o)
    0x2a00e090   0x00000048   Code   RO         1536    i.qhsusb_dcd_control_transfer  qhsusb_chg.lib(qhsusb_dcd_ch9.o)
    0x2a00e0d8   0x00000078   Code   RO         1537    i.qhsusb_dcd_init   qhsusb_chg.lib(qhsusb_dcd_ch9.o)
    0x2a00e150   0x00000010   Code   RO         1539    i.qhsusb_dcd_poll   qhsusb_chg.lib(qhsusb_dcd_ch9.o)
    0x2a00e160   0x00000134   Code   RO         1540    i.qhsusb_dcd_port_status_changed  qhsusb_chg.lib(qhsusb_dcd_ch9.o)
    0x2a00e294   0x00000160   Code   RO         1541    i.qhsusb_dcd_set_config  qhsusb_chg.lib(qhsusb_dcd_ch9.o)
    0x2a00e3f4   0x0000004c   Code   RO         1542    i.qhsusb_dcd_shutdown  qhsusb_chg.lib(qhsusb_dcd_ch9.o)
    0x2a00e440   0x000000e0   Code   RO         1644    i.qhsusb_dci_cancel_transfer  qhsusb_chg.lib(qhsusb_dci.o)
    0x2a00e520   0x00000004   Code   RO         1979    i.qhsusb_dci_clk_disable  qhsusb_chg.lib(qhsusb_dci_8064_hw_apis_sbl1.o)
    0x2a00e524   0x00000024   Code   RO         1980    i.qhsusb_dci_clk_enable  qhsusb_chg.lib(qhsusb_dci_8064_hw_apis_sbl1.o)
    0x2a00e548   0x00000008   Code   RO         1981    i.qhsusb_dci_clk_is_usb_system_clk_on  qhsusb_chg.lib(qhsusb_dci_8064_hw_apis_sbl1.o)
    0x2a00e550   0x000000e0   Code   RO         1646    i.qhsusb_dci_config_endpoint  qhsusb_chg.lib(qhsusb_dci.o)
    0x2a00e630   0x00000028   Code   RO         1863    i.qhsusb_dci_connect  qhsusb_chg.lib(qhsusb_dci_8064.o)
    0x2a00e658   0x00000004   Code   RO         1982    i.qhsusb_dci_dcache_flush  qhsusb_chg.lib(qhsusb_dci_8064_hw_apis_sbl1.o)
    0x2a00e65c   0x00000004   Code   RO         1983    i.qhsusb_dci_dcache_inval  qhsusb_chg.lib(qhsusb_dci_8064_hw_apis_sbl1.o)
    0x2a00e660   0x0000002c   Code   RO         1984    i.qhsusb_dci_delay_ms  qhsusb_chg.lib(qhsusb_dci_8064_hw_apis_sbl1.o)
    0x2a00e68c   0x00000004   Code   RO         1985    i.qhsusb_dci_delay_us  qhsusb_chg.lib(qhsusb_dci_8064_hw_apis_sbl1.o)
    0x2a00e690   0x00000014   Code   RO         1647    i.qhsusb_dci_detect_charger_type  qhsusb_chg.lib(qhsusb_dci.o)
    0x2a00e6a4   0x00000014   Code   RO         1865    i.qhsusb_dci_enable_shutdown_gpio  qhsusb_chg.lib(qhsusb_dci_8064.o)
    0x2a00e6b8   0x0000001c   Code   RO         1649    i.qhsusb_dci_get_line_state  qhsusb_chg.lib(qhsusb_dci.o)
    0x2a00e6d4   0x0000001c   Code   RO         1650    i.qhsusb_dci_get_speed  qhsusb_chg.lib(qhsusb_dci.o)
    0x2a00e6f0   0x000000dc   Code   RO         1652    i.qhsusb_dci_init   qhsusb_chg.lib(qhsusb_dci.o)
    0x2a00e7cc   0x0000002c   Code   RO         1866    i.qhsusb_dci_is_attached  qhsusb_chg.lib(qhsusb_dci_8064.o)
    0x2a00e7f8   0x00000020   Code   RO         1653    i.qhsusb_dci_is_suspended  qhsusb_chg.lib(qhsusb_dci.o)
    0x2a00e818   0x00000008   Code   RO         1868    i.qhsusb_dci_is_wall_charger  qhsusb_chg.lib(qhsusb_dci_8064.o)
    0x2a00e820   0x00000094   Code   RO         1655    i.qhsusb_dci_poll_events  qhsusb_chg.lib(qhsusb_dci.o)
    0x2a00e8b4   0x0000003c   Code   RO         1656    i.qhsusb_dci_read_scratch  qhsusb_chg.lib(qhsusb_dci.o)
    0x2a00e8f0   0x00000028   Code   RO         1657    i.qhsusb_dci_set_address  qhsusb_chg.lib(qhsusb_dci.o)
    0x2a00e918   0x00000010   Code   RO         1658    i.qhsusb_dci_set_enum_flag  qhsusb_chg.lib(qhsusb_dci.o)
    0x2a00e928   0x00000010   Code   RO         1659    i.qhsusb_dci_set_max_packet_size  qhsusb_chg.lib(qhsusb_dci.o)
    0x2a00e938   0x0000001c   Code   RO         1660    i.qhsusb_dci_set_runstop_bit  qhsusb_chg.lib(qhsusb_dci.o)
    0x2a00e954   0x00000084   Code   RO         1661    i.qhsusb_dci_shutdown  qhsusb_chg.lib(qhsusb_dci.o)
    0x2a00e9d8   0x00000048   Code   RO         1662    i.qhsusb_dci_stall_endpoint  qhsusb_chg.lib(qhsusb_dci.o)
    0x2a00ea20   0x00000078   Code   RO         1663    i.qhsusb_dci_start_timer  qhsusb_chg.lib(qhsusb_dci.o)
    0x2a00ea98   0x00000040   Code   RO         1664    i.qhsusb_dci_stop_timer  qhsusb_chg.lib(qhsusb_dci.o)
    0x2a00ead8   0x000000b4   Code   RO         1665    i.qhsusb_dci_transfer_request  qhsusb_chg.lib(qhsusb_dci.o)
    0x2a00eb8c   0x00000068   Code   RO         1666    i.qhsusb_dci_ulpi_read  qhsusb_chg.lib(qhsusb_dci.o)
    0x2a00ebf4   0x00000084   Code   RO         1667    i.qhsusb_dci_ulpi_write  qhsusb_chg.lib(qhsusb_dci.o)
    0x2a00ec78   0x0000006c   Code   RO         1668    i.qhsusb_dci_unconfig_endpoint  qhsusb_chg.lib(qhsusb_dci.o)
    0x2a00ece4   0x00000060   Code   RO         1669    i.qhsusb_dci_unstall_endpoint  qhsusb_chg.lib(qhsusb_dci.o)
    0x2a00ed44   0x00000024   Code   RO         1986    i.qhsusb_dci_usb_reset_assert  qhsusb_chg.lib(qhsusb_dci_8064_hw_apis_sbl1.o)
    0x2a00ed68   0x00000024   Code   RO         1987    i.qhsusb_dci_usb_reset_deassert  qhsusb_chg.lib(qhsusb_dci_8064_hw_apis_sbl1.o)
    0x2a00ed8c   0x00000044   Code   RO         1670    i.qhsusb_dci_write_scratch  qhsusb_chg.lib(qhsusb_dci.o)
    0x2a00edd0   0x00000010   Code   RO         1465    i.qhsusb_fd_chg_detect_charger_type  qhsusb_chg.lib(qhsusb_fd_chg.o)
    0x2a00ede0   0x00000074   Code   RO         1467    i.qhsusb_fd_chg_init  qhsusb_chg.lib(qhsusb_fd_chg.o)
    0x2a00ee54   0x0000000c   Code   RO         1468    i.qhsusb_fd_chg_shutdown  qhsusb_chg.lib(qhsusb_fd_chg.o)
    0x2a00ee60   0x00000058   Code   RO         1543    i.qhsusb_submit_urb  qhsusb_chg.lib(qhsusb_dcd_ch9.o)
    0x2a00eeb8   0x0000016c   Code   RO         1116    i.qmemcpy           secboot3_sbl_common.lib(boot_util.o)
    0x2a00f024   0x00000060   Code   RO          894    i.sbi_mini_init     sbi_mini.lib(sbi_mini.o)
    0x2a00f084   0x00000004   Ven    RO          896    i.sbi_mini_read_byte  sbi_mini.lib(sbi_mini.o)
    0x2a00f088   0x00000070   Code   RO          896    i.sbi_mini_read_byte  sbi_mini.lib(sbi_mini.o)
    0x2a00f0f8   0x0000002c   Code   RO          897    i.sbi_mini_set_fclk_mode  sbi_mini.lib(sbi_mini.o)
    0x2a00f124   0x00000050   Code   RO          898    i.sbi_mini_set_sampling_delay  sbi_mini.lib(sbi_mini.o)
    0x2a00f174   0x00000064   Code   RO          899    i.sbi_mini_set_transfer_mode  sbi_mini.lib(sbi_mini.o)
    0x2a00f1d8   0x00000004   Ven    RO          901    i.sbi_mini_write_byte  sbi_mini.lib(sbi_mini.o)
    0x2a00f1dc   0x00000078   Code   RO          901    i.sbi_mini_write_byte  sbi_mini.lib(sbi_mini.o)
    0x2a00f254   0x00000048   Code   RO          154    i.sbl1_boot_logger_deinit  sbl1_mc.o
    0x2a00f29c   0x00000090   Code   RO          296    i.sbl1_check_device_temp  sbl1_hw.o
    0x2a00f32c   0x00000044   Code   RO          155    i.sbl1_copy_data_for_sbl2  sbl1_mc.o
    0x2a00f370   0x00000030   Code   RO          156    i.sbl1_dead_battery_charge  sbl1_mc.o
    0x2a00f3a0   0x00000068   Code   RO          297    i.sbl1_hw_init      sbl1_hw.o
    0x2a00f408   0x000000f8   Code   RO          298    i.sbl1_hw_pre_boot_krait  sbl1_hw.o
    0x2a00f500   0x00000188   Code   RO          157    i.sbl1_main_ctl     sbl1_mc.o
    0x2a00f688   0x000000a0   Code   RO          158    i.sbl1_retrieve_shared_info_from_pbl  sbl1_mc.o
    0x2a00f728   0x00000010   Code   RO          564    i.sbl_dload_entry   sbl1_target.o
    0x2a00f738   0x00000008   Code   RO         3571    i.sdcc_activity_timeout_event  mini_sdcc.lib(sdcc_mini_api.o)
    0x2a00f740   0x0000003c   Code   RO         3572    i.sdcc_boot_set_device_info  mini_sdcc.lib(sdcc_mini_api.o)
    0x2a00f77c   0x00000388   Code   RO         4683    i.sdcc_bsp_config_clock  mini_sdcc.lib(sdcc_bsp_boot.o)
    0x2a00fb04   0x00000008   Code   RO         4684    i.sdcc_bsp_get_cache_align_size  mini_sdcc.lib(sdcc_bsp_boot.o)
    0x2a00fb0c   0x0000000c   Code   RO         4686    i.sdcc_bsp_get_max_supported_clk  mini_sdcc.lib(sdcc_bsp_boot.o)
    0x2a00fb18   0x0000001c   Code   RO         4687    i.sdcc_bsp_get_slot_type  mini_sdcc.lib(sdcc_bsp_boot.o)
    0x2a00fb34   0x00000074   Code   RO         4688    i.sdcc_bsp_gpio_control  mini_sdcc.lib(sdcc_bsp_boot.o)
    0x2a00fba8   0x00000044   Code   RO         4689    i.sdcc_bsp_hw_clk_busy_wait  mini_sdcc.lib(sdcc_bsp_boot.o)
    0x2a00fbec   0x00000068   Code   RO         4691    i.sdcc_bsp_to_clk   mini_sdcc.lib(sdcc_bsp_boot.o)
    0x2a00fc54   0x00000008   Code   RO         4692    i.sdcc_bsp_vdd_configure  mini_sdcc.lib(sdcc_bsp_boot.o)
    0x2a00fc5c   0x00000028   Code   RO         4643    i.sdcc_clear_client_handle_fields  mini_sdcc.lib(sdcc_handle_util.o)
    0x2a00fc84   0x00000154   Code   RO         4350    i.sdcc_command      mini_sdcc.lib(sdcc_util.o)
    0x2a00fdd8   0x00000064   Code   RO         4176    i.sdcc_complete_data_xfer  mini_sdcc.lib(sdcc_pal_tool.o)
    0x2a00fe3c   0x00000108   Code   RO         4351    i.sdcc_config_clk   mini_sdcc.lib(sdcc_util.o)
    0x2a00ff44   0x00000164   Code   RO         4177    i.sdcc_config_memory_device  mini_sdcc.lib(sdcc_pal_tool.o)
    0x2a0100a8   0x00000058   Code   RO         4542    i.sdcc_config_mmc_bus_width  mini_sdcc.lib(sdcc_mmc_util.o)
    0x2a010100   0x00000274   Code   RO         4543    i.sdcc_config_mmc_modes_segment  mini_sdcc.lib(sdcc_mmc_util.o)
    0x2a010374   0x0000006c   Code   RO         4178    i.sdcc_config_rca   mini_sdcc.lib(sdcc_pal_tool.o)
    0x2a0103e0   0x000000f8   Code   RO         4352    i.sdcc_decode_csd   mini_sdcc.lib(sdcc_util.o)
    0x2a0104d8   0x00000170   Code   RO         4544    i.sdcc_decode_extCSD  mini_sdcc.lib(sdcc_mmc_util.o)
    0x2a010648   0x000000a0   Code   RO         4545    i.sdcc_decode_mmc_cid  mini_sdcc.lib(sdcc_mmc_util.o)
    0x2a0106e8   0x00000048   Code   RO         5379    i.sdcc_decode_scr   mini_sdcc.lib(sdcc_sd_util.o)
    0x2a010730   0x00000084   Code   RO         5380    i.sdcc_decode_sd_cid  mini_sdcc.lib(sdcc_sd_util.o)
    0x2a0107b4   0x00000034   Code   RO         5382    i.sdcc_decode_sd_status  mini_sdcc.lib(sdcc_sd_util.o)
    0x2a0107e8   0x000000b4   Code   RO         4353    i.sdcc_decode_std_csd  mini_sdcc.lib(sdcc_util.o)
    0x2a01089c   0x00000118   Code   RO         5383    i.sdcc_decode_switch_data  mini_sdcc.lib(sdcc_sd_util.o)
    0x2a0109b4   0x0000006c   Code   RO         4354    i.sdcc_deinit       mini_sdcc.lib(sdcc_util.o)
    0x2a010a20   0x0000008c   Code   RO         4645    i.sdcc_deregister_client_handle  mini_sdcc.lib(sdcc_handle_util.o)
    0x2a010aac   0x00000008   Code   RO         4485    i.sdcc_display_mem_device_info  mini_sdcc.lib(sdcc_debug.o)
    0x2a010ab4   0x00000220   Code   RO         4179    i.sdcc_do_transfer  mini_sdcc.lib(sdcc_pal_tool.o)
    0x2a010cd4   0x000000a4   Code   RO         4548    i.sdcc_find_mmc_device  mini_sdcc.lib(sdcc_mmc_util.o)
    0x2a010d78   0x00000130   Code   RO         5384    i.sdcc_find_sd_device  mini_sdcc.lib(sdcc_sd_util.o)
    0x2a010ea8   0x00000080   Code   RO         4180    i.sdcc_get_cid      mini_sdcc.lib(sdcc_pal_tool.o)
    0x2a010f28   0x0000002c   Code   RO         3575    i.sdcc_get_config_info  mini_sdcc.lib(sdcc_mini_api.o)
    0x2a010f54   0x00000044   Code   RO         4549    i.sdcc_get_ext_csd  mini_sdcc.lib(sdcc_mmc_util.o)
    0x2a010f98   0x00000118   Code   RO         4355    i.sdcc_get_memory_info  mini_sdcc.lib(sdcc_util.o)
    0x2a0110b0   0x0000007c   Code   RO         5385    i.sdcc_get_scr      mini_sdcc.lib(sdcc_sd_util.o)
    0x2a01112c   0x00000040   Code   RO         5386    i.sdcc_get_sd_speed_class  mini_sdcc.lib(sdcc_sd_util.o)
    0x2a01116c   0x00000084   Code   RO         5387    i.sdcc_get_sd_status  mini_sdcc.lib(sdcc_sd_util.o)
    0x2a0111f0   0x00000020   Code   RO         4356    i.sdcc_get_slot_handle  mini_sdcc.lib(sdcc_util.o)
    0x2a011210   0x0000002c   Code   RO         4357    i.sdcc_get_std_memory_info  mini_sdcc.lib(sdcc_util.o)
    0x2a01123c   0x00000034   Code   RO         3576    i.sdcc_handle_close  mini_sdcc.lib(sdcc_mini_api.o)
    0x2a011270   0x000000b0   Code   RO         4181    i.sdcc_handle_find_card  mini_sdcc.lib(sdcc_pal_tool.o)
    0x2a011320   0x00000064   Code   RO         3580    i.sdcc_handle_is_mem_present  mini_sdcc.lib(sdcc_mini_api.o)
    0x2a011384   0x0000016c   Code   RO         3581    i.sdcc_handle_mem_get_device_info  mini_sdcc.lib(sdcc_mini_api.o)
    0x2a0114f0   0x00000164   Code   RO         3582    i.sdcc_handle_open  mini_sdcc.lib(sdcc_mini_api.o)
    0x2a011654   0x00000144   Code   RO         4182    i.sdcc_handle_optimized_open  mini_sdcc.lib(sdcc_pal_tool.o)
    0x2a011798   0x000000f4   Code   RO         3583    i.sdcc_handle_read  mini_sdcc.lib(sdcc_mini_api.o)
    0x2a01188c   0x00000008   Code   RO         3585    i.sdcc_handle_set_power_on_write_protection  mini_sdcc.lib(sdcc_mini_api.o)
    0x2a011894   0x000000f4   Code   RO         3587    i.sdcc_handle_write  mini_sdcc.lib(sdcc_mini_api.o)
    0x2a011988   0x00000170   Code   RO         4358    i.sdcc_init         mini_sdcc.lib(sdcc_util.o)
    0x2a011af8   0x00000098   Code   RO         4183    i.sdcc_init_memory_device  mini_sdcc.lib(sdcc_pal_tool.o)
    0x2a011b90   0x00000008   Code   RO         4184    i.sdcc_init_pal     mini_sdcc.lib(sdcc_pal_tool.o)
    0x2a011b98   0x0000000c   Code   RO         4360    i.sdcc_intf_on      mini_sdcc.lib(sdcc_util.o)
    0x2a011ba4   0x00000050   Code   RO         4646    i.sdcc_is_device_still_in_use  mini_sdcc.lib(sdcc_handle_util.o)
    0x2a011bf4   0x00000030   Code   RO         4185    i.sdcc_is_partial_enumeration  mini_sdcc.lib(sdcc_pal_tool.o)
    0x2a011c24   0x000000f4   Code   RO         4551    i.sdcc_mmc_get_phy_partition_info  mini_sdcc.lib(sdcc_mmc_util.o)
    0x2a011d18   0x00000058   Code   RO         4552    i.sdcc_mmc_is_phy_partition_bootable  mini_sdcc.lib(sdcc_mmc_util.o)
    0x2a011d70   0x0000006c   Code   RO         4554    i.sdcc_mmc_set_partition_access  mini_sdcc.lib(sdcc_mmc_util.o)
    0x2a011ddc   0x000000a0   Code   RO         4556    i.sdcc_mmc_switch   mini_sdcc.lib(sdcc_mmc_util.o)
    0x2a011e7c   0x000000c0   Code   RO         4186    i.sdcc_partial_enumeration  mini_sdcc.lib(sdcc_pal_tool.o)
    0x2a011f3c   0x000000dc   Code   RO         4361    i.sdcc_poll_status  mini_sdcc.lib(sdcc_util.o)
    0x2a012018   0x000000f4   Code   RO         4188    i.sdcc_read_fifo    mini_sdcc.lib(sdcc_pal_tool.o)
    0x2a01210c   0x00000080   Code   RO         4647    i.sdcc_register_client_handle  mini_sdcc.lib(sdcc_handle_util.o)
    0x2a01218c   0x0000007c   Code   RO         4362    i.sdcc_reset_reinit  mini_sdcc.lib(sdcc_util.o)
    0x2a012208   0x00000184   Code   RO         5388    i.sdcc_sd_switch_to_hs  mini_sdcc.lib(sdcc_sd_util.o)
    0x2a01238c   0x0000004c   Code   RO         4363    i.sdcc_select_card  mini_sdcc.lib(sdcc_util.o)
    0x2a0123d8   0x000000e0   Code   RO         4364    i.sdcc_send_cmd     mini_sdcc.lib(sdcc_util.o)
    0x2a0124b8   0x00000058   Code   RO         4365    i.sdcc_send_status  mini_sdcc.lib(sdcc_util.o)
    0x2a012510   0x00000040   Code   RO         4189    i.sdcc_set_partition  mini_sdcc.lib(sdcc_pal_tool.o)
    0x2a012550   0x00000084   Code   RO         5389    i.sdcc_set_sd_bus_width  mini_sdcc.lib(sdcc_sd_util.o)
    0x2a0125d4   0x00000090   Code   RO         4190    i.sdcc_setup_data_xfer  mini_sdcc.lib(sdcc_pal_tool.o)
    0x2a012664   0x00000040   Code   RO         3590    i.sdcc_slot_has_support  mini_sdcc.lib(sdcc_mini_api.o)
    0x2a0126a4   0x0000004c   Code   RO         4191    i.sdcc_wait_card_ready  mini_sdcc.lib(sdcc_pal_tool.o)
    0x2a0126f0   0x00000068   Code   RO         4192    i.sdcc_wait_data_xfer_complete  mini_sdcc.lib(sdcc_pal_tool.o)
    0x2a012758   0x00000080   Code   RO         4366    i.sdcc_wait_prog_done  mini_sdcc.lib(sdcc_util.o)
    0x2a0127d8   0x00000144   Code   RO         4193    i.sdcc_write_fifo   mini_sdcc.lib(sdcc_pal_tool.o)
    0x2a01291c   0x000000fc   Code   RO         1671    i.transfer_data_request  qhsusb_chg.lib(qhsusb_dci.o)
    0x2a012a18   0x0000006c   Data   RO          160    .constdata          sbl1_mc.o
    0x2a012a84   0x0000002a   Data   RO          903    .constdata          sbi_mini.lib(sbi_mini.o)
    0x2a012aae   0x00000002   PAD
    0x2a012ab0   0x00000064   Data   RO          957    .constdata          secboot3_sbl_common.lib(boot_pbl_v1.o)
    0x2a012b14   0x00000068   Data   RO         1038    .constdata          secboot3_sbl_common.lib(boot_clobber_prot.o)
    0x2a012b7c   0x00000068   Data   RO         1159    .constdata          secboot3_sbl_common.lib(boot_error_handler.o)
    0x2a012be4   0x00000064   Data   RO         1338    .constdata          secboot3_sbl_common.lib(boot_config.o)
    0x2a012c48   0x00000020   Data   RO         1374    .constdata          secboot3_sbl_common.lib(boot_auth_qd_cert.o)
    0x2a012c68   0x00000022   Data   RO         1470    .constdata          qhsusb_chg.lib(qhsusb_fd_chg.o)
    0x2a012c8a   0x00000002   PAD
    0x2a012c8c   0x000000b0   Data   RO         2210    .constdata          tsens.lib(Tsensi_Conversion_8064.o)
    0x2a012d3c   0x00000064   Data   RO         2624    .constdata          secboot3_sbl_common.lib(boot_loader.o)
    0x2a012da0   0x0000005d   Data   RO         2710    .constdata          secboot3_sbl_common.lib(boot_mc.o)
    0x2a012dfd   0x00000003   PAD
    0x2a012e00   0x00000067   Data   RO         2733    .constdata          secboot3_sbl_common.lib(boot_flash_target.o)
    0x2a012e67   0x00000001   PAD
    0x2a012e68   0x00000068   Data   RO         2783    .constdata          secboot3_sbl_common.lib(boot_flash_dev_if.o)
    0x2a012ed0   0x0000006c   Data   RO         2836    .constdata          secboot3_sbl_common.lib(boot_pbl_authenticator.o)
    0x2a012f3c   0x00000030   Data   RO         3255    .constdata          HALsbiboot.lib(HALsbiTarget.o)
    0x2a012f6c   0x0000000c   Data   RO         3256    .constdata          HALsbiboot.lib(HALsbiTarget.o)
    0x2a012f78   0x00000070   Data   RO         3328    .constdata          secboot3_sbl_common.lib(boot_clobber_prot_local.o)
    0x2a012fe8   0x0000007c   Data   RO         3359    .constdata          secboot3_sbl_common.lib(boot_flash_trans_sdcc.o)
    0x2a013064   0x00000074   Data   RO         3435    .constdata          secboot3_sbl_common.lib(boot_flash_dev_sdcc.o)
    0x2a0130d8   0x00000070   Data   RO         3757    .constdata          HALsbiboot.lib(HALsbiPmicArbiter.o)
    0x2a013148   0x0000006c   Data   RO         3778    .constdata          secboot3_sbl_common.lib(boot_flash_dev_sdcc_if.o)
    0x2a0131b4   0x000000d8   Data   RO         3817    .constdata          secboot3_sbl_common.lib(boot_sdcc_hotplug.o)
    0x2a01328c   0x0000000c   Data   RO         3995    .constdata          hotplug.lib(fs_hotplug_api.o)
    0x2a013298   0x00000090   Data   RO         4694    .constdata          mini_sdcc.lib(sdcc_bsp_boot.o)
    0x2a013328   0x00000048   Data   RO         5083    .constdata          hotplug.lib(fs_hotplug_dev_state.o)
    0x2a013370   0x0000000c   Data   RO         5104    .constdata          hotplug.lib(fs_hotplug_iter.o)
    0x2a01337c   0x00000114   Data   RO         5222    .constdata          hotplug.lib(fs_hotplug_partition.o)
    0x2a013490   0x00000048   Data   RO         5304    .constdata          hotplug.lib(fs_hotplug_poll.o)
    0x2a0134d8   0x0000000c   Data   RO         5607    .constdata          hotplug.lib(fs_blockdev_devnull_driver.o)
    0x2a0134e4   0x0000000c   Data   RO         5631    .constdata          hotplug.lib(fs_blockdev_sd_driver.o)
    0x2a0134f0   0x0000040c   Data   RO         5672    .constdata          hotplug.lib(fs_hotplug_parser.o)
    0x2a0138fc   0x00000114   Data   RO         5881    .constdata          hotplug.lib(fs_blockdev_sd.o)
    0x2a013a10   0x00000019   Data   RO          576    .conststring        sbl1_config.o
    0x2a013a29   0x0000001d   Data   RO         3257    .conststring        HALsbiboot.lib(HALsbiTarget.o)
    0x2a013a46   0x00000034   Data   RO         3360    .conststring        secboot3_sbl_common.lib(boot_flash_trans_sdcc.o)
    0x2a013a7a   0x00000014   Data   RO         3436    .conststring        secboot3_sbl_common.lib(boot_flash_dev_sdcc.o)
    0x2a013a8e   0x00000033   Data   RO         3996    .conststring        hotplug.lib(fs_hotplug_api.o)
    0x2a013ac1   0x000001ed   Data   RO         5084    .conststring        hotplug.lib(fs_hotplug_dev_state.o)
    0x2a013cae   0x00000025   Data   RO         5105    .conststring        hotplug.lib(fs_hotplug_iter.o)
    0x2a013cd3   0x00000122   Data   RO         5223    .conststring        hotplug.lib(fs_hotplug_partition.o)
    0x2a013df5   0x0000009c   Data   RO         5305    .conststring        hotplug.lib(fs_hotplug_poll.o)
    0x2a013e91   0x00000051   Data   RO         5608    .conststring        hotplug.lib(fs_blockdev_devnull_driver.o)
    0x2a013ee2   0x00000014   Data   RO         5609    .conststring        hotplug.lib(fs_blockdev_devnull_driver.o)
    0x2a013ef6   0x0000000f   Data   RO         5632    .conststring        hotplug.lib(fs_blockdev_sd_driver.o)
    0x2a013f05   0x00000066   Data   RO         5633    .conststring        hotplug.lib(fs_blockdev_sd_driver.o)
    0x2a013f6b   0x00000032   Data   RO         5673    .conststring        hotplug.lib(fs_hotplug_parser.o)
    0x2a013f9d   0x0000010b   Data   RO         5882    .conststring        hotplug.lib(fs_blockdev_sd.o)


    Execution Region SBL1_DATA_RW (Base: 0x2a0140a8, Size: 0x000006d8, Max: 0xffffffff, ABSOLUTE)

    Base Addr    Size         Type   Attr      Idx    E Section Name        Object

    0x2a0140a8   0x00000044   Data   RW          161    .data               sbl1_mc.o
    0x2a0140ec   0x00000010   Data   RW          577    .data               sbl1_config.o
    0x2a0140fc   0x00000014   Data   RW          578    .data               sbl1_config.o
    0x2a014110   0x000000a0   Data   RW          579    .data               sbl1_config.o
    0x2a0141b0   0x00000001   Data   RW          627    .data               Clock_apq8064_SBL1.lib(ClockSBL1.o)
    0x2a0141b1   0x00000003   PAD
    0x2a0141b4   0x00000014   Data   RW          720    .data               qhsusb_chg.lib(qhsusb_al_chg.o)
    0x2a0141c8   0x0000000c   Data   RW          904    .data               sbi_mini.lib(sbi_mini.o)
    0x2a0141d4   0x00000004   Data   RW         1039    .data               secboot3_sbl_common.lib(boot_clobber_prot.o)
    0x2a0141d8   0x00000010   Data   RW         1160    .data               secboot3_sbl_common.lib(boot_error_handler.o)
    0x2a0141e8   0x00000004   Data   RW         1259    .data               secboot3_sbl_common.lib(boot_logger.o)
    0x2a0141ec   0x00000004   Data   RW         1375    .data               secboot3_sbl_common.lib(boot_auth_qd_cert.o)
    0x2a0141f0   0x00000010   Data   RW         1389    .data               secboot3_sbl_common.lib(boot_gpt_partition_id.o)
    0x2a014200   0x00000004   Data   RW         1426    .data               pmic_rpm_boot_protected.lib(pm_rpm_boot.o)
    0x2a014204   0x00000008   Data   RW         1444    .data               busywait_hw_rpm_tmr0.lib(busywait.o)
    0x2a01420c   0x000000b0   Data   RW         1471    .data               qhsusb_chg.lib(qhsusb_fd_chg.o)
    0x2a0142bc   0x00000022   Data   RW         1472    .data               qhsusb_chg.lib(qhsusb_fd_chg.o)
    0x2a0142de   0x00000022   Data   RW         1473    .data               qhsusb_chg.lib(qhsusb_fd_chg.o)
    0x2a014300   0x00000014   Data   RW         1474    .data               qhsusb_chg.lib(qhsusb_fd_chg.o)
    0x2a014314   0x00000018   Data   RW         1475    .data               qhsusb_chg.lib(qhsusb_fd_chg.o)
    0x2a01432c   0x00000010   Data   RW         1476    .data               qhsusb_chg.lib(qhsusb_fd_chg.o)
    0x2a01433c   0x00000014   Data   RW         1477    .data               qhsusb_chg.lib(qhsusb_fd_chg.o)
    0x2a014350   0x00000018   Data   RW         1478    .data               qhsusb_chg.lib(qhsusb_fd_chg.o)
    0x2a014368   0x00000010   Data   RW         1479    .data               qhsusb_chg.lib(qhsusb_fd_chg.o)
    0x2a014378   0x0000000c   Data   RW         1544    .data               qhsusb_chg.lib(qhsusb_dcd_ch9.o)
    0x2a014384   0x0000001c   Data   RW         1673    .data               qhsusb_chg.lib(qhsusb_dci.o)
    0x2a0143a0   0x0000000c   Data   RW         1870    .data               qhsusb_chg.lib(qhsusb_dci_8064.o)
    0x2a0143ac   0x00000030   Data   RW         2211    .data               tsens.lib(Tsensi_Conversion_8064.o)
    0x2a0143dc   0x00000004   Data   RW         2277    .data               HALsbiboot.lib(HALsbi.o)
    0x2a0143e0   0x00000008   Data   RW         2784    .data               secboot3_sbl_common.lib(boot_flash_dev_if.o)
    0x2a0143e8   0x00000004   Data   RW         2816    .data               secboot3_sbl_common.lib(boot_arm7.o)
    0x2a0143ec   0x00000004   Data   RW         2837    .data               secboot3_sbl_common.lib(boot_pbl_authenticator.o)
    0x2a0143f0   0x00000076   Data   RW         2869    .data               secboot3_sbl_common.lib(boot_logger_ram.o)
    0x2a014466   0x00000002   PAD
    0x2a014468   0x00000020   Data   RW         3361    .data               secboot3_sbl_common.lib(boot_flash_trans_sdcc.o)
    0x2a014488   0x00000038   Data   RW         3437    .data               secboot3_sbl_common.lib(boot_flash_dev_sdcc.o)
    0x2a0144c0   0x00000008   Data   RW         3591    .data               mini_sdcc.lib(sdcc_mini_api.o)
    0x2a0144c8   0x00000008   Data   RW         3779    .data               secboot3_sbl_common.lib(boot_flash_dev_sdcc_if.o)
    0x2a0144d0   0x00000118   Data   RW         3818    .data               secboot3_sbl_common.lib(boot_sdcc_hotplug.o)
    0x2a0145e8   0x0000000c   Data   RW         3870    .data               hotplug.lib(fs_hotplug.o)
    0x2a0145f4   0x00000010   Data   RW         4368    .data               mini_sdcc.lib(sdcc_util.o)
    0x2a014604   0x00000008   Data   RW         4649    .data               mini_sdcc.lib(sdcc_handle_util.o)
    0x2a01460c   0x00000010   Data   RW         4695    .data               mini_sdcc.lib(sdcc_bsp_boot.o)
    0x2a01461c   0x00000001   Data   RW         4773    .data               HALsdcc.lib(HALsdcc.o)
    0x2a01461d   0x00000003   PAD
    0x2a014620   0x00000004   Data   RW         4854    .data               hotplug.lib(fs_blockdev.o)
    0x2a014624   0x00000004   Data   RW         5224    .data               hotplug.lib(fs_hotplug_partition.o)
    0x2a014628   0x0000000c   Data   RW         5523    .data               hotplug.lib(fs_blockdev_driver.o)
    0x2a014634   0x00000004   Data   RW         5562    .data               hotplug.lib(fs_hotplug_discover.o)
    0x2a014638   0x00000018   Data   RW         5610    .data               hotplug.lib(fs_blockdev_devnull_driver.o)
    0x2a014650   0x00000010   Data   RW         5611    .data               hotplug.lib(fs_blockdev_devnull_driver.o)
    0x2a014660   0x00000010   Data   RW         5634    .data               hotplug.lib(fs_blockdev_sd_driver.o)
    0x2a014670   0x00000060   Data   RW         5635    .data               hotplug.lib(fs_blockdev_sd_driver.o)
    0x2a0146d0   0x00000008   Data   RW         5674    .data               hotplug.lib(fs_hotplug_parser.o)
    0x2a0146d8   0x00000048   Data   RW         5785    .data               hotplug.lib(fs_blockdev_devnull.o)
    0x2a014720   0x0000005c   Data   RW         5883    .data               hotplug.lib(fs_blockdev_sd.o)
    0x2a01477c   0x00000004   Data   RW         1162    ERR_DATA_PTR        secboot3_sbl_common.lib(boot_error_handler.o)


    Execution Region SBL1_DATA_ZI (Base: 0x2a014780, Size: 0x00005ae0, Max: 0xffffffff, ABSOLUTE)

    Base Addr    Size         Type   Attr      Idx    E Section Name        Object

    0x2a014780   0x00000000   Data   RW         6115    linker$$defined$$symbols  anon$$obj.o
    0x2a014780   0x0000007c   Zero   RW          159    .bss                sbl1_mc.o
    0x2a0147fc   0x0000000c   Zero   RW          902    .bss                sbi_mini.lib(sbi_mini.o)
    0x2a014808   0x00000070   Zero   RW          956    .bss                secboot3_sbl_common.lib(boot_pbl_v1.o)
    0x2a014878   0x00000034   Zero   RW         1037    .bss                secboot3_sbl_common.lib(boot_clobber_prot.o)
    0x2a0148ac   0x00000028   Zero   RW         1425    .bss                pmic_rpm_boot_protected.lib(pm_rpm_boot.o)
    0x2a0148d4   0x0000072c   PAD
    0x2a015000   0x00003240   Zero   RW         1672    .bss                qhsusb_chg.lib(qhsusb_dci.o)
    0x2a018240   0x00000018   Zero   RW         1869    .bss                qhsusb_chg.lib(qhsusb_dci_8064.o)
    0x2a018258   0x00000063   Zero   RW         2209    .bss                tsens.lib(Tsensi_Conversion_8064.o)
    0x2a0182bb   0x00000001   PAD
    0x2a0182bc   0x000000b4   Zero   RW         2276    .bss                HALsbiboot.lib(HALsbi.o)
    0x2a018370   0x00000048   Zero   RW         3358    .bss                secboot3_sbl_common.lib(boot_flash_trans_sdcc.o)
    0x2a0183b8   0x00000238   Zero   RW         3434    .bss                secboot3_sbl_common.lib(boot_flash_dev_sdcc.o)
    0x2a0185f0   0x00000010   PAD
    0x2a018600   0x0000029c   Zero   RW         3816    .bss                secboot3_sbl_common.lib(boot_sdcc_hotplug.o)
    0x2a01889c   0x000001b8   Zero   RW         3869    .bss                hotplug.lib(fs_hotplug.o)
    0x2a018a54   0x000002c0   Zero   RW         4367    .bss                mini_sdcc.lib(sdcc_util.o)
    0x2a018d14   0x00000200   Zero   RW         4557    .bss                mini_sdcc.lib(sdcc_mmc_util.o)
    0x2a018f14   0x00000180   Zero   RW         4648    .bss                mini_sdcc.lib(sdcc_handle_util.o)
    0x2a019094   0x00000020   Zero   RW         4772    .bss                HALsdcc.lib(HALsdcc.o)
    0x2a0190b4   0x00000010   Zero   RW         5006    .bss                hotplug.lib(fs_hotplug_counters.o)
    0x2a0190c4   0x00000044   Zero   RW         5103    .bss                hotplug.lib(fs_hotplug_iter.o)
    0x2a019108   0x00000e40   Zero   RW         5221    .bss                hotplug.lib(fs_hotplug_partition.o)
    0x2a019f48   0x00000080   Zero   RW         5390    .bss                mini_sdcc.lib(sdcc_sd_util.o)
    0x2a019fc8   0x00000278   Zero   RW         5671    .bss                hotplug.lib(fs_hotplug_parser.o)
    0x2a01a240   0x00000020   Zero   RW         1161    ERR_DATA            secboot3_sbl_common.lib(boot_error_handler.o)


    Execution Region SBL1_LOG_META_INFO_SECTION (Base: 0x2a01fbc0, Size: 0x00000040, Max: 0x00000040, ABSOLUTE, UNINIT)

    Base Addr    Size         Type   Attr      Idx    E Section Name        Object

    0x2a01fbc0   0x00000000   Data   RW         6117    linker$$defined$$symbols  anon$$obj.o
    0x2a01fbc0   0x00000040   Zero   RW            3    SBL1_LOG_META_INFO_SECTION.bss  anon$$obj.o


    Execution Region SBL1_LOG_BUF_SECTION (Base: 0x2a01fc00, Size: 0x00000400, Max: 0x00000400, ABSOLUTE, UNINIT)

    Base Addr    Size         Type   Attr      Idx    E Section Name        Object

    0x2a01fc00   0x00000000   Data   RW         6116    linker$$defined$$symbols  anon$$obj.o
    0x2a01fc00   0x00000400   Zero   RW            2    SBL1_LOG_BUF_SECTION.bss  anon$$obj.o


==============================================================================

Image component sizes


      Code (inc. data)   RO Data    RW Data    ZI Data      Debug   Object Name

         0          0          0          0          0       5368   crc.o
       400         44          0          0          0        552   sbl1.o
         0          0         25        196          0       9943   sbl1_config.o
       496        136          0          0          0      10833   sbl1_hw.o
       812        220        108         80        188      34337   sbl1_mc.o
        16          0          0          0          0        590   sbl1_target.o

    ----------------------------------------------------------------------
      1736        404        133        276       9468      61623   Object Totals
        12          4          0          0       9280          0   (incl. Generated)
         0          0          0          0          0          0   (incl. Padding)

    ----------------------------------------------------------------------

      Code (inc. data)   RO Data    RW Data    ZI Data      Debug   Library Member Name

      3832        188          0          1          0       8679   ClockSBL1.o
         4          0          0          0          0        486   DALModEnv.o
       844         64          0          4        180        780   HALsbi.o
      1940        112        112          0          0       1100   HALsbiPmicArbiter.o
       668          8          0          0          0        632   HALsbiPmicArbiterCmd.o
         4          0         89          0          0         68   HALsbiTarget.o
       180         12          0          1         32       3178   HALsdcc.o
       372         24          0          0          0       3926   HALsdcc_sdcc4.o
       140          0          0          0          0        456   HALsdcc_util.o
        40          4          0          8          0        901   busywait.o
       104          0          0          0          0        615   busywait_hw_rpm_tmr0.o
        68          6          0          0          0         92   __2snprintf.o
         4          0          0          0          0        120   __printf.o
       214          0          0          0          0         88   __printf_ss.o
         8          0          0          0          0          0   _printf_c.o
        58          0          0          0          0        112   _printf_char.o
        48          4          0          0          0         96   _printf_char_common.o
         8          0          0          0          0          0   _printf_d.o
       120         18          0          0          0         88   _printf_dec.o
       182          0          0          0          0         96   _printf_intcommon.o
         4          0          0          0          0          0   _printf_percent.o
         8          0          0          0          0          0   _printf_percent_end.o
         8          0          0          0          0          0   _printf_s.o
        88          0          0          0          0         84   _printf_str.o
         8          0          0          0          0          0   _printf_u.o
        16          0          0          0          0         60   _snputc.o
        10          0          0          0          0         60   _sputc.o
         4          0          0          0          0         68   aeabi_idiv0_sigfpe.o
       428          0          0          0          0        148   aeabi_sdiv.o
        24          0          0          0          0         80   defsig_fpe_formal.o
       126          0          0          0          0         72   memcmp.o
        20          0          0          0          0         80   rt_div0.o
        64          0          0          0          0         68   rt_memclr.o
        84          0          0          0          0         80   rt_memclr_w.o
       212          0          0          0          0         68   rt_memcpy.o
       100          0          0          0          0         80   rt_memcpy_w.o
        48          0          0          0          0         68   rtudiv10.o
       160          4          0          0          0         80   strcmp.o
       152          4          0          0          0         80   strlcpy.o
        76          4          0          0          0         76   strlen.o
        32          0          0          0          0         68   uread4.o
        32          0          0          0          0         68   uwrite4.o
         4          0          0          0          0       1105   err_stubs.o
       724         56          0          4          0      18222   fs_blockdev.o
       164          4          0         72          0      10711   fs_blockdev_devnull.o
       124          8        113         40          0       2402   fs_blockdev_devnull_driver.o
         8          0          0         12          0       1911   fs_blockdev_driver.o
      1544        100        543         92          0      17797   fs_blockdev_sd.o
       140          8        129        112          0       2473   fs_blockdev_sd_driver.o
       360         16          0         12        440      12902   fs_hotplug.o
      1192          4         63          0          0      16937   fs_hotplug_api.o
       120          8          0          0         16       1848   fs_hotplug_counters.o
       632         28          0          0          0      10770   fs_hotplug_dev.o
       368         24        565          0          0       1892   fs_hotplug_dev_state.o
      1644         36          0          4          0      11338   fs_hotplug_discover.o
       984         24         49          0         68      13147   fs_hotplug_iter.o
       140          0          0          0          0       6849   fs_hotplug_mount.o
      3016         36       1086          8        632      20518   fs_hotplug_parser.o
       404         36        566          4       3648      15190   fs_hotplug_partition.o
       408         20        228          0          0       9524   fs_hotplug_poll.o
        44          0          0          0          0       5173   fs_hotplug_task.o
      1248         64        144         16          0      10717   sdcc_bsp_boot.o
         8          0          0          0          0       1231   sdcc_debug.o
       388         28          0          8        384       4298   sdcc_handle_util.o
      1544          8          0          8          0      49092   sdcc_mini_api.o
      2076         28          0          0        512      11027   sdcc_mmc_util.o
      3176         64          0          0          0      31314   sdcc_pal_tool.o
      1680         32          0          0        128      12623   sdcc_sd_util.o
      2736         64          0         16        704      22330   sdcc_util.o
      1774         74          0          0          0       1228   pm_boot_chg.o
       116          4          0          0          0         92   pm_boot_clocks.o
        48          4          0          0          0         80   pm_boot_wdog.o
      1464         24          0          4         40        872   pm_rpm_boot.o
         8          0          0          0          0       8687   pmic_sbl1_gen_app.o
     14088         52          0          0          0      17184   pmic_sbl1_gen_driver.o
       160          8          0          0          0       1136   pmic_sbl1_gen_init.o
      1560         60          0         20          0      26560   qhsusb_al_chg.o
      2444         12          0         12          0      19999   qhsusb_dcd_ch9.o
      3508        236          0         28      12864      31162   qhsusb_dci.o
      1572         32          0         12         24      37010   qhsusb_dci_8064.o
       176         12          0          0          0       6377   qhsusb_dci_8064_hw_apis_sbl1.o
       216         20         34        364          0       8602   qhsusb_fd_chg.o
       560         52         42         12         12        524   sbi_mini.o
       124          8          0          4          0       1222   boot_arm7.o
       132         12         32          4          0       1378   boot_auth_qd_cert.o
       516         60        104          4         52       3924   boot_clobber_prot.o
       352         32        112          0          0       2997   boot_clobber_prot_local.o
      1012         60        100          0          0       5588   boot_config.o
       712        200        104         20         32      11105   boot_error_handler.o
        88         48          0          0          0       1150   boot_flash.o
       248         48        104          8          0       4485   boot_flash_dev_if.o
      1048        144        136         56        568      23413   boot_flash_dev_sdcc.o
       164         32        108          8          0       4017   boot_flash_dev_sdcc_if.o
       120         16        103          0          0       1649   boot_flash_target.o
       912         72        176         32         72      12281   boot_flash_trans_sdcc.o
         0          0          0         16          0       4718   boot_gpt_partition_id.o
       580         24        100          0          0      10385   boot_loader.o
       256         16          0          4          0       6616   boot_logger.o
        64          0          0          0          0       1446   boot_logger_jtag.o
       516         28          0        118          0       3979   boot_logger_ram.o
       356          8          0          0          0       4965   boot_logger_timer.o
       108         12         93          0          0       1273   boot_mc.o
       516         40        108          4          0       3336   boot_pbl_authenticator.o
       304         64        100          0        112       3472   boot_pbl_v1.o
        84          0          0          0          0       2502   boot_ram_init.o
      1384        144        216        280        668       7515   boot_sdcc_hotplug.o
       456          0          0          0          0       3772   boot_util.o
       252          4          0          0          0        496   boot_util_asm.o
        60          0          0          0          0       3044   BootTempCheck.o
       624         88          0          0          0       7584   HALtsens8064.o
       256          0          0          0          0       4097   TsensBoot.o
       280         32        176         48         99       3537   Tsensi_Conversion_8064.o

    ----------------------------------------------------------------------
     74648       2930       5643       1488      23140     651701   Library Totals
        12          0          8          8       1853          0   (incl. Padding)

    ----------------------------------------------------------------------

      Code (inc. data)   RO Data    RW Data    ZI Data      Debug   Library Name

      3832        188          0          1          0       8679   Clock_apq8064_SBL1.lib
         4          0          0          0          0        486   DALFwk_reduced.lib
      3456        184        201          4        180       2580   HALsbiboot.lib
       692         36          0          1         32       7560   HALsdcc.lib
       144          4          0          8          0       1516   busywait_hw_rpm_tmr0.lib
      2414         40          0          0          0       2080   c_t.l
         4          0          0          0          0       1105   err_stubs.lib
     12016        408       3342        360       4804     179604   hotplug.lib
     12856        288        144         48       1728     142632   mini_sdcc.lib
     14256         60          0          0          0      27007   pmic_rpm_boot_protected.lib
      3402        106          0          4         40       2272   pmic_rpm_boot_protected.lib
      9476        372         34        436      12888     129710   qhsusb_chg.lib
       560         52         42         12         12        524   sbi_mini.lib
     10304       1072       1696        558       1504     127684   secboot3_sbl_common.lib
      1220        120        176         48         99      18262   tsens.lib

    ----------------------------------------------------------------------
     74648       2930       5643       1488      23140     651701   Library Totals

    ----------------------------------------------------------------------

==============================================================================


      Code (inc. data)   RO Data    RW Data    ZI Data      Debug   

     76384       3334       5776       1764      32608     689956   Grand Totals
     76384       3334       5776       1764      32608     689956   ELF Image Totals
     76384       3334       5776       1764          0          0   ROM Totals

==============================================================================

    Total RO  Size (Code + RO Data)                82160 (  80.23kB)
    Total RW  Size (RW Data + ZI Data)             34372 (  33.57kB)
    Total ROM Size (Code + RO Data + RW Data)      83924 (  81.96kB)

==============================================================================

