ARM Linker, 4.1 [Build 713] DS-5 Ultimate Edition

==============================================================================

Image Symbol Table

    Local Symbols

    Symbol Name                              Value     Ov Type        Size  Object(Section)

    ../../angel/rt.s                         0x00000000   Number         0  aeabi_ldiv0_sigfpe.o ABSOLUTE
    ../../angel/rt.s                         0x00000000   Number         0  aeabi_ldiv0.o ABSOLUTE
    ../../angel/rt.s                         0x00000000   Number         0  aeabi_idiv0_sigfpe.o ABSOLUTE
    ../../angel/rt.s                         0x00000000   Number         0  aeabi_idiv0.o ABSOLUTE
    ../../angel/rt.s                         0x00000000   Number         0  rt_div0.o ABSOLUTE
    ../../angel/sys.s                        0x00000000   Number         0  use_no_semi.o ABSOLUTE
    ../../angel/sys.s                        0x00000000   Number         0  indicate_semi.o ABSOLUTE
    ../../angel/sysapp.c                     0x00000000   Number         0  sys_exit.o ABSOLUTE
    ../../angel/sysapp.c                     0x00000000   Number         0  sys_wrch.o ABSOLUTE
    ../../daddsub.s                          0x00000000   Number         0  daddsub_clz.o ABSOLUTE
    ../../dfixu.s                            0x00000000   Number         0  dfixu.o ABSOLUTE
    ../../dflt.s                             0x00000000   Number         0  dflt_clz.o ABSOLUTE
    ../../division.s                         0x00000000   Number         0  rtudiv10.o ABSOLUTE
    ../../division.s                         0x00000000   Number         0  aeabi_sdivfast_rs_div0.o ABSOLUTE
    ../../division.s                         0x00000000   Number         0  aeabi_sdivfast_rs.o ABSOLUTE
    ../../divrt.s                            0x00000000   Number         0  divrt_9e_div0.o ABSOLUTE
    ../../divrt.s                            0x00000000   Number         0  divrt_9e.o ABSOLUTE
    ../../dmul.s                             0x00000000   Number         0  dmul.o ABSOLUTE
    ../../dnaninf.s                          0x00000000   Number         0  dnaninf.o ABSOLUTE
    ../../dretinf.s                          0x00000000   Number         0  dretinf.o ABSOLUTE
    ../../longlong.s                         0x00000000   Number         0  lludiv5.o ABSOLUTE
    ../../longlong.s                         0x00000000   Number         0  llshl.o ABSOLUTE
    ../../memcpset.s                         0x00000000   Number         0  rt_memcpy.o ABSOLUTE
    ../../memcpset.s                         0x00000000   Number         0  rt_memmove.o ABSOLUTE
    ../../memcpset.s                         0x00000000   Number         0  rt_memmove_w.o ABSOLUTE
    ../../memcpset.s                         0x00000000   Number         0  aeabi_memset.o ABSOLUTE
    ../../memcpset.s                         0x00000000   Number         0  rt_memclr.o ABSOLUTE
    ../../memcpset.s                         0x00000000   Number         0  rt_memclr_w.o ABSOLUTE
    ../../memcpset.s                         0x00000000   Number         0  rt_memcpy_w_qsp.o ABSOLUTE
    ../../memcpset.s                         0x00000000   Number         0  strcmp.o ABSOLUTE
    ../../misc.s                             0x00000000   Number         0  printf_stubs.o ABSOLUTE
    ../../printf.c                           0x00000000   Number         0  __printf_flags_ss_wp.o ABSOLUTE
    ../../printf.c                           0x00000000   Number         0  __printf_ss_wp.o ABSOLUTE
    ../../printf.c                           0x00000000   Number         0  __printf_flags_wp.o ABSOLUTE
    ../../printf.c                           0x00000000   Number         0  __2snprintf.o ABSOLUTE
    ../../printf.c                           0x00000000   Number         0  _snputc.o ABSOLUTE
    ../../printf.c                           0x00000000   Number         0  _sputc.o ABSOLUTE
    ../../printf.c                           0x00000000   Number         0  _printf_char_common.o ABSOLUTE
    ../../printf.c                           0x00000000   Number         0  _printf_intcommon.o ABSOLUTE
    ../../printf.c                           0x00000000   Number         0  _printf_char.o ABSOLUTE
    ../../printf.c                           0x00000000   Number         0  __printf_flags_ss.o ABSOLUTE
    ../../printf.c                           0x00000000   Number         0  __printf_ss.o ABSOLUTE
    ../../printf.c                           0x00000000   Number         0  __printf_flags.o ABSOLUTE
    ../../printf.c                           0x00000000   Number         0  __printf_wp.o ABSOLUTE
    ../../printf.c                           0x00000000   Number         0  __printf_nopercent.o ABSOLUTE
    ../../printf.c                           0x00000000   Number         0  _printf_dec.o ABSOLUTE
    ../../printf.c                           0x00000000   Number         0  _printf_str.o ABSOLUTE
[...]
    0x2e00be28   0x00000098   Code   RO         2381    i.boot_notify_bl_jump_to_rpm  secboot3_sbl_common.lib(boot_sys_loader.o)
    0x2e00bec0   0x00000040   Code   RO         1763    i.boot_pbl_get_boot_stack_base  secboot3_sbl_common.lib(boot_pbl_v1.o)
    0x2e00bf00   0x00000040   Code   RO         1765    i.boot_pbl_get_flash_shared_data  secboot3_sbl_common.lib(boot_pbl_v1.o)
    0x2e00bf40   0x00000048   Code   RO         1766    i.boot_pbl_get_flash_type  secboot3_sbl_common.lib(boot_pbl_v1.o)
    0x2e00bf88   0x00000028   Code   RO         1772    i.boot_pbl_interface_init  secboot3_sbl_common.lib(boot_pbl_v1.o)
    0x2e00bfb0   0x00000010   Code   RO         1773    i.boot_pbl_is_auth_enabled  secboot3_sbl_common.lib(boot_pbl_v1.o)
    0x2e00bfc0   0x00000040   Code   RO         1774    i.boot_pbl_sha_hash  secboot3_sbl_common.lib(boot_pbl_v1.o)
    0x2e00c000   0x00000014   Code   RO         2122    i.boot_prefetch_abort_c_handler  secboot3_sbl_common.lib(boot_error_handler.o)
    0x2e00c014   0x00000034   Code   RO         1709    i.boot_ram_init     secboot3_sbl_common.lib(boot_ram_init.o)
    0x2e00c048   0x00000024   Code   RO         2123    i.boot_reserved_c_handler  secboot3_sbl_common.lib(boot_error_handler.o)
    0x2e00c06c   0x00000004   PAD
    0x2e00c070   0x00000024   Code   RO         3839    i.boot_rollback_count_set_bits  secboot3_sbl_common.lib(boot_rollback_version.o)
    0x2e00c094   0x00000034   Code   RO         3840    i.boot_rollback_read_failsafe_fuse_ver  secboot3_sbl_common.lib(boot_rollback_version.o)
    0x2e00c0c8   0x00000018   Code   RO         3841    i.boot_rollback_read_non_failsafe_fuse_version  secboot3_sbl_common.lib(boot_rollback_version.o)
    0x2e00c0e0   0x00000104   Code   RO         3842    i.boot_rollback_verify_version  secboot3_sbl_common.lib(boot_rollback_version.o)
    0x2e00c1e4   0x00000020   Code   RO         1738    i.boot_save_reset_register_log  secboot3_sbl_common.lib(boot_mc.o)
    0x2e00c204   0x000001ac   Code   RO         2452    i.boot_sbl_auth_image  secboot3_sbl_common.lib(boot_sbl_authenticator.o)
    0x2e00c3b0   0x00000018   Code   RO         1710    i.boot_scatterload_region  secboot3_sbl_common.lib(boot_ram_init.o)
    0x2e00c3c8   0x00000158   Code   RO         5061    i.boot_set_sdcc_boot_device_info  secboot3_sbl_common.lib(boot_flash_dev_sdcc.o)
    0x2e00c520   0x000001a4   Code   RO         2417    i.boot_share_extended_ddr_info  secboot3_sbl_common.lib(boot_ddr_info.o)
    0x2e00c6c4   0x00000004   Code   RO         1903    i.boot_share_flash_data  secboot3_sbl_common.lib(boot_flash.o)
    0x2e00c6c8   0x0000005c   Code   RO         1711    i.boot_shared_imem_init  secboot3_sbl_common.lib(boot_ram_init.o)
    0x2e00c724   0x00000024   Code   RO         3783    i.boot_start_timer  secboot3_sbl_common.lib(boot_logger_timer.o)
    0x2e00c748   0x0000006c   Code   RO         3784    i.boot_stop_timer   secboot3_sbl_common.lib(boot_logger_timer.o)
    0x2e00c7b4   0x00000004   PAD
    0x2e00c7b8   0x00000020   Code   RO         2068    i.boot_strlen       secboot3_sbl_common.lib(boot_util.o)
    0x2e00c7d8   0x00000024   Code   RO         2124    i.boot_swi_c_handler  secboot3_sbl_common.lib(boot_error_handler.o)
    0x2e00c7fc   0x00000024   Code   RO         2125    i.boot_undefined_instruction_c_handler  secboot3_sbl_common.lib(boot_error_handler.o)
    0x2e00c820   0x00000068   Code   RO         3061    i.busywait          busywait_hw_gpt0.lib(busywait_hw_gpt0.o)
    0x2e00c888   0x00000024   Code   RO         5726    i.busywait_config_cpu_freq  busywait_hw_gpt0.lib(busywait.o)
    0x2e00c8ac   0x00000024   Code   RO         5850    i.ceel_no_c_memcpy  CeEL.lib(CeEL.o)
    0x2e00c8d0   0x00000020   Code   RO         5851    i.ceel_no_c_memset  CeEL.lib(CeEL.o)
    0x2e00c8f0   0x0000002c   Code   RO         2671    i.cert_alg_to_hash_alg  secboot_auth.lib(secboot.o)
    0x2e00c91c   0x00000124   Code   RO         6103    i.check_mbr_signature  hotplug.lib(fs_hotplug_parser.o)
    0x2e00ca40   0x0000000c   Code   RO         3003    i.clk_regime_apps_init_boot  Clock_apq8064_SBL2.lib(ClockSBL2.o)
    0x2e00ca4c   0x00000018   Code   RO         3930    i.crypto_err_to_errno  secboot_auth.lib(secboot_hash.o)
    0x2e00ca64   0x000000a8   Code   RO         1302    i.ddr_enter_deep_power_down  DDR_DRIVERS.lib(ddr_drivers.o)
    0x2e00cb0c   0x000000b4   Code   RO         1303    i.ddr_enter_self_refresh  DDR_DRIVERS.lib(ddr_drivers.o)
    0x2e00cbc0   0x000000b4   Code   RO         1305    i.ddr_exit_deep_power_down  DDR_DRIVERS.lib(ddr_drivers.o)
    0x2e00cc74   0x000000b4   Code   RO         1306    i.ddr_exit_self_refresh  DDR_DRIVERS.lib(ddr_drivers.o)
    0x2e00cd28   0x00000188   Code   RO         1309    i.ddr_get_info      DDR_DRIVERS.lib(ddr_drivers.o)
    0x2e00ceb0   0x0000007c   Code   RO         1235    i.ddr_get_params    DDR_DRIVERS.lib(ddr_params.o)
    0x2e00cf2c   0x000000dc   Code   RO         1414    i.ddr_get_partition  DDR_DRIVERS.lib(ddr_target.o)
    0x2e00d008   0x00000148   Code   RO         1310    i.ddr_get_size      DDR_DRIVERS.lib(ddr_drivers.o)
    0x2e00d150   0x00000040   Code   RO         1236    i.ddr_get_trained_params  DDR_DRIVERS.lib(ddr_params.o)
    0x2e00d190   0x000000bc   Code   RO         1312    i.ddr_init          DDR_DRIVERS.lib(ddr_drivers.o)
    0x2e00d24c   0x00000138   Code   RO         1313    i.ddr_initialize_device  DDR_DRIVERS.lib(ddr_drivers.o)
    0x2e00d384   0x00000014   Code   RO         1314    i.ddr_manufactureid  DDR_DRIVERS.lib(ddr_drivers.o)
    0x2e00d398   0x00000010   Code   RO         1237    i.ddr_param_interleaved  DDR_DRIVERS.lib(ddr_params.o)
    0x2e00d3a8   0x000000d8   Code   RO         1238    i.ddr_params_detection  DDR_DRIVERS.lib(ddr_params.o)
    0x2e00d480   0x00000018   Code   RO         1239    i.ddr_params_get_partition  DDR_DRIVERS.lib(ddr_params.o)
    0x2e00d498   0x00000030   Code   RO         1240    i.ddr_params_is_training_required  DDR_DRIVERS.lib(ddr_params.o)
    0x2e00d4c8   0x00000064   Code   RO         1241    i.ddr_params_set_partition  DDR_DRIVERS.lib(ddr_params.o)
    0x2e00d52c   0x0000007c   Code   RO         1242    i.ddr_params_set_shared_memory  DDR_DRIVERS.lib(ddr_params.o)
    0x2e00d5a8   0x00000098   Code   RO         1415    i.ddr_post_clock_switch  DDR_DRIVERS.lib(ddr_target.o)
    0x2e00d640   0x000000a8   Code   RO         1418    i.ddr_pre_clock_switch  DDR_DRIVERS.lib(ddr_target.o)
    0x2e00d6e8   0x000000b4   Code   RO         1243    i.ddr_set_params    DDR_DRIVERS.lib(ddr_params.o)
    0x2e00d79c   0x00000064   Code   RO         1421    i.ddr_target_init   DDR_DRIVERS.lib(ddr_target.o)
    0x2e00d800   0x00000128   Code   RO         3232    i.ddr_test          DDR_TEST.lib(ddr_test.o)
    0x2e00d928   0x0000027c   Code   RO         3233    i.ddr_test_access   DDR_TEST.lib(ddr_test.o)
    0x2e00dba4   0x00000094   Code   RO         3234    i.ddr_test_all      DDR_TEST.lib(ddr_test.o)
    0x2e00dc38   0x000001cc   Code   RO         3235    i.ddr_test_deep_power_down  DDR_TEST.lib(ddr_test.o)
    0x2e00de04   0x00000004   Code   RO         3236    i.ddr_test_exit     DDR_TEST.lib(ddr_test.o)
    0x2e00de08   0x00000028   Code   RO         3237    i.ddr_test_mem_map  DDR_TEST.lib(ddr_test.o)
    0x2e00de30   0x000000ac   Code   RO         3238    i.ddr_test_own_addr  DDR_TEST.lib(ddr_test.o)
    0x2e00dedc   0x00000004   PAD
    0x2e00dee0   0x00000218   Code   RO         3239    i.ddr_test_self_refresh  DDR_TEST.lib(ddr_test.o)
    0x2e00e0f8   0x0000001c   Code   RO         7499    i.delay1ms          extdrv_i2c_v2.lib(flash_extdrv_i2c_v2.o)
    0x2e00e114   0x0000001c   Code   RO         7729    i.delay1ms          extdrv_i2c_v2.lib(flash_extdrv_i2c_8064.o)
    0x2e00e130   0x00000060   Code   RO         5062    i.dev_sdcc_close_file_by_handle  secboot3_sbl_common.lib(boot_flash_dev_sdcc.o)
    0x2e00e190   0x00000060   Code   RO         5063    i.dev_sdcc_close_file_by_image_type  secboot3_sbl_common.lib(boot_flash_dev_sdcc.o)
    0x2e00e1f0   0x00000018   Code   RO         5064    i.dev_sdcc_close_image  secboot3_sbl_common.lib(boot_flash_dev_sdcc.o)
    0x2e00e208   0x00000004   Code   RO         5065    i.dev_sdcc_configure_partition_id  secboot3_sbl_common.lib(boot_flash_dev_sdcc.o)
    0x2e00e20c   0x00000008   Code   RO         5066    i.dev_sdcc_load_mibib_header  secboot3_sbl_common.lib(boot_flash_dev_sdcc.o)
    0x2e00e214   0x00000008   Code   RO         5067    i.dev_sdcc_load_mibib_header_with_cookie  secboot3_sbl_common.lib(boot_flash_dev_sdcc.o)
    0x2e00e21c   0x00000068   Code   RO         5068    i.dev_sdcc_open_image  secboot3_sbl_common.lib(boot_flash_dev_sdcc.o)
    0x2e00e284   0x00000008   Code   RO         5069    i.dev_sdcc_open_partition  secboot3_sbl_common.lib(boot_flash_dev_sdcc.o)
    0x2e00e28c   0x0000003c   Code   RO         5070    i.dev_sdcc_read     secboot3_sbl_common.lib(boot_flash_dev_sdcc.o)
    0x2e00e2c8   0x000001ac   Code   RO         2586    i.dev_sdcc_read_bytes  secboot3_sbl_common.lib(boot_sdcc_hotplug.o)
    0x2e00e474   0x0000003c   Code   RO         5071    i.dev_sdcc_read_segment  secboot3_sbl_common.lib(boot_flash_dev_sdcc.o)
    0x2e00e4b0   0x000000d0   Code   RO         2587    i.dev_sdcc_write_bytes  secboot3_sbl_common.lib(boot_sdcc_hotplug.o)
    0x2e00e580   0x000001c8   Code   RO         5170    i.div32             secmath.lib(secmath_barrett_reduce.o)
    0x2e00e748   0x00000004   Code   RO         2588    i.do_hotplug_init   secboot3_sbl_common.lib(boot_sdcc_hotplug.o)
    0x2e00e74c   0x00000004   Code   RO          905    i.err_Fatal3        err_stubs.lib(err_stubs.o)
    0x2e00e750   0x00000080   Code   RO         5160    i.find_bn_MSB       secmath.lib(secmath_montmul_utils.o)
    0x2e00e7d0   0x00000010   Code   RO         5878    i.flash_dal_begin_erase_block  DALflash.lib(flash_dal.o)
    0x2e00e7e0   0x00000010   Code   RO         5879    i.flash_dal_block_get_state  DALflash.lib(flash_dal.o)
    0x2e00e7f0   0x00000010   Code   RO         5880    i.flash_dal_block_set_state  DALflash.lib(flash_dal.o)
    0x2e00e800   0x00000010   Code   RO         5881    i.flash_dal_close   DALflash.lib(flash_dal.o)
    0x2e00e810   0x00000010   Code   RO         5882    i.flash_dal_copy_pages  DALflash.lib(flash_dal.o)
    0x2e00e820   0x00000034   Code   RO         5883    i.flash_dal_device_deinit  DALflash.lib(flash_dal.o)
    0x2e00e854   0x000000a0   Code   RO         5884    i.flash_dal_device_init  DALflash.lib(flash_dal.o)
    0x2e00e8f4   0x00000008   Code   RO         5885    i.flash_dal_driver_deinit  DALflash.lib(flash_dal.o)
    0x2e00e8fc   0x00000008   Code   RO         5886    i.flash_dal_driver_init  DALflash.lib(flash_dal.o)
    0x2e00e904   0x00000010   Code   RO         5887    i.flash_dal_erase_blocks  DALflash.lib(flash_dal.o)
    0x2e00e914   0x0000001c   Code   RO         5888    i.flash_dal_erase_blocks_by_size  DALflash.lib(flash_dal.o)
    0x2e00e930   0x00000010   Code   RO         5889    i.flash_dal_erase_resume  DALflash.lib(flash_dal.o)
    0x2e00e940   0x00000010   Code   RO         5890    i.flash_dal_erase_suspend  DALflash.lib(flash_dal.o)
    0x2e00e950   0x00000010   Code   RO         5891    i.flash_dal_get_info  DALflash.lib(flash_dal.o)
    0x2e00e960   0x00000010   Code   RO         5892    i.flash_dal_get_status  DALflash.lib(flash_dal.o)
    0x2e00e970   0x0000001c   Code   RO         5893    i.flash_dal_get_uuid  DALflash.lib(flash_dal.o)
    0x2e00e98c   0x00000010   Code   RO         5894    i.flash_dal_info    DALflash.lib(flash_dal.o)
    0x2e00e99c   0x00000008   Code   RO         5895    i.flash_dal_open    DALflash.lib(flash_dal.o)
    0x2e00e9a4   0x00000010   Code   RO         5896    i.flash_dal_open_partition  DALflash.lib(flash_dal.o)
    0x2e00e9b4   0x00000010   Code   RO         5897    i.flash_dal_power_event  DALflash.lib(flash_dal.o)
    0x2e00e9c4   0x0000001c   Code   RO         5898    i.flash_dal_read_pages  DALflash.lib(flash_dal.o)
    0x2e00e9e0   0x00000010   Code   RO         5899    i.flash_dal_read_pointer  DALflash.lib(flash_dal.o)
    0x2e00e9f0   0x00000010   Code   RO         5900    i.flash_dal_set_power_mode  DALflash.lib(flash_dal.o)
    0x2e00ea00   0x0000001c   Code   RO         5902    i.flash_dal_write_2x_pages  DALflash.lib(flash_dal.o)
    0x2e00ea1c   0x0000001c   Code   RO         5903    i.flash_dal_write_pages  DALflash.lib(flash_dal.o)
    0x2e00ea38   0x00000010   Code   RO         5904    i.flash_dal_write_partial_page  DALflash.lib(flash_dal.o)
    0x2e00ea48   0x00000008   Code   RO         5231    i.flash_fwk_addref  DALflash.lib(flash_dal_fwk.o)
    0x2e00ea50   0x000000c4   Code   RO         5232    i.flash_fwk_attach  DALflash.lib(flash_dal_fwk.o)
    0x2e00eb14   0x00000008   Code   RO         5233    i.flash_fwk_begin_erase_block  DALflash.lib(flash_dal_fwk.o)
    0x2e00eb1c   0x00000008   Code   RO         5234    i.flash_fwk_block_get_state  DALflash.lib(flash_dal_fwk.o)
    0x2e00eb24   0x00000008   Code   RO         5235    i.flash_fwk_block_set_state  DALflash.lib(flash_dal_fwk.o)
    0x2e00eb2c   0x00000008   Code   RO         5236    i.flash_fwk_close   DALflash.lib(flash_dal_fwk.o)
    0x2e00eb34   0x00000008   Code   RO         5237    i.flash_fwk_copy_pages  DALflash.lib(flash_dal_fwk.o)
    0x2e00eb3c   0x00000008   Code   RO         5238    i.flash_fwk_deinit  DALflash.lib(flash_dal_fwk.o)
    0x2e00eb44   0x00000004   PAD
    0x2e00eb48   0x0000006c   Code   RO         5239    i.flash_fwk_detach  DALflash.lib(flash_dal_fwk.o)
    0x2e00ebb4   0x00000008   Code   RO         5240    i.flash_fwk_erase_blocks  DALflash.lib(flash_dal_fwk.o)
    0x2e00ebbc   0x00000008   Code   RO         5241    i.flash_fwk_erase_blocks_by_size  DALflash.lib(flash_dal_fwk.o)
    0x2e00ebc4   0x00000008   Code   RO         5242    i.flash_fwk_erase_resume  DALflash.lib(flash_dal_fwk.o)
    0x2e00ebcc   0x00000008   Code   RO         5243    i.flash_fwk_erase_suspend  DALflash.lib(flash_dal_fwk.o)
    0x2e00ebd4   0x00000008   Code   RO         5244    i.flash_fwk_get_daldevice_info  DALflash.lib(flash_dal_fwk.o)
    0x2e00ebdc   0x00000008   Code   RO         5245    i.flash_fwk_get_info  DALflash.lib(flash_dal_fwk.o)
    0x2e00ebe4   0x00000008   Code   RO         5246    i.flash_fwk_get_status  DALflash.lib(flash_dal_fwk.o)
    0x2e00ebec   0x00000008   Code   RO         5247    i.flash_fwk_get_uuid  DALflash.lib(flash_dal_fwk.o)
    0x2e00ebf4   0x00000008   Code   RO         5248    i.flash_fwk_handle_power_event  DALflash.lib(flash_dal_fwk.o)
    0x2e00ebfc   0x00000008   Code   RO         5249    i.flash_fwk_handle_sys_request  DALflash.lib(flash_dal_fwk.o)
    0x2e00ec04   0x0000002c   Code   RO         5250    i.flash_fwk_init    DALflash.lib(flash_dal_fwk.o)
    0x2e00ec30   0x00000008   Code   RO         5251    i.flash_fwk_open    DALflash.lib(flash_dal_fwk.o)
    0x2e00ec38   0x00000008   Code   RO         5252    i.flash_fwk_open_partition  DALflash.lib(flash_dal_fwk.o)
    0x2e00ec40   0x00000008   Code   RO         5253    i.flash_fwk_read_pages  DALflash.lib(flash_dal_fwk.o)
    0x2e00ec48   0x00000008   Code   RO         5254    i.flash_fwk_read_pointer  DALflash.lib(flash_dal_fwk.o)
    0x2e00ec50   0x00000008   Code   RO         5255    i.flash_fwk_set_power_mode  DALflash.lib(flash_dal_fwk.o)
    0x2e00ec58   0x00000008   Code   RO         5256    i.flash_fwk_write_2x_pages  DALflash.lib(flash_dal_fwk.o)
    0x2e00ec60   0x00000008   Code   RO         5257    i.flash_fwk_write_pages  DALflash.lib(flash_dal_fwk.o)
    0x2e00ec68   0x00000008   Code   RO         5258    i.flash_fwk_write_partial_page  DALflash.lib(flash_dal_fwk.o)
    0x2e00ec70   0x000000d4   Code   RO         7071    i.flash_get_property  DALflash.lib(flash_properties.o)
    0x2e00ed44   0x00000160   Code   RO         7500    i.flash_i2c_8bitaddr_write  extdrv_i2c_v2.lib(flash_extdrv_i2c_v2.o)
    0x2e00eea4   0x00000030   Code   RO         7501    i.flash_i2c_configure  extdrv_i2c_v2.lib(flash_extdrv_i2c_v2.o)
    0x2e00eed4   0x00000028   Code   RO         7502    i.flash_i2c_init    extdrv_i2c_v2.lib(flash_extdrv_i2c_v2.o)
    0x2e00eefc   0x0000016c   Code   RO         7503    i.flash_i2c_read    extdrv_i2c_v2.lib(flash_extdrv_i2c_v2.o)
    0x2e00f068   0x00000178   Code   RO         7504    i.flash_i2c_write   extdrv_i2c_v2.lib(flash_extdrv_i2c_v2.o)
    0x2e00f1e0   0x00000010   Code   RO         7705    i.flash_nor_i2c_get_configs  DALflash_i2c_nor.lib(flash_nor_i2c_config.o)
    0x2e00f1f0   0x00000010   Code   RO         7706    i.flash_nor_i2c_get_probe_table  DALflash_i2c_nor.lib(flash_nor_i2c_config.o)
    0x2e00f200   0x00000020   Code   RO         7822    i.flash_strcpy      DALflash.lib(flash_dal_util.o)
    0x2e00f220   0x0000025c   Code   RO         2490    i.get_config_data_table  secboot3_sbl_common.lib(boot_config_data.o)
    0x2e00f47c   0x00000004   PAD
    0x2e00f480   0x000001cc   Code   RO         2589    i.get_hotplug_dev_handle  secboot3_sbl_common.lib(boot_sdcc_hotplug.o)
    0x2e00f64c   0x00000054   Code   RO         6104    i.gpt_calc_crc32    hotplug.lib(fs_hotplug_parser.o)
    0x2e00f6a0   0x0000037c   Code   RO         6105    i.gpt_check_header  hotplug.lib(fs_hotplug_parser.o)
    0x2e00fa1c   0x00000084   Code   RO         6106    i.gpt_get_next_partition_entry  hotplug.lib(fs_hotplug_parser.o)
    0x2e00faa0   0x000000e8   Code   RO         5415    i.hotplug_add_entire_device  hotplug.lib(fs_hotplug_discover.o)
    0x2e00fb88   0x00000148   Code   RO         5416    i.hotplug_add_gpt_partition  hotplug.lib(fs_hotplug_discover.o)
    0x2e00fcd0   0x000000d0   Code   RO         5417    i.hotplug_add_hard_partition  hotplug.lib(fs_hotplug_discover.o)
    0x2e00fda0   0x00000030   Code   RO         4156    i.hotplug_add_hdev_to_phy_hdev  hotplug.lib(fs_hotplug_dev.o)
    0x2e00fdd0   0x000000ac   Code   RO         5418    i.hotplug_add_mbr_partition  hotplug.lib(fs_hotplug_discover.o)
    0x2e00fe7c   0x00000030   Code   RO         4157    i.hotplug_add_partition  hotplug.lib(fs_hotplug_dev.o)
    0x2e00feac   0x0000016c   Code   RO         4212    i.hotplug_change_physical_dev_state  hotplug.lib(fs_hotplug_dev_state.o)
    0x2e010018   0x00000054   Code   RO         2784    i.hotplug_close_device  hotplug.lib(fs_hotplug_api.o)
    0x2e01006c   0x00000004   PAD
    0x2e010070   0x00000088   Code   RO         2590    i.hotplug_close_device_by_handle  secboot3_sbl_common.lib(boot_sdcc_hotplug.o)
    0x2e0100f8   0x000000e0   Code   RO         2591    i.hotplug_close_device_by_image_type  secboot3_sbl_common.lib(boot_sdcc_hotplug.o)
    0x2e0101d8   0x00000020   Code   RO         4134    i.hotplug_counters_init  hotplug.lib(fs_hotplug_counters.o)
    0x2e0101f8   0x00000058   Code   RO         4135    i.hotplug_counters_update  hotplug.lib(fs_hotplug_counters.o)
    0x2e010250   0x00000048   Code   RO         2789    i.hotplug_dev_get_size  hotplug.lib(fs_hotplug_api.o)
    0x2e010298   0x00000068   Code   RO         2794    i.hotplug_dev_read  hotplug.lib(fs_hotplug_api.o)
    0x2e010300   0x00000068   Code   RO         2797    i.hotplug_dev_write  hotplug.lib(fs_hotplug_api.o)
    0x2e010368   0x000001e8   Code   RO         5419    i.hotplug_discover_device  hotplug.lib(fs_hotplug_discover.o)
    0x2e010550   0x00000060   Code   RO         6107    i.hotplug_fat_parse_check  hotplug.lib(fs_hotplug_parser.o)
    0x2e0105b0   0x000000a8   Code   RO         4158    i.hotplug_find_partition  hotplug.lib(fs_hotplug_dev.o)
    0x2e010658   0x00000080   Code   RO         4159    i.hotplug_find_physical_device  hotplug.lib(fs_hotplug_dev.o)
    0x2e0106d8   0x00000010   Code   RO         6108    i.hotplug_gpt_parse_close  hotplug.lib(fs_hotplug_parser.o)
    0x2e0106e8   0x000000c0   Code   RO         6109    i.hotplug_gpt_parse_open  hotplug.lib(fs_hotplug_parser.o)
    0x2e0107a8   0x00000058   Code   RO         6110    i.hotplug_gpt_parse_read  hotplug.lib(fs_hotplug_parser.o)
    0x2e010800   0x00000068   Code   RO         4160    i.hotplug_hdev_alloc  hotplug.lib(fs_hotplug_dev.o)
    0x2e010868   0x0000003c   Code   RO         4161    i.hotplug_hdev_free  hotplug.lib(fs_hotplug_dev.o)
    0x2e0108a4   0x00000040   Code   RO         2684    i.hotplug_init      hotplug.lib(fs_hotplug.o)
    0x2e0108e4   0x00000028   Code   RO         4340    i.hotplug_init_partitions  hotplug.lib(fs_hotplug_partition.o)
    0x2e01090c   0x00000004   PAD
    0x2e010910   0x0000012c   Code   RO         2685    i.hotplug_init_physical_devices  hotplug.lib(fs_hotplug.o)
    0x2e010a3c   0x00000040   Code   RO         4283    i.hotplug_is_it_a_fat_partition  hotplug.lib(fs_hotplug_mount.o)
    0x2e010a7c   0x0000004c   Code   RO         4284    i.hotplug_is_mbr_fat_partition  hotplug.lib(fs_hotplug_mount.o)
    0x2e010ac8   0x0000002c   Code   RO         2803    i.hotplug_is_valid_hdev  hotplug.lib(fs_hotplug_api.o)
    0x2e010af4   0x00000054   Code   RO         2804    i.hotplug_is_valid_hdev_for_read_write  hotplug.lib(fs_hotplug_api.o)
    0x2e010b48   0x00000018   Code   RO         2805    i.hotplug_is_valid_parti  hotplug.lib(fs_hotplug_api.o)
    0x2e010b60   0x00000050   Code   RO         2806    i.hotplug_is_valid_physical_hdev  hotplug.lib(fs_hotplug_api.o)
    0x2e010bb0   0x00000020   Code   RO         4226    i.hotplug_iter_close  hotplug.lib(fs_hotplug_iter.o)
    0x2e010bd0   0x000001a4   Code   RO         4227    i.hotplug_iter_get_next  hotplug.lib(fs_hotplug_iter.o)
    0x2e010d74   0x0000007c   Code   RO         4228    i.hotplug_iter_get_next_partition  hotplug.lib(fs_hotplug_iter.o)
    0x2e010df0   0x000000b8   Code   RO         4229    i.hotplug_iter_goto_next_device  hotplug.lib(fs_hotplug_iter.o)
    0x2e010ea8   0x00000048   Code   RO         4230    i.hotplug_iter_goto_next_partition  hotplug.lib(fs_hotplug_iter.o)
    0x2e010ef0   0x00000010   Code   RO         4231    i.hotplug_iter_init  hotplug.lib(fs_hotplug_iter.o)
    0x2e010f00   0x0000006c   Code   RO         4232    i.hotplug_iter_open  hotplug.lib(fs_hotplug_iter.o)
    0x2e010f6c   0x00000088   Code   RO         6111    i.hotplug_mbr_check_extended  hotplug.lib(fs_hotplug_parser.o)
    0x2e010ff4   0x00000010   Code   RO         6112    i.hotplug_mbr_parse_close  hotplug.lib(fs_hotplug_parser.o)
    0x2e011004   0x00000038   Code   RO         6113    i.hotplug_mbr_parse_open  hotplug.lib(fs_hotplug_parser.o)
    0x2e01103c   0x00000104   Code   RO         6114    i.hotplug_mbr_read_extended  hotplug.lib(fs_hotplug_parser.o)
    0x2e011140   0x000000a0   Code   RO         6115    i.hotplug_mbr_read_primary  hotplug.lib(fs_hotplug_parser.o)
    0x2e0111e0   0x00000190   Code   RO         2808    i.hotplug_open_device  hotplug.lib(fs_hotplug_api.o)
    0x2e011370   0x00000078   Code   RO         2809    i.hotplug_open_device_by_gpt_partition_type  hotplug.lib(fs_hotplug_api.o)
    0x2e0113e8   0x00000060   Code   RO         2810    i.hotplug_open_device_by_partition_type  hotplug.lib(fs_hotplug_api.o)
    0x2e011448   0x00000074   Code   RO         4345    i.hotplug_partition_alloc  hotplug.lib(fs_hotplug_partition.o)
    0x2e0114bc   0x00000058   Code   RO         4346    i.hotplug_partition_ref  hotplug.lib(fs_hotplug_partition.o)
    0x2e011514   0x00000090   Code   RO         4347    i.hotplug_partition_unref  hotplug.lib(fs_hotplug_partition.o)
    0x2e0115a4   0x000000b8   Code   RO         4428    i.hotplug_poll_before_mounting_root  hotplug.lib(fs_hotplug_poll.o)
    0x2e01165c   0x000000d0   Code   RO         4429    i.hotplug_poll_do_discovery  hotplug.lib(fs_hotplug_poll.o)
    0x2e01172c   0x000000b4   Code   RO         6116    i.hotplug_pparser_cache_init  hotplug.lib(fs_hotplug_parser.o)
    0x2e0117e0   0x00000040   Code   RO         4162    i.hotplug_remove_hdev_from_phy_hdev  hotplug.lib(fs_hotplug_dev.o)
    0x2e011820   0x0000004c   Code   RO         2592    i.hotplug_set_general_partition_id  secboot3_sbl_common.lib(boot_sdcc_hotplug.o)
    0x2e01186c   0x00000028   Code   RO         4485    i.hotplug_task_discover_device  hotplug.lib(fs_hotplug_task.o)
    0x2e011894   0x000000c0   Code   RO         5420    i.hotplug_try_fat   hotplug.lib(fs_hotplug_discover.o)
    0x2e011954   0x0000002c   Code   RO         2815    i.hotplug_validate_physical_hdev  hotplug.lib(fs_hotplug_api.o)
    0x2e011980   0x00000044   Code   RO         7505    i.i2c_clk_init      extdrv_i2c_v2.lib(flash_extdrv_i2c_v2.o)
    0x2e0119c4   0x00000034   Code   RO         7506    i.i2c_core_set_state  extdrv_i2c_v2.lib(flash_extdrv_i2c_v2.o)
    0x2e0119f8   0x00000044   Code   RO         7730    i.i2c_device_cfg    extdrv_i2c_v2.lib(flash_extdrv_i2c_8064.o)
    0x2e011a3c   0x000001bc   Code   RO         7731    i.i2c_devices_enable  extdrv_i2c_v2.lib(flash_extdrv_i2c_8064.o)
    0x2e011bf8   0x00000038   Code   RO         7507    i.i2c_io_init       extdrv_i2c_v2.lib(flash_extdrv_i2c_v2.o)
    0x2e011c30   0x0000006c   Code   RO         7508    i.i2c_qup_config    extdrv_i2c_v2.lib(flash_extdrv_i2c_v2.o)
    0x2e011c9c   0x00000060   Code   RO         7509    i.i2c_qup_init      extdrv_i2c_v2.lib(flash_extdrv_i2c_v2.o)
    0x2e011cfc   0x00000184   Code   RO         7732    i.i2c_reconfigure   extdrv_i2c_v2.lib(flash_extdrv_i2c_8064.o)
    0x2e011e80   0x00000030   Code   RO         7510    i.i2c_state_error_check  extdrv_i2c_v2.lib(flash_extdrv_i2c_v2.o)
    0x2e011eb0   0x00000034   Code   RO         7511    i.i2c_write_complete_check  extdrv_i2c_v2.lib(flash_extdrv_i2c_v2.o)
    0x2e011ee4   0x00000064   Code   RO         5161    i.inverse32         secmath.lib(secmath_montmul_utils.o)
    0x2e011f48   0x00000004   Code   RO         7072    i.kick_watchdog     DALflash.lib(flash_properties.o)
    0x2e011f4c   0x00000010   Code   RO         3609    i.mmu_add_pagetable  sbl2_boot_core.lib(boot_page_table.o)
    0x2e011f5c   0x0000004c   Code   RO         3610    i.mmu_create_pagetable  sbl2_boot_core.lib(boot_page_table.o)
    0x2e011fa8   0x00000044   Code   RO         3611    i.mmu_invalidate_pagetable  sbl2_boot_core.lib(boot_page_table.o)
    0x2e011fec   0x000000d8   Code   RO         3612    i.mmu_map_block_as_l2_pages  sbl2_boot_core.lib(boot_page_table.o)
    0x2e0120c4   0x0000009c   Code   RO         3613    i.mmu_populate_pagetable  sbl2_boot_core.lib(boot_page_table.o)
    0x2e012160   0x00000300   Code   RO         3881    i.mod_exp           secmath.lib(secmath_mod_exp.o)
    0x2e012460   0x00000118   Code   RO         5154    i.montmul_one_ref   secmath.lib(secmath_montmul_ref.o)
    0x2e012578   0x000000e8   Code   RO         5155    i.montmul_ref       secmath.lib(secmath_montmul_ref.o)
    0x2e012660   0x000002a8   Code   RO         5171    i.mult_R_mod_m      secmath.lib(secmath_barrett_reduce.o)
    0x2e012908   0x00000008   Code   RO         7587    i.nor_entry_begin_erase_block  DALflash_i2c_nor.lib(flash_nor_entry_reduced.o)
    0x2e012910   0x00000008   Code   RO         7588    i.nor_entry_block_get_state  DALflash_i2c_nor.lib(flash_nor_entry_reduced.o)
    0x2e012918   0x00000008   Code   RO         7589    i.nor_entry_block_set_state  DALflash_i2c_nor.lib(flash_nor_entry_reduced.o)
    0x2e012920   0x00000008   Code   RO         7590    i.nor_entry_close   DALflash_i2c_nor.lib(flash_nor_entry_reduced.o)
    0x2e012928   0x00000008   Code   RO         7591    i.nor_entry_copy_pages  DALflash_i2c_nor.lib(flash_nor_entry_reduced.o)
    0x2e012930   0x00000024   Code   RO         7592    i.nor_entry_deinit  DALflash_i2c_nor.lib(flash_nor_entry_reduced.o)
    0x2e012954   0x00000064   Code   RO         7593    i.nor_entry_device_probe_reduced  DALflash_i2c_nor.lib(flash_nor_entry_reduced.o)
    0x2e0129b8   0x00000008   Code   RO         7594    i.nor_entry_erase_blocks  DALflash_i2c_nor.lib(flash_nor_entry_reduced.o)
    0x2e0129c0   0x00000008   Code   RO         7595    i.nor_entry_erase_blocks_by_size  DALflash_i2c_nor.lib(flash_nor_entry_reduced.o)
    0x2e0129c8   0x00000008   Code   RO         7596    i.nor_entry_erase_resume  DALflash_i2c_nor.lib(flash_nor_entry_reduced.o)
    0x2e0129d0   0x00000008   Code   RO         7597    i.nor_entry_erase_suspend  DALflash_i2c_nor.lib(flash_nor_entry_reduced.o)
    0x2e0129d8   0x00000030   Code   RO         7598    i.nor_entry_get_info  DALflash_i2c_nor.lib(flash_nor_entry_reduced.o)
    0x2e012a08   0x00000008   Code   RO         7599    i.nor_entry_get_status  DALflash_i2c_nor.lib(flash_nor_entry_reduced.o)
    0x2e012a10   0x00000008   Code   RO         7600    i.nor_entry_get_uuid  DALflash_i2c_nor.lib(flash_nor_entry_reduced.o)
    0x2e012a18   0x00000030   Code   RO         7601    i.nor_entry_open_partition  DALflash_i2c_nor.lib(flash_nor_entry_reduced.o)
    0x2e012a48   0x00000008   Code   RO         7602    i.nor_entry_power_event  DALflash_i2c_nor.lib(flash_nor_entry_reduced.o)
    0x2e012a50   0x00000034   Code   RO         7603    i.nor_entry_read_pages  DALflash_i2c_nor.lib(flash_nor_entry_reduced.o)
    0x2e012a84   0x00000008   Code   RO         7604    i.nor_entry_read_pointer  DALflash_i2c_nor.lib(flash_nor_entry_reduced.o)
    0x2e012a8c   0x00000008   Code   RO         7605    i.nor_entry_set_power_mode  DALflash_i2c_nor.lib(flash_nor_entry_reduced.o)
    0x2e012a94   0x00000008   Code   RO         7606    i.nor_entry_write_2x_pages  DALflash_i2c_nor.lib(flash_nor_entry_reduced.o)
    0x2e012a9c   0x00000034   Code   RO         7607    i.nor_entry_write_pages  DALflash_i2c_nor.lib(flash_nor_entry_reduced.o)
    0x2e012ad0   0x00000008   Code   RO         7608    i.nor_entry_write_partial_page  DALflash_i2c_nor.lib(flash_nor_entry_reduced.o)
    0x2e012ad8   0x00000008   Code   RO         7761    i.nor_i2c_close     DALflash_i2c_nor.lib(flash_nor_i2c_init.o)
    0x2e012ae0   0x00000114   Code   RO         7762    i.nor_i2c_configure_device_ctxt  DALflash_i2c_nor.lib(flash_nor_i2c_init.o)
    0x2e012bf4   0x00000010   Code   RO         7763    i.nor_i2c_deinit    DALflash_i2c_nor.lib(flash_nor_i2c_init.o)
    0x2e012c04   0x000000fc   Code   RO         7874    i.nor_i2c_get_info  DALflash_i2c_nor.lib(flash_nor_i2c_core.o)
    0x2e012d00   0x000000cc   Code   RO         7764    i.nor_i2c_init_client_info  DALflash_i2c_nor.lib(flash_nor_i2c_init.o)
    0x2e012dcc   0x0000001c   Code   RO         7765    i.nor_i2c_mem_deinit  DALflash_i2c_nor.lib(flash_nor_i2c_init.o)
    0x2e012de8   0x00000004   Code   RO         7766    i.nor_i2c_open_partition  DALflash_i2c_nor.lib(flash_nor_i2c_init.o)
    0x2e012dec   0x00000174   Code   RO         7767    i.nor_i2c_probe     DALflash_i2c_nor.lib(flash_nor_i2c_init.o)
    0x2e012f60   0x00000020   Code   RO         7768    i.nor_i2c_read_op   DALflash_i2c_nor.lib(flash_nor_i2c_init.o)
    0x2e012f80   0x00000090   Code   RO         7875    i.nor_i2c_read_pages  DALflash_i2c_nor.lib(flash_nor_i2c_core.o)
    0x2e013010   0x00000020   Code   RO         7769    i.nor_i2c_write_op  DALflash_i2c_nor.lib(flash_nor_i2c_init.o)
    0x2e013030   0x0000009c   Code   RO         7876    i.nor_i2c_write_pages  DALflash_i2c_nor.lib(flash_nor_i2c_core.o)
    0x2e0130cc   0x00000198   Code   RO         5211    i.pbl_clk_julian_to_secs  secboot_auth.lib(secboot_asn1.o)
    0x2e013264   0x000000a0   Code   RO         5212    i.pbl_secasn1_close_sequence  secboot_auth.lib(secboot_asn1.o)
    0x2e013304   0x00000068   Code   RO         5213    i.pbl_secasn1_decode_bit_string  secboot_auth.lib(secboot_asn1.o)
    0x2e01336c   0x00000048   Code   RO         5214    i.pbl_secasn1_decode_boolean  secboot_auth.lib(secboot_asn1.o)
    0x2e0133b4   0x0000009c   Code   RO         5215    i.pbl_secasn1_decode_length  secboot_auth.lib(secboot_asn1.o)
    0x2e013450   0x00000054   Code   RO         5216    i.pbl_secasn1_decode_tag  secboot_auth.lib(secboot_asn1.o)
    0x2e0134a4   0x00000004   PAD
    0x2e0134a8   0x00000254   Code   RO         5217    i.pbl_secasn1_decode_time  secboot_auth.lib(secboot_asn1.o)
    0x2e0136fc   0x0000004c   Code   RO         5218    i.pbl_secasn1_end   secboot_auth.lib(secboot_asn1.o)
    0x2e013748   0x00000198   Code   RO         5219    i.pbl_secasn1_next_field  secboot_auth.lib(secboot_asn1.o)
    0x2e0138e0   0x00000098   Code   RO         5220    i.pbl_secasn1_start  secboot_auth.lib(secboot_asn1.o)
    0x2e013978   0x000000b8   Code   RO         3887    i.pbl_secx509_check_cert_list  secboot_auth.lib(secboot_x509.o)
    0x2e013a30   0x000000d8   Code   RO         3888    i.pbl_secx509_check_issued  secboot_auth.lib(secboot_x509.o)
    0x2e013b08   0x00000020   Code   RO         3889    i.pbl_secx509_check_purpose  secboot_auth.lib(secboot_x509.o)
    0x2e013b28   0x00000080   Code   RO         3890    i.pbl_secx509_get_asn1_cert_size  secboot_auth.lib(secboot_x509.o)
    0x2e013ba8   0x00000028   Code   RO         3891    i.pbl_secx509_name_cmp  secboot_auth.lib(secboot_x509.o)
    0x2e013bd0   0x000000cc   Code   RO         3892    i.pbl_secx509_parse_auth_key_id  secboot_auth.lib(secboot_x509.o)
    0x2e013c9c   0x000000fc   Code   RO         3893    i.pbl_secx509_parse_basic_constraint  secboot_auth.lib(secboot_x509.o)
    0x2e013d98   0x000001c4   Code   RO         3894    i.pbl_secx509_parse_cert_buffer  secboot_auth.lib(secboot_x509.o)
    0x2e013f5c   0x00000210   Code   RO         3895    i.pbl_secx509_parse_certificate  secboot_auth.lib(secboot_x509.o)
    0x2e01416c   0x000003e0   Code   RO         3896    i.pbl_secx509_parse_dn  secboot_auth.lib(secboot_x509.o)
    0x2e01454c   0x00000178   Code   RO         3897    i.pbl_secx509_parse_ex_key_usage  secboot_auth.lib(secboot_x509.o)
    0x2e0146c4   0x000002d0   Code   RO         3898    i.pbl_secx509_parse_extensions  secboot_auth.lib(secboot_x509.o)
    0x2e014994   0x00000070   Code   RO         3899    i.pbl_secx509_parse_gen_name_for_dir  secboot_auth.lib(secboot_x509.o)
    0x2e014a04   0x00000098   Code   RO         3900    i.pbl_secx509_parse_key_usage  secboot_auth.lib(secboot_x509.o)
    0x2e014a9c   0x000001e4   Code   RO         3901    i.pbl_secx509_parse_pub_key  secboot_auth.lib(secboot_x509.o)
    0x2e014c80   0x000000fc   Code   RO         3902    i.pbl_secx509_parse_sig_algorithm  secboot_auth.lib(secboot_x509.o)
    0x2e014d7c   0x000000c8   Code   RO         3903    i.pbl_secx509_parse_signature  secboot_auth.lib(secboot_x509.o)
    0x2e014e44   0x00000044   Code   RO         3904    i.pbl_secx509_parse_unique_id  secboot_auth.lib(secboot_x509.o)
    0x2e014e88   0x000000ec   Code   RO         3905    i.pbl_secx509_parse_validity  secboot_auth.lib(secboot_x509.o)
    0x2e014f74   0x00000078   Code   RO         3906    i.pbl_secx509_parse_version  secboot_auth.lib(secboot_x509.o)
    0x2e014fec   0x0000006c   Code   RO         3907    i.pbl_secx509_skip_num_certs  secboot_auth.lib(secboot_x509.o)
    0x2e015058   0x00000270   Code   RO         2672    i.pbl_verify_boot_certs  secboot_auth.lib(secboot.o)
    0x2e0152c8   0x0000001c   Code   RO         2665    i.pm_device_init    pmic_pwr_boot_protected.lib(pm_boot.o)
    0x2e0152e4   0x0000017c   Code   RO         2666    i.pm_enable_ddr_power_rail  pmic_pwr_boot_protected.lib(pm_boot.o)
    0x2e015460   0x00000018   Code   RO         2667    i.pm_sbl2_device_init  pmic_pwr_boot_protected.lib(pm_boot.o)
    0x2e015478   0x000000a4   Code   RO         6118    i.pparser_cache_read  hotplug.lib(fs_hotplug_parser.o)
    0x2e01551c   0x0000004c   Code   RO         6119    i.pparser_read_cache_check  hotplug.lib(fs_hotplug_parser.o)
    0x2e015568   0x00000058   Code   RO         6120    i.pparser_read_lba  hotplug.lib(fs_hotplug_parser.o)
    0x2e0155c0   0x00000178   Code   RO         2069    i.qmemcpy           secboot3_sbl_common.lib(boot_util.o)
    0x2e015738   0x00000028   Code   RO          767    i.rpm_load_cancel   sbl2_config.o
    0x2e015760   0x00000004   Code   RO         3073    i.sbi_mini_init     sbi_mini_pcddr3.lib(sbi_mini.o)
    0x2e015764   0x00000054   Code   RO         3077    i.sbi_mini_write_byte  sbi_mini_pcddr3.lib(sbi_mini.o)
    0x2e0157b8   0x00000004   Code   RO         1505    i.sbl2_boot_core_cache_mmu_disable  sbl2_boot_core.lib(sbl2_boot_core.o)
    0x2e0157bc   0x00000004   Code   RO         1506    i.sbl2_boot_core_cache_mmu_init  sbl2_boot_core.lib(sbl2_boot_core.o)
    0x2e0157c0   0x00000004   Code   RO         1507    i.sbl2_boot_core_cache_mmu_re_enable  sbl2_boot_core.lib(sbl2_boot_core.o)
    0x2e0157c4   0x00000004   Code   RO         1508    i.sbl2_boot_core_clk_regime_apps_init  sbl2_boot_core.lib(sbl2_boot_core.o)
    0x2e0157c8   0x00000018   Code   RO         1510    i.sbl2_boot_core_ddr_initialize_device  sbl2_boot_core.lib(sbl2_boot_core.o)
    0x2e0157e0   0x0000001c   Code   RO         1511    i.sbl2_boot_core_ddr_set_params  sbl2_boot_core.lib(sbl2_boot_core.o)
    0x2e0157fc   0x00000004   PAD
    0x2e015800   0x00000244   Code   RO         1512    i.sbl2_boot_core_fab_init  sbl2_boot_core.lib(sbl2_boot_core.o)
    0x2e015a44   0x000000b0   Code   RO         1513    i.sbl2_boot_core_fab_update  sbl2_boot_core.lib(sbl2_boot_core.o)
    0x2e015af4   0x00000004   Code   RO         1516    i.sbl2_boot_core_sysini  sbl2_boot_core.lib(sbl2_boot_core.o)
    0x2e015af8   0x00000048   Code   RO          160    i.sbl2_boot_logger_deinit  sbl2_mc.o
    0x2e015b40   0x00000034   Code   RO          161    i.sbl2_copy_sbl1_boot_log  sbl2_mc.o
    0x2e015b74   0x00000004   PAD
    0x2e015b78   0x00000104   Code   RO          395    i.sbl2_ddr_save_params  sbl2_hw.o
    0x2e015c7c   0x00000004   PAD
    0x2e015c80   0x000001f0   Code   RO          396    i.sbl2_ddr_set_params  sbl2_hw.o
    0x2e015e70   0x00000050   Code   RO          397    i.sbl2_hw_init      sbl2_hw.o
    0x2e015ec0   0x00000148   Code   RO          398    i.sbl2_hw_init_secondary  sbl2_hw.o
    0x2e016008   0x00000030   Code   RO          162    i.sbl2_init_modules  sbl2_mc.o
    0x2e016038   0x00000158   Code   RO          163    i.sbl2_main_ctl     sbl2_mc.o
    0x2e016190   0x000001b4   Code   RO          164    i.sbl2_retrieve_shared_info_from_sbl1  sbl2_mc.o
    0x2e016344   0x00000058   Code   RO          165    i.sbl2_update_shared_data  sbl2_mc.o
    0x2e01639c   0x000000f4   Code   RO          399    i.sbl2_validate_l2_buff_ptr  sbl2_hw.o
    0x2e016490   0x000000a4   Code   RO          768    i.sbl3_jump_func    sbl2_config.o
    0x2e016534   0x00000030   Code   RO         1968    i.sbl_auth_authenticate  secboot3_sbl_common.lib(boot_auth.o)
    0x2e016564   0x00000034   Code   RO         1969    i.sbl_auth_authenticate_image_with_cookie  secboot3_sbl_common.lib(boot_auth.o)
    0x2e016598   0x00000028   Code   RO         1970    i.sbl_auth_get_value  secboot3_sbl_common.lib(boot_auth.o)
    0x2e0165c0   0x0000003c   Code   RO         1971    i.sbl_auth_verify_certificate_chain  secboot3_sbl_common.lib(boot_auth.o)
    0x2e0165fc   0x00000004   Code   RO          725    i.sbl_dload_entry   sbl2_target.o
    0x2e016600   0x00000020   Code   RO          726    i.sbl_get_pagetable  sbl2_target.o
    0x2e016620   0x0000001c   Code   RO         2013    i.sbl_hash_compute_hash  secboot3_sbl_common.lib(boot_hash.o)
    0x2e01663c   0x00000008   Code   RO         2014    i.sbl_hash_get_digest_size  secboot3_sbl_common.lib(boot_hash.o)
    0x2e016644   0x00000004   PAD
    0x2e016648   0x00000054   Code   RO         2015    i.sbl_hash_install_hash_and_load_callback  secboot3_sbl_common.lib(boot_hash.o)
    0x2e01669c   0x00000018   Code   RO         2016    i.sbl_hash_pre_verify_hash  secboot3_sbl_common.lib(boot_hash.o)
    0x2e0166b4   0x00000064   Code   RO         2017    i.sbl_hash_verify_hash  secboot3_sbl_common.lib(boot_hash.o)
    0x2e016718   0x00000008   Code   RO         5461    i.sdcc_activity_timeout_event  mini_sdcc.lib(sdcc_mini_api.o)
    0x2e016720   0x0000003c   Code   RO         5462    i.sdcc_boot_set_device_info  mini_sdcc.lib(sdcc_mini_api.o)
    0x2e01675c   0x0000037c   Code   RO         6726    i.sdcc_bsp_config_clock  mini_sdcc.lib(sdcc_bsp_boot.o)
    0x2e016ad8   0x00000008   Code   RO         6727    i.sdcc_bsp_get_cache_align_size  mini_sdcc.lib(sdcc_bsp_boot.o)
    0x2e016ae0   0x0000000c   Code   RO         6729    i.sdcc_bsp_get_max_supported_clk  mini_sdcc.lib(sdcc_bsp_boot.o)
    0x2e016aec   0x0000001c   Code   RO         6730    i.sdcc_bsp_get_slot_type  mini_sdcc.lib(sdcc_bsp_boot.o)
    0x2e016b08   0x00000070   Code   RO         6731    i.sdcc_bsp_gpio_control  mini_sdcc.lib(sdcc_bsp_boot.o)
    0x2e016b78   0x0000006c   Code   RO         6732    i.sdcc_bsp_hw_clk_busy_wait  mini_sdcc.lib(sdcc_bsp_boot.o)
    0x2e016be4   0x00000060   Code   RO         6734    i.sdcc_bsp_to_clk   mini_sdcc.lib(sdcc_bsp_boot.o)
    0x2e016c44   0x00000008   Code   RO         6735    i.sdcc_bsp_vdd_configure  mini_sdcc.lib(sdcc_bsp_boot.o)
    0x2e016c4c   0x00000028   Code   RO         6686    i.sdcc_clear_client_handle_fields  mini_sdcc.lib(sdcc_handle_util.o)
    0x2e016c74   0x00000150   Code   RO         6393    i.sdcc_command      mini_sdcc.lib(sdcc_util.o)
    0x2e016dc4   0x00000060   Code   RO         6219    i.sdcc_complete_data_xfer  mini_sdcc.lib(sdcc_pal_tool.o)
    0x2e016e24   0x000000f4   Code   RO         6394    i.sdcc_config_clk   mini_sdcc.lib(sdcc_util.o)
    0x2e016f18   0x00000158   Code   RO         6220    i.sdcc_config_memory_device  mini_sdcc.lib(sdcc_pal_tool.o)
    0x2e017070   0x00000054   Code   RO         6585    i.sdcc_config_mmc_bus_width  mini_sdcc.lib(sdcc_mmc_util.o)
    0x2e0170c4   0x00000270   Code   RO         6586    i.sdcc_config_mmc_modes_segment  mini_sdcc.lib(sdcc_mmc_util.o)
    0x2e017334   0x00000068   Code   RO         6221    i.sdcc_config_rca   mini_sdcc.lib(sdcc_pal_tool.o)
    0x2e01739c   0x000000f4   Code   RO         6395    i.sdcc_decode_csd   mini_sdcc.lib(sdcc_util.o)
    0x2e017490   0x00000170   Code   RO         6587    i.sdcc_decode_extCSD  mini_sdcc.lib(sdcc_mmc_util.o)
    0x2e017600   0x0000009c   Code   RO         6588    i.sdcc_decode_mmc_cid  mini_sdcc.lib(sdcc_mmc_util.o)
    0x2e01769c   0x00000044   Code   RO         7356    i.sdcc_decode_scr   mini_sdcc.lib(sdcc_sd_util.o)
    0x2e0176e0   0x00000088   Code   RO         7357    i.sdcc_decode_sd_cid  mini_sdcc.lib(sdcc_sd_util.o)
    0x2e017768   0x00000034   Code   RO         7359    i.sdcc_decode_sd_status  mini_sdcc.lib(sdcc_sd_util.o)
    0x2e01779c   0x000000a4   Code   RO         6396    i.sdcc_decode_std_csd  mini_sdcc.lib(sdcc_util.o)
    0x2e017840   0x0000010c   Code   RO         7360    i.sdcc_decode_switch_data  mini_sdcc.lib(sdcc_sd_util.o)
    0x2e01794c   0x00000068   Code   RO         6397    i.sdcc_deinit       mini_sdcc.lib(sdcc_util.o)
    0x2e0179b4   0x00000088   Code   RO         6688    i.sdcc_deregister_client_handle  mini_sdcc.lib(sdcc_handle_util.o)
    0x2e017a3c   0x00000008   Code   RO         6528    i.sdcc_display_mem_device_info  mini_sdcc.lib(sdcc_debug.o)
    0x2e017a44   0x00000214   Code   RO         6222    i.sdcc_do_transfer  mini_sdcc.lib(sdcc_pal_tool.o)
    0x2e017c58   0x00000094   Code   RO         6591    i.sdcc_find_mmc_device  mini_sdcc.lib(sdcc_mmc_util.o)
    0x2e017cec   0x00000124   Code   RO         7361    i.sdcc_find_sd_device  mini_sdcc.lib(sdcc_sd_util.o)
    0x2e017e10   0x0000007c   Code   RO         6223    i.sdcc_get_cid      mini_sdcc.lib(sdcc_pal_tool.o)
    0x2e017e8c   0x0000002c   Code   RO         5465    i.sdcc_get_config_info  mini_sdcc.lib(sdcc_mini_api.o)
    0x2e017eb8   0x00000040   Code   RO         6592    i.sdcc_get_ext_csd  mini_sdcc.lib(sdcc_mmc_util.o)
    0x2e017ef8   0x00000114   Code   RO         6398    i.sdcc_get_memory_info  mini_sdcc.lib(sdcc_util.o)
    0x2e01800c   0x00000078   Code   RO         7362    i.sdcc_get_scr      mini_sdcc.lib(sdcc_sd_util.o)
    0x2e018084   0x0000003c   Code   RO         7363    i.sdcc_get_sd_speed_class  mini_sdcc.lib(sdcc_sd_util.o)
    0x2e0180c0   0x00000088   Code   RO         7364    i.sdcc_get_sd_status  mini_sdcc.lib(sdcc_sd_util.o)
    0x2e018148   0x00000020   Code   RO         6399    i.sdcc_get_slot_handle  mini_sdcc.lib(sdcc_util.o)
    0x2e018168   0x00000030   Code   RO         6400    i.sdcc_get_std_memory_info  mini_sdcc.lib(sdcc_util.o)
    0x2e018198   0x00000030   Code   RO         5466    i.sdcc_handle_close  mini_sdcc.lib(sdcc_mini_api.o)
    0x2e0181c8   0x000000ac   Code   RO         6224    i.sdcc_handle_find_card  mini_sdcc.lib(sdcc_pal_tool.o)
    0x2e018274   0x00000060   Code   RO         5470    i.sdcc_handle_is_mem_present  mini_sdcc.lib(sdcc_mini_api.o)
    0x2e0182d4   0x00000160   Code   RO         5471    i.sdcc_handle_mem_get_device_info  mini_sdcc.lib(sdcc_mini_api.o)
    0x2e018434   0x00000160   Code   RO         5472    i.sdcc_handle_open  mini_sdcc.lib(sdcc_mini_api.o)
    0x2e018594   0x00000140   Code   RO         6225    i.sdcc_handle_optimized_open  mini_sdcc.lib(sdcc_pal_tool.o)
    0x2e0186d4   0x000000f4   Code   RO         5473    i.sdcc_handle_read  mini_sdcc.lib(sdcc_mini_api.o)
    0x2e0187c8   0x00000008   Code   RO         5475    i.sdcc_handle_set_power_on_write_protection  mini_sdcc.lib(sdcc_mini_api.o)
    0x2e0187d0   0x000000f4   Code   RO         5477    i.sdcc_handle_write  mini_sdcc.lib(sdcc_mini_api.o)
    0x2e0188c4   0x0000016c   Code   RO         6401    i.sdcc_init         mini_sdcc.lib(sdcc_util.o)
    0x2e018a30   0x00000094   Code   RO         6226    i.sdcc_init_memory_device  mini_sdcc.lib(sdcc_pal_tool.o)
    0x2e018ac4   0x00000008   Code   RO         6227    i.sdcc_init_pal     mini_sdcc.lib(sdcc_pal_tool.o)
    0x2e018acc   0x0000000c   Code   RO         6403    i.sdcc_intf_on      mini_sdcc.lib(sdcc_util.o)
    0x2e018ad8   0x00000050   Code   RO         6689    i.sdcc_is_device_still_in_use  mini_sdcc.lib(sdcc_handle_util.o)
    0x2e018b28   0x00000030   Code   RO         6228    i.sdcc_is_partial_enumeration  mini_sdcc.lib(sdcc_pal_tool.o)
    0x2e018b58   0x000000f0   Code   RO         6594    i.sdcc_mmc_get_phy_partition_info  mini_sdcc.lib(sdcc_mmc_util.o)
    0x2e018c48   0x00000058   Code   RO         6595    i.sdcc_mmc_is_phy_partition_bootable  mini_sdcc.lib(sdcc_mmc_util.o)
    0x2e018ca0   0x00000068   Code   RO         6597    i.sdcc_mmc_set_partition_access  mini_sdcc.lib(sdcc_mmc_util.o)
    0x2e018d08   0x00000094   Code   RO         6599    i.sdcc_mmc_switch   mini_sdcc.lib(sdcc_mmc_util.o)
    0x2e018d9c   0x000000b8   Code   RO         6229    i.sdcc_partial_enumeration  mini_sdcc.lib(sdcc_pal_tool.o)
    0x2e018e54   0x000000d8   Code   RO         6404    i.sdcc_poll_status  mini_sdcc.lib(sdcc_util.o)
    0x2e018f2c   0x000000f0   Code   RO         6231    i.sdcc_read_fifo    mini_sdcc.lib(sdcc_pal_tool.o)
    0x2e01901c   0x00000078   Code   RO         6690    i.sdcc_register_client_handle  mini_sdcc.lib(sdcc_handle_util.o)
    0x2e019094   0x00000078   Code   RO         6405    i.sdcc_reset_reinit  mini_sdcc.lib(sdcc_util.o)
    0x2e01910c   0x00000194   Code   RO         7365    i.sdcc_sd_switch_to_hs  mini_sdcc.lib(sdcc_sd_util.o)
    0x2e0192a0   0x00000048   Code   RO         6406    i.sdcc_select_card  mini_sdcc.lib(sdcc_util.o)
    0x2e0192e8   0x000000dc   Code   RO         6407    i.sdcc_send_cmd     mini_sdcc.lib(sdcc_util.o)
    0x2e0193c4   0x00000050   Code   RO         6408    i.sdcc_send_status  mini_sdcc.lib(sdcc_util.o)
    0x2e019414   0x00000044   Code   RO         6232    i.sdcc_set_partition  mini_sdcc.lib(sdcc_pal_tool.o)
    0x2e019458   0x00000080   Code   RO         7366    i.sdcc_set_sd_bus_width  mini_sdcc.lib(sdcc_sd_util.o)
    0x2e0194d8   0x0000008c   Code   RO         6233    i.sdcc_setup_data_xfer  mini_sdcc.lib(sdcc_pal_tool.o)
    0x2e019564   0x0000003c   Code   RO         5480    i.sdcc_slot_has_support  mini_sdcc.lib(sdcc_mini_api.o)
    0x2e0195a0   0x00000048   Code   RO         6234    i.sdcc_wait_card_ready  mini_sdcc.lib(sdcc_pal_tool.o)
    0x2e0195e8   0x00000064   Code   RO         6235    i.sdcc_wait_data_xfer_complete  mini_sdcc.lib(sdcc_pal_tool.o)
    0x2e01964c   0x0000007c   Code   RO         6409    i.sdcc_wait_prog_done  mini_sdcc.lib(sdcc_util.o)
    0x2e0196c8   0x00000144   Code   RO         6236    i.sdcc_write_fifo   mini_sdcc.lib(sdcc_pal_tool.o)
    0x2e01980c   0x0000005c   Code   RO         3931    i.secboot_hash      secboot_auth.lib(secboot_hash.o)
    0x2e019868   0x00000100   Code   RO         3932    i.secboot_hashFinal  secboot_auth.lib(secboot_hash.o)
    0x2e019968   0x0000003c   Code   RO         3933    i.secboot_hashInit  secboot_auth.lib(secboot_hash.o)
    0x2e0199a4   0x00000074   Code   RO         3934    i.secboot_hashUpdate  secboot_auth.lib(secboot_hash.o)
    0x2e019a18   0x0000041c   Code   RO         2674    i.secboot_verify_code_signature  secboot_auth.lib(secboot.o)
    0x2e019e34   0x0000032c   Code   RO         2675    i.secboot_verify_x509_chain  secboot_auth.lib(secboot.o)
    0x2e01a160   0x000000d8   Code   RO         3882    i.secmath_BIGINT_modexp  secmath.lib(secmath_mod_exp.o)
    0x2e01a238   0x000000f0   Code   RO         3885    i.secmath_BIGINT_read_unsigned_bin  secmath.lib(secmath_BIGINT_read_unsigned_bin.o)
    0x2e01a328   0x0000003c   Code   RO         5162    i.secmath_compare   secmath.lib(secmath_montmul_utils.o)
    0x2e01a364   0x00000048   Code   RO         5163    i.sub               secmath.lib(secmath_montmul_utils.o)
    0x2e01a3ac   0x00000064   Code   RO          769    i.tz_exec_func      sbl2_config.o
    0x2e01a410   0x000007b0   Code   RO         3606    sysini              sbl2_boot_core.lib(kr_sysini.o)
    0x2e01abc0   0x00000150   Code   RO         7985    x$fpl$dadd          fz_2s.l(daddsub_clz.o)
    0x2e01ad10   0x0000005a   Code   RO         7991    x$fpl$dfixu         fz_2s.l(dfixu.o)
    0x2e01ad6a   0x00000026   Code   RO         7995    x$fpl$dfltu         fz_2s.l(dflt_clz.o)
    0x2e01ad90   0x00000154   Code   RO         8001    x$fpl$dmul          fz_2s.l(dmul.o)
    0x2e01aee4   0x0000009c   Code   RO         8030    x$fpl$dnaninf       fz_2s.l(dnaninf.o)
    0x2e01af80   0x0000000c   Code   RO         8032    x$fpl$dretinf       fz_2s.l(dretinf.o)
    0x2e01af8c   0x000001d4   Code   RO         7987    x$fpl$dsub          fz_2s.l(daddsub_clz.o)
    0x2e01b160   0x00000000   Code   RO         8034    x$fpl$usenofp       fz_2s.l(usenofp.o)
    0x2e01b160   0x0000006c   Data   RO          167    .constdata          sbl2_mc.o
    0x2e01b1cc   0x0000006c   Data   RO          400    .constdata          sbl2_hw.o
    0x2e01b238   0x0000006d   Data   RO          770    .constdata          sbl2_config.o
    0x2e01b2a5   0x00000003   PAD
    0x2e01b2a8   0x0000000c   Data   RO          982    .constdata          DALFwk_reduced.lib(DALModEnv.o)
    0x2e01b2b4   0x00000064   Data   RO         1639    .constdata          secboot3_sbl_common.lib(boot_loader.o)
    0x2e01b318   0x0000005d   Data   RO         1740    .constdata          secboot3_sbl_common.lib(boot_mc.o)
    0x2e01b375   0x00000003   PAD
    0x2e01b378   0x00000064   Data   RO         1776    .constdata          secboot3_sbl_common.lib(boot_pbl_v1.o)
    0x2e01b3dc   0x00000068   Data   RO         1857    .constdata          secboot3_sbl_common.lib(boot_clobber_prot.o)
    0x2e01b444   0x00000068   Data   RO         1935    .constdata          secboot3_sbl_common.lib(boot_flash_dev_if.o)
    0x2e01b4ac   0x00000008   Data   RO         1973    .constdata          secboot3_sbl_common.lib(boot_auth.o)
    0x2e01b4b4   0x00000068   Data   RO         2019    .constdata          secboot3_sbl_common.lib(boot_hash.o)
    0x2e01b51c   0x00000068   Data   RO         2126    .constdata          secboot3_sbl_common.lib(boot_error_handler.o)
    0x2e01b584   0x00000064   Data   RO         2293    .constdata          secboot3_sbl_common.lib(boot_config.o)
    0x2e01b5e8   0x00000064   Data   RO         2314    .constdata          secboot3_sbl_common.lib(boot_hash_if.o)
    0x2e01b64c   0x00000064   Data   RO         2349    .constdata          secboot3_sbl_common.lib(boot_auth_if.o)
    0x2e01b6b0   0x00000068   Data   RO         2383    .constdata          secboot3_sbl_common.lib(boot_sys_loader.o)
    0x2e01b718   0x00000064   Data   RO         2419    .constdata          secboot3_sbl_common.lib(boot_ddr_info.o)
    0x2e01b77c   0x0000006c   Data   RO         2454    .constdata          secboot3_sbl_common.lib(boot_sbl_authenticator.o)
    0x2e01b7e8   0x00000068   Data   RO         2492    .constdata          secboot3_sbl_common.lib(boot_config_data.o)
    0x2e01b850   0x000000d8   Data   RO         2594    .constdata          secboot3_sbl_common.lib(boot_sdcc_hotplug.o)
    0x2e01b928   0x00000034   Data   RO         2677    .constdata          secboot_auth.lib(secboot.o)
    0x2e01b95c   0x0000000c   Data   RO         2816    .constdata          hotplug.lib(fs_hotplug_api.o)
    0x2e01b968   0x0000000c   Data   RO         3078    .constdata          sbi_mini_pcddr3.lib(sbi_mini.o)
    0x2e01b974   0x000001a0   Data   RO         3614    .constdata          sbl2_boot_core.lib(boot_page_table.o)
    0x2e01bb14   0x00000070   Data   RO         3652    .constdata          secboot3_sbl_common.lib(boot_clobber_prot_local.o)
    0x2e01bb84   0x00000067   Data   RO         3675    .constdata          secboot3_sbl_common.lib(boot_flash_target.o)
    0x2e01bbeb   0x00000001   PAD
    0x2e01bbec   0x00000065   Data   RO         3751    .constdata          secboot3_sbl_common.lib(boot_logger_ram.o)
    0x2e01bc51   0x00000003   PAD
    0x2e01bc54   0x0000006c   Data   RO         3843    .constdata          secboot3_sbl_common.lib(boot_rollback_version.o)
    0x2e01bcc0   0x000000a5   Data   RO         3908    .constdata          secboot_auth.lib(secboot_x509.o)
    0x2e01bd65   0x00000003   PAD
    0x2e01bd68   0x0000000c   Data   RO         3940    .constdata          DALflash.lib(flash_dal_info.o)
    0x2e01bd74   0x00000048   Data   RO         4213    .constdata          hotplug.lib(fs_hotplug_dev_state.o)
    0x2e01bdbc   0x0000000c   Data   RO         4234    .constdata          hotplug.lib(fs_hotplug_iter.o)
    0x2e01bdc8   0x00000114   Data   RO         4352    .constdata          hotplug.lib(fs_hotplug_partition.o)
    0x2e01bedc   0x00000048   Data   RO         4434    .constdata          hotplug.lib(fs_hotplug_poll.o)
    0x2e01bf24   0x0000000c   Data   RO         4560    .constdata          DalChipInfo.lib(DalChipInfoInfo.o)
    0x2e01bf30   0x00000030   Data   RO         4837    .constdata          DDR_HAL.lib(PCDDR3_DDR_PHY_1.o)
    0x2e01bf60   0x00000010   Data   RO         4938    .constdata          DDR_HAL.lib(LPDDR2_BOOT_DDR_PHY_1.o)
    0x2e01bf70   0x00000020   Data   RO         4963    .constdata          DDR_HAL.lib(PCDDR3_BOOT_DDR_PHY_1.o)
    0x2e01bf90   0x0000007c   Data   RO         5006    .constdata          secboot3_sbl_common.lib(boot_flash_trans_sdcc.o)
    0x2e01c00c   0x00000074   Data   RO         5073    .constdata          secboot3_sbl_common.lib(boot_flash_dev_sdcc.o)
    0x2e01c080   0x00000070   Data   RO         5259    .constdata          DALflash.lib(flash_dal_fwk.o)
    0x2e01c0f0   0x00000040   Data   RO         5648    .constdata          DalChipInfo.lib(DalChipInfoFwk.o)
    0x2e01c130   0x0000006c   Data   RO         5754    .constdata          secboot3_sbl_common.lib(boot_flash_dev_sdcc_if.o)
    0x2e01c19c   0x0000000c   Data   RO         6057    .constdata          hotplug.lib(fs_blockdev_devnull_driver.o)
    0x2e01c1a8   0x0000000c   Data   RO         6081    .constdata          hotplug.lib(fs_blockdev_sd_driver.o)
    0x2e01c1b4   0x0000040c   Data   RO         6122    .constdata          hotplug.lib(fs_hotplug_parser.o)
    0x2e01c5c0   0x00000090   Data   RO         6737    .constdata          mini_sdcc.lib(sdcc_bsp_boot.o)
    0x2e01c650   0x000008a1   Data   RO         6942    .constdata          DalChipInfo.lib(DalChipInfoLocal.o)
    0x2e01cef1   0x00000003   PAD
    0x2e01cef4   0x00000114   Data   RO         7253    .constdata          hotplug.lib(fs_blockdev_sd.o)
    0x2e01d008   0x00000048   Data   RO          771    .conststring        sbl2_config.o
    0x2e01d050   0x0000000a   Data   RO         1974    .conststring        secboot3_sbl_common.lib(boot_auth.o)
    0x2e01d05a   0x0000000a   Data   RO         2020    .conststring        secboot3_sbl_common.lib(boot_hash.o)
    0x2e01d064   0x00000033   Data   RO         2817    .conststring        hotplug.lib(fs_hotplug_api.o)
    0x2e01d097   0x000001ed   Data   RO         4214    .conststring        hotplug.lib(fs_hotplug_dev_state.o)
    0x2e01d284   0x00000025   Data   RO         4235    .conststring        hotplug.lib(fs_hotplug_iter.o)
    0x2e01d2a9   0x00000122   Data   RO         4353    .conststring        hotplug.lib(fs_hotplug_partition.o)
    0x2e01d3cb   0x0000009c   Data   RO         4435    .conststring        hotplug.lib(fs_hotplug_poll.o)
    0x2e01d467   0x00000034   Data   RO         5007    .conststring        secboot3_sbl_common.lib(boot_flash_trans_sdcc.o)
    0x2e01d49b   0x00000014   Data   RO         5074    .conststring        secboot3_sbl_common.lib(boot_flash_dev_sdcc.o)
    0x2e01d4af   0x00000051   Data   RO         6058    .conststring        hotplug.lib(fs_blockdev_devnull_driver.o)
    0x2e01d500   0x00000014   Data   RO         6059    .conststring        hotplug.lib(fs_blockdev_devnull_driver.o)
    0x2e01d514   0x0000000f   Data   RO         6082    .conststring        hotplug.lib(fs_blockdev_sd_driver.o)
    0x2e01d523   0x00000066   Data   RO         6083    .conststring        hotplug.lib(fs_blockdev_sd_driver.o)
    0x2e01d589   0x00000032   Data   RO         6123    .conststring        hotplug.lib(fs_hotplug_parser.o)
    0x2e01d5bb   0x000005e4   Data   RO         6943    .conststring        DalChipInfo.lib(DalChipInfoLocal.o)
    0x2e01db9f   0x0000010b   Data   RO         7254    .conststring        hotplug.lib(fs_blockdev_sd.o)


    Execution Region SBL2_RAM_RW (Base: 0x2e01e000, Size: 0x00001fe0, Max: 0xffffffff, ABSOLUTE)

    Base Addr    Size         Type   Attr      Idx    E Section Name        Object

    0x2e01e000   0x0000003c   Data   RW          168    .data               sbl2_mc.o
    0x2e01e03c   0x00000040   Data   RW          728    .data               sbl2_target.o
    0x2e01e07c   0x00000034   Data   RW          772    .data               sbl2_config.o
    0x2e01e0b0   0x00000004   Data   RW          773    .data               sbl2_config.o
    0x2e01e0b4   0x00000004   Data   RW          774    .data               sbl2_config.o
    0x2e01e0b8   0x00000008   Data   RW          775    .data               sbl2_config.o
    0x2e01e0c0   0x00000004   Data   RW          776    .data               sbl2_config.o
    0x2e01e0c4   0x0000000c   Data   RW          777    .data               sbl2_config.o
    0x2e01e0d0   0x00000140   Data   RW          778    .data               sbl2_config.o
    0x2e01e210   0x00000400   Data   RW          823    .data               boot_cdt_array.o
    0x2e01e610   0x00000004   Data   RW          824    .data               boot_cdt_array.o
    0x2e01e614   0x00000008   Data   RW          842    .data               Clock_apq8064_SBL2.lib(ClockSBL2Fabric.o)
    0x2e01e61c   0x00000004   Data   RW          983    .data               DALFwk_reduced.lib(DALModEnv.o)
    0x2e01e620   0x0000000c   Data   RW          984    .data               DALFwk_reduced.lib(DALModEnv.o)
    0x2e01e62c   0x0000001c   Data   RW         1244    .data               DDR_DRIVERS.lib(ddr_params.o)
    0x2e01e648   0x00000001   Data   RW         1317    .data               DDR_DRIVERS.lib(ddr_drivers.o)
    0x2e01e649   0x00000003   PAD
    0x2e01e64c   0x00000028   Data   RW         1423    .data               DDR_DRIVERS.lib(ddr_target.o)
    0x2e01e674   0x000000b4   Data   RW         1424    .data               DDR_DRIVERS.lib(ddr_target.o)
    0x2e01e728   0x00000018   Data   RW         1617    .data               sbl2_boot_core.lib(boot_ddr_test.o)
    0x2e01e740   0x00000004   Data   RW         1712    .data               secboot3_sbl_common.lib(boot_ram_init.o)
    0x2e01e744   0x00000004   Data   RW         1858    .data               secboot3_sbl_common.lib(boot_clobber_prot.o)
    0x2e01e748   0x00000008   Data   RW         1936    .data               secboot3_sbl_common.lib(boot_flash_dev_if.o)
    0x2e01e750   0x00000010   Data   RW         1975    .data               secboot3_sbl_common.lib(boot_auth.o)
    0x2e01e760   0x00000014   Data   RW         2021    .data               secboot3_sbl_common.lib(boot_hash.o)
    0x2e01e774   0x00000010   Data   RW         2127    .data               secboot3_sbl_common.lib(boot_error_handler.o)
    0x2e01e784   0x00000004   Data   RW         2214    .data               secboot3_sbl_common.lib(boot_logger.o)
    0x2e01e788   0x00000008   Data   RW         2315    .data               secboot3_sbl_common.lib(boot_hash_if.o)
    0x2e01e790   0x00000008   Data   RW         2350    .data               secboot3_sbl_common.lib(boot_auth_if.o)
    0x2e01e798   0x00000004   Data   RW         2455    .data               secboot3_sbl_common.lib(boot_sbl_authenticator.o)
    0x2e01e79c   0x00000014   Data   RW         2493    .data               secboot3_sbl_common.lib(boot_config_data.o)
    0x2e01e7b0   0x00000010   Data   RW         2572    .data               secboot3_sbl_common.lib(boot_gpt_partition_id.o)
    0x2e01e7c0   0x00000010   Data   RW         2574    .data               secboot3_sbl_common.lib(boot_gpt_partition_id.o)
    0x2e01e7d0   0x00000010   Data   RW         2575    .data               secboot3_sbl_common.lib(boot_gpt_partition_id.o)
    0x2e01e7e0   0x00000010   Data   RW         2577    .data               secboot3_sbl_common.lib(boot_gpt_partition_id.o)
    0x2e01e7f0   0x00000118   Data   RW         2595    .data               secboot3_sbl_common.lib(boot_sdcc_hotplug.o)
    0x2e01e908   0x0000000c   Data   RW         2691    .data               hotplug.lib(fs_hotplug.o)
    0x2e01e914   0x00000001   Data   RW         3004    .data               Clock_apq8064_SBL2.lib(ClockSBL2.o)
    0x2e01e915   0x00000003   PAD
    0x2e01e918   0x000003d4   Data   RW         3048    .data               Clock_apq8064_SBL2.lib(ClockSBL2Config.o)
    0x2e01ecec   0x00000004   Data   RW         3181    .data               DALConfig.lib(DALConfig_boot.o)
    0x2e01ecf0   0x00000180   Data   RW         3182    .data               DALConfig.lib(DALConfig_boot.o)
    0x2e01ee70   0x00000010   Data   RW         3183    .data               DALConfig.lib(DALConfig_boot.o)
    0x2e01ee80   0x0000000c   Data   RW         3193    .data               DALConfig.lib(DALModDir_boot.o)
    0x2e01ee8c   0x00000008   Data   RW         3194    .data               DALConfig.lib(DALModDir_boot.o)
    0x2e01ee94   0x00000040   Data   RW         3323    .data               DDR_HAL.lib(HSDDRx_5.o)
    0x2e01eed4   0x00000028   Data   RW         3537    .data               DDR_HAL.lib(DDR_PHY_1.o)
    0x2e01eefc   0x00000008   Data   RW         3712    .data               secboot3_sbl_common.lib(boot_krait.o)
    0x2e01ef04   0x00000076   Data   RW         3752    .data               secboot3_sbl_common.lib(boot_logger_ram.o)
    0x2e01ef7a   0x00000002   PAD
    0x2e01ef7c   0x00000014   Data   RW         3844    .data               secboot3_sbl_common.lib(boot_rollback_version.o)
    0x2e01ef90   0x00000008   Data   RW         3941    .data               DALflash.lib(flash_dal_info.o)
    0x2e01ef98   0x00000004   Data   RW         3984    .data               hotplug.lib(fs_blockdev.o)
    0x2e01ef9c   0x00000004   Data   RW         4354    .data               hotplug.lib(fs_hotplug_partition.o)
    0x2e01efa0   0x00000004   Data   RW         4561    .data               DalChipInfo.lib(DalChipInfoInfo.o)
    0x2e01efa4   0x00000001   Data   RW         4778    .data               DDR_HAL.lib(LPDDR2_DDR_PHY_1.o)
    0x2e01efa5   0x00000003   PAD
    0x2e01efa8   0x00000020   Data   RW         5008    .data               secboot3_sbl_common.lib(boot_flash_trans_sdcc.o)
    0x2e01efc8   0x00000038   Data   RW         5075    .data               secboot3_sbl_common.lib(boot_flash_dev_sdcc.o)
    0x2e01f000   0x00000038   Data   RW         5192    .data               CeML.lib(CeML.o)
    0x2e01f038   0x000001d0   Data   RW         5260    .data               DALflash.lib(flash_dal_fwk.o)
    0x2e01f208   0x0000000c   Data   RW         5382    .data               hotplug.lib(fs_blockdev_driver.o)
    0x2e01f214   0x00000004   Data   RW         5421    .data               hotplug.lib(fs_hotplug_discover.o)
    0x2e01f218   0x00000008   Data   RW         5481    .data               mini_sdcc.lib(sdcc_mini_api.o)
    0x2e01f220   0x000000a4   Data   RW         5649    .data               DalChipInfo.lib(DalChipInfoFwk.o)
    0x2e01f2c4   0x00000008   Data   RW         5728    .data               busywait_hw_gpt0.lib(busywait.o)
    0x2e01f2cc   0x00000008   Data   RW         5755    .data               secboot3_sbl_common.lib(boot_flash_dev_sdcc_if.o)
    0x2e01f2d4   0x00000008   Data   RW         5806    .data               CeCL.lib(CeCL.o)
    0x2e01f2dc   0x00000018   Data   RW         6060    .data               hotplug.lib(fs_blockdev_devnull_driver.o)
    0x2e01f2f4   0x00000010   Data   RW         6061    .data               hotplug.lib(fs_blockdev_devnull_driver.o)
    0x2e01f304   0x00000010   Data   RW         6084    .data               hotplug.lib(fs_blockdev_sd_driver.o)
    0x2e01f314   0x00000060   Data   RW         6085    .data               hotplug.lib(fs_blockdev_sd_driver.o)
    0x2e01f374   0x00000008   Data   RW         6124    .data               hotplug.lib(fs_hotplug_parser.o)
    0x2e01f37c   0x00000010   Data   RW         6411    .data               mini_sdcc.lib(sdcc_util.o)
    0x2e01f38c   0x00000008   Data   RW         6692    .data               mini_sdcc.lib(sdcc_handle_util.o)
    0x2e01f394   0x00000010   Data   RW         6738    .data               mini_sdcc.lib(sdcc_bsp_boot.o)
    0x2e01f3a4   0x00000001   Data   RW         6816    .data               HALsdcc.lib(HALsdcc.o)
    0x2e01f3a5   0x00000003   PAD
    0x2e01f3a8   0x00000838   Data   RW         6944    .data               DalChipInfo.lib(DalChipInfoLocal.o)
    0x2e01fbe0   0x00000005   Data   RW         7068    .data               CeEL.lib(CeEL_Env.o)
    0x2e01fbe5   0x00000003   PAD
    0x2e01fbe8   0x00000018   Data   RW         7073    .data               DALflash.lib(flash_properties.o)
    0x2e01fc00   0x00000048   Data   RW         7157    .data               hotplug.lib(fs_blockdev_devnull.o)
    0x2e01fc48   0x0000005c   Data   RW         7255    .data               hotplug.lib(fs_blockdev_sd.o)
    0x2e01fca4   0x0000005c   Data   RW         7512    .data               extdrv_i2c_v2.lib(flash_extdrv_i2c_v2.o)
    0x2e01fd00   0x00000054   Data   RW         7609    .data               DALflash_i2c_nor.lib(flash_nor_entry_reduced.o)
    0x2e01fd54   0x0000018c   Data   RW         7707    .data               DALflash_i2c_nor.lib(flash_nor_i2c_config.o)
    0x2e01fee0   0x00000028   Data   RW         7708    .data               DALflash_i2c_nor.lib(flash_nor_i2c_config.o)
    0x2e01ff08   0x00000054   Data   RW         7877    .data               DALflash_i2c_nor.lib(flash_nor_i2c_core.o)
    0x2e01ff5c   0x00000024   Data   RW         2566    BOOT_KRAIT_L2_CACHE_RW  secboot3_sbl_common.lib(boot_krait_l2_cache.o)
    0x2e01ff80   0x00000040   Data   RW         1608    sysini_config       sbl2_boot_core.lib(kr_sysini_config_reduced.o)
    0x2e01ffc0   0x00000020   Data   RW         1607    sysini_config_global  sbl2_boot_core.lib(kr_sysini_config_reduced.o)


    Execution Region SBL2_RAM_ZI (Base: 0x2e01ffe0, Size: 0x00004c3c, Max: 0xffffffff, ABSOLUTE)

    Base Addr    Size         Type   Attr      Idx    E Section Name        Object

    0x2e01ffe0   0x00000000   Data   RW         8057    linker$$defined$$symbols  anon$$obj.o
    0x2e01ffe0   0x00000380   Zero   RW          166    .bss                sbl2_mc.o
    0x2e020360   0x00002020   Zero   RW          981    .bss                DALFwk_reduced.lib(DALModEnv.o)
    0x2e022380   0x00000020   Zero   RW         1316    .bss                DDR_DRIVERS.lib(ddr_drivers.o)
    0x2e0223a0   0x000001b0   Zero   RW         1422    .bss                DDR_DRIVERS.lib(ddr_target.o)
    0x2e022550   0x00000068   Zero   RW         1739    .bss                secboot3_sbl_common.lib(boot_mc.o)
    0x2e0225b8   0x00000070   Zero   RW         1775    .bss                secboot3_sbl_common.lib(boot_pbl_v1.o)
    0x2e022628   0x00000034   Zero   RW         1856    .bss                secboot3_sbl_common.lib(boot_clobber_prot.o)
    0x2e02265c   0x00000004   PAD
    0x2e022660   0x00000038   Zero   RW         1972    .bss                secboot3_sbl_common.lib(boot_auth.o)
    0x2e022698   0x00000020   Zero   RW         2018    .bss                secboot3_sbl_common.lib(boot_hash.o)
    0x2e0226b8   0x0000009c   Zero   RW         2418    .bss                secboot3_sbl_common.lib(boot_ddr_info.o)
    0x2e022754   0x00000004   PAD
    0x2e022758   0x00000020   Zero   RW         2453    .bss                secboot3_sbl_common.lib(boot_sbl_authenticator.o)
    0x2e022778   0x0000003c   Zero   RW         2491    .bss                secboot3_sbl_common.lib(boot_config_data.o)
    0x2e0227b4   0x0000000c   PAD
    0x2e0227c0   0x0000029c   Zero   RW         2593    .bss                secboot3_sbl_common.lib(boot_sdcc_hotplug.o)
    0x2e022a5c   0x00000004   PAD
    0x2e022a60   0x00000380   Zero   RW         2676    .bss                secboot_auth.lib(secboot.o)
    0x2e022de0   0x000001b8   Zero   RW         2690    .bss                hotplug.lib(fs_hotplug.o)
    0x2e022f98   0x00000010   Zero   RW         3240    .bss                DDR_TEST.lib(ddr_test.o)
    0x2e022fa8   0x00000020   Zero   RW         3322    .bss                DDR_HAL.lib(HSDDRx_5.o)
    0x2e022fc8   0x00000010   Zero   RW         4136    .bss                hotplug.lib(fs_hotplug_counters.o)
    0x2e022fd8   0x00000044   Zero   RW         4233    .bss                hotplug.lib(fs_hotplug_iter.o)
    0x2e02301c   0x00000e40   Zero   RW         4351    .bss                hotplug.lib(fs_hotplug_partition.o)
    0x2e023e5c   0x00000048   Zero   RW         5005    .bss                secboot3_sbl_common.lib(boot_flash_trans_sdcc.o)
    0x2e023ea4   0x00000238   Zero   RW         5072    .bss                secboot3_sbl_common.lib(boot_flash_dev_sdcc.o)
    0x2e0240dc   0x0000001c   Zero   RW         5647    .bss                DalChipInfo.lib(DalChipInfoFwk.o)
    0x2e0240f8   0x00000278   Zero   RW         6121    .bss                hotplug.lib(fs_hotplug_parser.o)
    0x2e024370   0x000002c0   Zero   RW         6410    .bss                mini_sdcc.lib(sdcc_util.o)
    0x2e024630   0x00000200   Zero   RW         6600    .bss                mini_sdcc.lib(sdcc_mmc_util.o)
    0x2e024830   0x00000180   Zero   RW         6691    .bss                mini_sdcc.lib(sdcc_handle_util.o)
    0x2e0249b0   0x00000020   Zero   RW         6815    .bss                HALsdcc.lib(HALsdcc.o)
    0x2e0249d0   0x000001a0   Zero   RW         7067    .bss                CeEL.lib(CeEL_Env.o)
    0x2e024b70   0x00000080   Zero   RW         7367    .bss                mini_sdcc.lib(sdcc_sd_util.o)
    0x2e024bf0   0x0000001c   Zero   RW         7733    .bss                extdrv_i2c_v2.lib(flash_extdrv_i2c_8064.o)
    0x2e024c0c   0x0000000c   Zero   RW         7770    .bss                DALflash_i2c_nor.lib(flash_nor_i2c_init.o)
    0x2e024c18   0x00000004   Zero   RW         1612    CACHE_MMU_ZI        sbl2_boot_core.lib(boot_armv7_mmu.o)


    Execution Region SBL2_ERR_DATA (Base: 0x2e024c1c, Size: 0x00000020, Max: 0xffffffff, ABSOLUTE)

    Base Addr    Size         Type   Attr      Idx    E Section Name        Object

    0x2e024c1c   0x00000020   Zero   RW         2128    ERR_DATA            secboot3_sbl_common.lib(boot_error_handler.o)


    Execution Region SBL2_PAGE_TABLE_SECTION (Base: 0x2e058000, Size: 0x00005004, Max: 0xffffffff, ABSOLUTE)

    Base Addr    Size         Type   Attr      Idx    E Section Name        Object

    0x2e058000   0x00004000   Zero   RW         1610    L1_PAGE_TABLE_BASE  sbl2_boot_core.lib(boot_armv7_mmu.o)
    0x2e05c000   0x00001004   Zero   RW         1611    L2_PAGE_TABLE_BASE  sbl2_boot_core.lib(boot_armv7_mmu.o)


    Execution Region SBL1_BACKUP_LOG_META_INFO_SECTION (Base: 0x2e05d580, Size: 0x00000040, Max: 0x00000040, ABSOLUTE, UNINIT)

    Base Addr    Size         Type   Attr      Idx    E Section Name        Object

    0x2e05d580   0x00000000   Data   RW         8059    linker$$defined$$symbols  anon$$obj.o
    0x2e05d580   0x00000040   Zero   RW            3    SBL1_BACKUP_LOG_META_INFO_SECTION.bss  anon$$obj.o


    Execution Region SBL1_BACKUP_LOG_BUF_SECTION (Base: 0x2e05d5c0, Size: 0x00000400, Max: 0x00000400, ABSOLUTE, UNINIT)

    Base Addr    Size         Type   Attr      Idx    E Section Name        Object

    0x2e05d5c0   0x00000000   Data   RW         8058    linker$$defined$$symbols  anon$$obj.o
    0x2e05d5c0   0x00000400   Zero   RW            2    SBL1_BACKUP_LOG_BUF_SECTION.bss  anon$$obj.o


    Execution Region SBL2_LOG_META_INFO_SECTION (Base: 0x2e05d9c0, Size: 0x00000040, Max: 0x00000040, ABSOLUTE, UNINIT)

    Base Addr    Size         Type   Attr      Idx    E Section Name        Object

    0x2e05d9c0   0x00000000   Data   RW         8061    linker$$defined$$symbols  anon$$obj.o
    0x2e05d9c0   0x00000040   Zero   RW            5    SBL2_LOG_META_INFO_SECTION.bss  anon$$obj.o


    Execution Region SBL2_LOG_BUF_SECTION (Base: 0x2e05da00, Size: 0x00000600, Max: 0x00000600, ABSOLUTE, UNINIT)

    Base Addr    Size         Type   Attr      Idx    E Section Name        Object

    0x2e05da00   0x00000000   Data   RW         8060    linker$$defined$$symbols  anon$$obj.o
    0x2e05da00   0x00000600   Zero   RW            4    SBL2_LOG_BUF_SECTION.bss  anon$$obj.o


    Execution Region SBL2_STACK (Base: 0x2e05e000, Size: 0x00002000, Max: 0x00002000, ABSOLUTE, UNINIT)

    Base Addr    Size         Type   Attr      Idx    E Section Name        Object

    0x2e05e000   0x00002000   Zero   RW            1    SBL2_STACK.bss      anon$$obj.o


==============================================================================

Image component sizes


      Code (inc. data)   RO Data    RW Data    ZI Data      Debug   Object Name

         0          0          0       1028          0        755   boot_cdt_array.o
         0          0          0          0          0       5368   crc.o
       860        200          0          0          0       1344   sbl2.o
       304         40        181        404          0       6503   sbl2_config.o
      1440        104        108          0          0      25020   sbl2_hw.o
      1040        204        108         60        896      57946   sbl2_mc.o
        36          0          0         64          0       9993   sbl2_target.o

    ----------------------------------------------------------------------
      3688        548        400       1556      11776     106929   Object Totals
         0          0          0          0      10880          0   (incl. Generated)
         8          0          3          0          0          0   (incl. Padding)

    ----------------------------------------------------------------------

      Code (inc. data)   RO Data    RW Data    ZI Data      Debug   Library Member Name

      1748          0          0          8          0        960   CeCL.o
       420          0          0          0          0       1180   CeEL.o
       192          0          0          5        416        136   CeEL_Env.o
        60          0          0          0          0         80   CeEL_Reg.o
      1572          0          0         56          0        584   CeML.o
       356          0          0          1          0       4561   ClockSBL2.o
        12          0          0        980          0       1298   ClockSBL2Config.o
      2104          0          0          8          0       9306   ClockSBL2Fabric.o
       216          0          0          0          0        761   ClockSBL2GSBI.o
      1240          0          0          0          0       3547   ClockSBL2Krait.o
       320          0          0          0          0       2217   ClockSBL2SDC.o
         0          0          0        404          0        951   DALConfig_boot.o
         0          0          0         20          0        995   DALModDir_boot.o
       180          0          0          0          0      13402   DALMemDesc.o
       552          0         12         16       8224      30637   DALModEnv.o
       944          0          0          0          0       5769   DALProps.o
        20          0          0          0          0       1150   dal_asm_wrap.o
       524          0          0          0          0       5202   dalfwkbase.o
       632          0          0          0          0      19583   flash_dal.o
       548          0        112        464          0      19247   flash_dal_fwk.o
         0          0         12          8          0      10634   flash_dal_info.o
        32          0          0          0          0       1251   flash_dal_util.o
       216          0          0         24          0       5942   flash_properties.o
       464          0          0         84          0      14769   flash_nor_entry_reduced.o
        32          0          0        436          0       1952   flash_nor_i2c_config.o
       552          0          0         84          0       3928   flash_nor_i2c_core.o
       972          0          0          0         12       8386   flash_nor_i2c_init.o
      1948          0          0          1         32       9020   ddr_drivers.o
       896          0          0         28          0       7217   ddr_params.o
        12          0          0          0          0       1362   ddr_sync.o
       640          0          0        220        432       7179   ddr_target.o
       580          0          0         40          0       7673   DDR_PHY_1.o
      2404          0          0         64         32      23245   HSDDRx_5.o
       824          0         16          0          0       2550   LPDDR2_BOOT_DDR_PHY_1.o
      2088          0          0          0          0       6557   LPDDR2_BOOT_HSDDRx_5.o
      2352          0          0          1          0       8343   LPDDR2_DDR_PHY_1.o
      3372          0          0          0          0      10348   LPDDR2_HSDDRx_5.o
       896          0         32          0          0       3054   PCDDR3_BOOT_DDR_PHY_1.o
      2304          0          0          0          0       7930   PCDDR3_BOOT_HSDDRx_5.o
       776          0         48          0          0       3085   PCDDR3_DDR_PHY_1.o
      2536          0          0          0          0       7738   PCDDR3_HSDDRx_5.o
      2292        728          0          0         16       9362   ddr_test.o
       228          0          0          0          0       8664   DalChipInfo.o
       264          0         64        164         28      20962   DalChipInfoFwk.o
         0          0         12          4          0        729   DalChipInfoInfo.o
      1364         52       3717       2104          0      38140   DalChipInfoLocal.o
       180          0          0          1         32       3190   HALsdcc.o
       368          0          0          0          0       3898   HALsdcc_sdcc4.o
       140          0          0          0          0        464   HALsdcc_util.o
        36          0          0          8          0        881   busywait.o
       104          0          0          0          0        627   busywait_hw_gpt0.o
        56          6          0          0          0         88   __2snprintf.o
       206          0          0          0          0         88   __printf_ss.o
         6          0          0          0          0          0   _printf_c.o
        44          0          0          0          0        108   _printf_char.o
        48          6          0          0          0         96   _printf_char_common.o
         6          0          0          0          0          0   _printf_d.o
       116         18          0          0          0         92   _printf_dec.o
       180          0          0          0          0         88   _printf_intcommon.o
         0          0          0          0          0          0   _printf_percent.o
         4          0          0          0          0          0   _printf_percent_end.o
         6          0          0          0          0          0   _printf_s.o
        82          0          0          0          0         80   _printf_str.o
         6          0          0          0          0          0   _printf_u.o
        16          0          0          0          0         68   _snputc.o
        10          0          0          0          0         68   _sputc.o
        16          0          0          0          0         72   abort.o
         4          0          0          0          0         68   aeabi_idiv0_sigfpe.o
         4          0          0          0          0         68   aeabi_ldiv0_sigfpe.o
        24          0          0          0          0         68   aeabi_memset.o
       604          0          0          0          0        144   aeabi_sdivfast_rs.o
         8          0          0          0          0         68   defsig_abrt_formal.o
         8          0          0          0          0         68   defsig_fpe_formal.o
         0          0          0          0          0          0   indicate_semi.o
        38          0          0          0          0         68   llshl.o
       816         64          0          0          0         84   lludiv5.o
        92          0          0          0          0         76   memcmp.o
        10          0          0          0          0         76   rt_div0.o
        68          0          0          0          0         68   rt_memclr.o
        86          0          0          0          0         80   rt_memclr_w.o
       212          0          0          0          0         68   rt_memcpy.o
       124          0          0          0          0         96   rt_memcpy_w_qsp.o
       212          0          0          0          0         68   rt_memmove.o
       128          0          0          0          0         80   rt_memmove_w.o
        44          0          0          0          0         68   rtudiv10.o
       160          4          0          0          0         80   strcmp.o
       132          0          0          0          0         84   strlcpy.o
        58          0          0          0          0         68   strlen.o
        12          4          0          0          0         68   sys_exit.o
        22          0          0          0          0         68   uread4.o
         2          0          0          0          0         68   use_no_semi.o
        30          0          0          0          0         68   uwrite4.o
         4          0          0          0          0       1105   err_stubs.o
       928          0          0          0         28       4678   flash_extdrv_i2c_8064.o
      1688          0          0         92          0      13542   flash_extdrv_i2c_v2.o
       804         16          0          0          0        280   daddsub_clz.o
        90          4          0          0          0         92   dfixu.o
        38          0          0          0          0         68   dflt_clz.o
       340         12          0          0          0        104   dmul.o
       156          4          0          0          0         92   dnaninf.o
        12          0          0          0          0         68   dretinf.o
         0          0          0          0          0          0   usenofp.o
       832          0          0          4          0      19035   fs_blockdev.o
       164          0          0         72          0      10715   fs_blockdev_devnull.o
       124          0        113         40          0       2390   fs_blockdev_devnull_driver.o
         8          0          0         12          0       1911   fs_blockdev_driver.o
      1476          0        543         92          0      17549   fs_blockdev_sd.o
       136          0        129        112          0       2453   fs_blockdev_sd_driver.o
       364          0          0         12        440      12894   fs_hotplug.o
      1256          0         63          0          0      17629   fs_hotplug_api.o
       120          0          0          0         16       1832   fs_hotplug_counters.o
       620          0          0          0          0      10742   fs_hotplug_dev.o
       364          0        565          0          0       1868   fs_hotplug_dev_state.o
      1620         32          0          4          0      11246   fs_hotplug_discover.o
       956          0         49          0         68      13023   fs_hotplug_iter.o
       140          0          0          0          0       6849   fs_hotplug_mount.o
      2928         12       1086          8        632      20246   fs_hotplug_parser.o
       388          0        566          4       3648      15010   fs_hotplug_partition.o
       392          0        228          0          0       9456   fs_hotplug_poll.o
        40          0          0          0          0       5157   fs_hotplug_task.o
      1264          0        144         16          0      10729   sdcc_bsp_boot.o
         8          0          0          0          0       1231   sdcc_debug.o
       376          0          0          8        384       4222   sdcc_handle_util.o
      1516          0          0          8          0      48904   sdcc_mini_api.o
      2024          0          0          0        512      10851   sdcc_mmc_util.o
      3108          0          0          0          0      30926   sdcc_pal_tool.o
      1664          0          0          0        128      12451   sdcc_sd_util.o
      2656          0          0         16        704      22106   sdcc_util.o
       432          0          0          0          0        240   pm_boot.o
        88          0         12          0          0        148   sbi_mini.o
       956          8          0          0      20488        652   boot_armv7_mmu.o
       172          0          0         24          0       2404   boot_ddr_test.o
       532          0        416          0          0       5414   boot_page_table.o
      1968         20          0          0          0        988   kr_sysini.o
         0          0          0         96          0          0   kr_sysini_config_reduced.o
       828          0          0          0          0      28635   sbl2_boot_core.o
        36          0          0          0          0        440   boot_armv7.o
       276          0         18         16         56       4632   boot_auth.o
       176          0        100          8          0       2252   boot_auth_if.o
       204          0          0          0          0       2243   boot_cdt_util.o
       484          0        104          4         52       3828   boot_clobber_prot.o
       324          0        112          0          0       2949   boot_clobber_prot_local.o
       968         20        100          0          0       3081   boot_config.o
      1104        124        104         20         60      17514   boot_config_data.o
       420          0        100          0        156       2297   boot_ddr_info.o
        52          0          0          0          0       1015   boot_dload.o
        48          0          0          0          0       1045   boot_dload_handler.o
       628         48        104         20         32      11137   boot_error_handler.o
       100          0          0          0          0        624   boot_fastcall_tz.o
        92         48          0          0          0       1670   boot_flash.o
       216          0        104          8          0       4441   boot_flash_dev_if.o
       948          0        136         56        568      16749   boot_flash_dev_sdcc.o
       144          0        108          8          0       3989   boot_flash_dev_sdcc_if.o
       112          0        103          0          0       1373   boot_flash_target.o
       860          0        176         32         72      11161   boot_flash_trans_sdcc.o
         0          0          0         64          0        610   boot_gpt_partition_id.o
       388          0        114         20         32       8862   boot_hash.o
       176          0        100          8          0       3404   boot_hash_if.o
       296          0          0          8          0       1612   boot_krait.o
       860         52          0         36          0        620   boot_krait_l2_cache.o
       712          0        100          0          0       9874   boot_loader.o
       208          0          0          4          0       6260   boot_logger.o
        60          0          0          0          0       1426   boot_logger_jtag.o
       632          0        101        118          0       4763   boot_logger_ram.o
       336          0          0          0          0       4869   boot_logger_timer.o
       128          0         93          0        104       3287   boot_mc.o
       320          0        100          0        112       4055   boot_pbl_v1.o
       168          0          0          4          0       2940   boot_ram_init.o
       392          0        108         20          0       5527   boot_rollback_version.o
       508          0        108          4         32       4017   boot_sbl_authenticator.o
      1536          0        216        280        668       9030   boot_sdcc_hotplug.o
       224         32        104          0          0       1956   boot_sys_loader.o
       476          0          0          0          0       3784   boot_util.o
       252          4          0          0          0        504   boot_util_asm.o
      2532          8         52          0        896        372   secboot.o
      2216          0          0          0          0        804   secboot_asn1.o
       548          0          0          0          0        408   secboot_hash.o
      5856          0        165          0          0       1796   secboot_x509.o
       240          0          0          0          0         84   secmath_BIGINT_read_unsigned_bin.o
      1136          0          0          0          0        180   secmath_barrett_reduce.o
       984          0          0          0          0        196   secmath_mod_exp.o
       512          0          0          0          0        192   secmath_montmul_ref.o
       432          0          0          0          0        376   secmath_montmul_utils.o

    ----------------------------------------------------------------------
    107252       1342      10684       6608      39136     917497   Library Totals
       140         16         15         17         24          0   (incl. Padding)

    ----------------------------------------------------------------------

      Code (inc. data)   RO Data    RW Data    ZI Data      Debug   Library Name

      1748          0          0          8          0        960   CeCL.lib
       672          0          0          5        416       1396   CeEL.lib
      1572          0          0         56          0        584   CeML.lib
      4248          0          0        989          0      21690   Clock_apq8064_SBL2.lib
         0          0          0        424          0       1946   DALConfig.lib
      2220          0         12         16       8224      56160   DALFwk_reduced.lib
      1428          0        124        496          0      56657   DALflash.lib
      2020          0          0        604         12      29035   DALflash_i2c_nor.lib
      3496          0          0        249        464      24778   DDR_DRIVERS.lib
     18132          0         96        105         32      80523   DDR_HAL.lib
      2292        728          0          0         16       9362   DDR_TEST.lib
      1856         52       3793       2272         28      68495   DalChipInfo.lib
       688          0          0          1         32       7552   HALsdcc.lib
       140          0          0          8          0       1508   busywait_hw_gpt0.lib
      3700        102          0          0          0       2668   c_2.l
         4          0          0          0          0       1105   err_stubs.lib
      2616          0          0         92         28      18220   extdrv_i2c_v2.lib
      1440         36          0          0          0        704   fz_2s.l
     11928         44       3342        360       4804     180005   hotplug.lib
     12616          0        144         48       1728     141420   mini_sdcc.lib
       432          0          0          0          0        240   pmic_pwr_boot_protected.lib
        88          0         12          0          0        148   sbi_mini_pcddr3.lib
      4456         28        416        120      20488      38093   sbl2_boot_core.lib
     14864        328       2513        738       1944     169840   secboot3_sbl_common.lib
     11152          8        217          0        896       3380   secboot_auth.lib
      3304          0          0          0          0       1028   secmath.lib

    ----------------------------------------------------------------------
    107252       1342      10684       6608      39136     917497   Library Totals

    ----------------------------------------------------------------------

==============================================================================


      Code (inc. data)   RO Data    RW Data    ZI Data      Debug   

    110940       1890      11084       8164      50912     987746   Grand Totals
    110940       1890      11084       8164      50912     987746   ELF Image Totals
    110940       1890      11084       8164          0          0   ROM Totals

==============================================================================

    Total RO  Size (Code + RO Data)               122024 ( 119.16kB)
    Total RW  Size (RW Data + ZI Data)             59076 (  57.69kB)
    Total ROM Size (Code + RO Data + RW Data)     130188 ( 127.14kB)

==============================================================================

