ARM Linker, 4.1 [Build 713] DS-5 Ultimate Edition

==============================================================================

Image Symbol Table

    Local Symbols

    Symbol Name                              Value     Ov Type        Size  Object(Section)

    ../../../edgfe/lib_src/guard.c           0x00000000   Number         0  cxa_guard_release.o ABSOLUTE
    ../../../edgfe/lib_src/guard.c           0x00000000   Number         0  cxa_guard_acquire.o ABSOLUTE
    ../../../edgfe/lib_src/pure_virt.c       0x00000000   Number         0  pure_virt.o ABSOLUTE
    ../../../edgfe/lib_src/typeinfo.c        0x00000000   Number         0  lib_rtti_impl.o ABSOLUTE
    ../../../edgfe/lib_src/typeinfo.c        0x00000000   Number         0  type_info_dtor.o ABSOLUTE
    ../../angel/rt.s                         0x00000000   Number         0  aeabi_idiv0.o ABSOLUTE
    ../../angel/rt.s                         0x00000000   Number         0  aeabi_idiv0_sigfpe.o ABSOLUTE
    ../../angel/rt.s                         0x00000000   Number         0  aeabi_ldiv0.o ABSOLUTE
    ../../angel/rt.s                         0x00000000   Number         0  aeabi_ldiv0_sigfpe.o ABSOLUTE
    ../../angel/rt.s                         0x00000000   Number         0  rt_div0.o ABSOLUTE
    ../../angel/sys.s                        0x00000000   Number         0  use_no_semi.o ABSOLUTE
    ../../angel/sys.s                        0x00000000   Number         0  indicate_semi.o ABSOLUTE
    ../../angel/sysapp.c                     0x00000000   Number         0  sys_exit.o ABSOLUTE
    ../../angel/sysapp.c                     0x00000000   Number         0  sys_wrch.o ABSOLUTE
    ../../division.s                         0x00000000   Number         0  aeabi_sdivfast_div0.o ABSOLUTE
    ../../division.s                         0x00000000   Number         0  aeabi_sdivfast.o ABSOLUTE
    ../../divrt.s                            0x00000000   Number         0  divrt_7tdmi_div0.o ABSOLUTE
    ../../divrt.s                            0x00000000   Number         0  divrt_7tdmi.o ABSOLUTE
    ../../longlong.s                         0x00000000   Number         0  lludiv.o ABSOLUTE
    ../../longlong.s                         0x00000000   Number         0  llmul.o ABSOLUTE
    ../../longlong.s                         0x00000000   Number         0  llshl.o ABSOLUTE
    ../../memcpset.s                         0x00000000   Number         0  aeabi_memset.o ABSOLUTE
    ../../memcpset.s                         0x00000000   Number         0  rt_memmove_w.o ABSOLUTE
    ../../memcpset.s                         0x00000000   Number         0  rt_memcpy_w.o ABSOLUTE
    ../../memcpset.s                         0x00000000   Number         0  rt_memmove.o ABSOLUTE
    ../../memcpset.s                         0x00000000   Number         0  rt_memcpy.o ABSOLUTE
    ../../memcpset.s                         0x00000000   Number         0  strcmpfast.o ABSOLUTE
    ../../memcpset.s                         0x00000000   Number         0  rt_memclr_w.o ABSOLUTE
    ../../memcpset.s                         0x00000000   Number         0  rt_memclr.o ABSOLUTE
    ../../signal.c                           0x00000000   Number         0  defsig_fpe_inner.o ABSOLUTE
    ../../signal.c                           0x00000000   Number         0  defsig_pvfn_outer.o ABSOLUTE
    ../../signal.c                           0x00000000   Number         0  defsig_pvfn_formal.o ABSOLUTE
    ../../signal.c                           0x00000000   Number         0  defsig_exit.o ABSOLUTE
    ../../signal.c                           0x00000000   Number         0  defsig_pvfn_inner.o ABSOLUTE
    ../../signal.c                           0x00000000   Number         0  defsig_general.o ABSOLUTE
    ../../signal.c                           0x00000000   Number         0  defsig_fpe_outer.o ABSOLUTE
    ../../signal.c                           0x00000000   Number         0  defsig_fpe_formal.o ABSOLUTE
    ../../string.c                           0x00000000   Number         0  strncmp.o ABSOLUTE
    ../../string.c                           0x00000000   Number         0  strlen.o ABSOLUTE
    /home/liminghao/aries-l/vendor/qcom/fusion/8064/rpm_proc/core/boot/ddr/common/ddr_drivers.c 0x00000000   Number         0  ddr_drivers.o ABSOLUTE
    /home/liminghao/aries-l/vendor/qcom/fusion/8064/rpm_proc/core/boot/ddr/common/ddr_params.c 0x00000000   Number         0  ddr_params.o ABSOLUTE
    /home/liminghao/aries-l/vendor/qcom/fusion/8064/rpm_proc/core/boot/ddr/common/ddr_rpm_message.c 0x00000000   Number         0  ddr_rpm_message.o ABSOLUTE
    /home/liminghao/aries-l/vendor/qcom/fusion/8064/rpm_proc/core/boot/ddr/common/ddr_sync.c 0x00000000   Number         0  ddr_sync.o ABSOLUTE
    /home/liminghao/aries-l/vendor/qcom/fusion/8064/rpm_proc/core/boot/ddr/hw/apq8064/ddr_target.c 0x00000000   Number         0  ddr_target.o ABSOLUTE
[...]
    0x000324d8   0x00000018   Code   RO         1625    i.dog_bark_isr      fakedrivers.lib(dog.o)
    0x000324f0   0x00000034   Code   RO         1626    i.dog_freeze        fakedrivers.lib(dog.o)
    0x00032524   0x0000007c   Code   RO         1627    i.dog_init          fakedrivers.lib(dog.o)
    0x000325a0   0x00000030   Code   RO         1628    i.dog_kick          fakedrivers.lib(dog.o)
    0x000325d0   0x00000002   Code   RO         3629    i.dog_monitor_resume  DALSys.lib(stubs.o)
    0x000325d2   0x00000002   PAD
    0x000325d4   0x0000002c   Code   RO         1630    i.dog_thaw          fakedrivers.lib(dog.o)
    0x00032600   0x00000038   Code   RO         1631    i.dog_update_stats  fakedrivers.lib(dog.o)
    0x00032638   0x0000004c   Code   RO         1685    i.err_fatal_handler  fakedrivers.lib(err.o)
    0x00032684   0x00000018   Code   RO         1686    i.err_init          fakedrivers.lib(err.o)
    0x0003269c   0x00000002   Code   RO         1687    i.err_response_isr  fakedrivers.lib(err.o)
    0x0003269e   0x00000056   Code   RO        10066    i.getRegister       pmic_target_rpm_lite_rsrc_access.lib(pm_rpm_router.o)
    0x000326f4   0x00000164   Code   RO          570    i.icb_ll_event_cb   IcbLLAxiRpm.lib(icbll_axirpm.o)
    0x00032858   0x0000001a   Code   RO         3471    i.icb_ll_get_target_dependencies  IcbLLAxiRpm.lib(icbll_axirpmtarget.o)
    0x00032872   0x00000002   PAD
    0x00032874   0x00000028   Code   RO         3472    i.icb_ll_get_target_resource  IcbLLAxiRpm.lib(icbll_axirpmtarget.o)
    0x0003289c   0x00000010   Code   RO         3473    i.icb_ll_get_target_resources  IcbLLAxiRpm.lib(icbll_axirpmtarget.o)
    0x000328ac   0x00000050   Code   RO          571    i.icb_ll_init       IcbLLAxiRpm.lib(icbll_axirpm.o)
    0x000328fc   0x00000080   Code   RO          572    i.icb_ll_init_cb    IcbLLAxiRpm.lib(icbll_axirpm.o)
    0x0003297c   0x00000002   Code   RO         3474    i.icb_ll_target_init  IcbLLAxiRpm.lib(icbll_axirpmtarget.o)
    0x0003297e   0x00000002   Code   RO         3630    i.irq_stack         DALSys.lib(stubs.o)
    0x00032980   0x00000070   Code   RO         1820    i.low_power_gpio_init  fakedrivers.lib(low_power_gpio.o)
    0x000329f0   0x00000078   Code   RO         1871    i.low_power_led_init  fakedrivers.lib(low_power_led.o)
    0x00032a68   0x00000080   Code   RO         4503    i.mix               DALRPMFW.lib(DalRPMFWHash.o)
    0x00032ae8   0x0000004c   Code   RO         4504    i.mix64             DALRPMFW.lib(DalRPMFWHash.o)
    0x00032b34   0x00000014   Code   RO         3652    i.mpm_get_timetick  mpm.lib(mpm.o)
    0x00032b48   0x00000048   Code   RO         3653    i.mpm_init          mpm.lib(mpm.o)
    0x00032b90   0x00000010   Code   RO         3654    i.mpm_set_active_voltage  mpm.lib(mpm.o)
    0x00032ba0   0x00000010   Code   RO         3655    i.mpm_set_sleep_voltage  mpm.lib(mpm.o)
    0x00032bb0   0x0000005c   Code   RO         3656    i.mpm_setup_rail_sleep  mpm.lib(mpm.o)
    0x00032c0c   0x0000000c   Code   RO         3657    i.mpm_setup_sleep_timer  mpm.lib(mpm.o)
    0x00032c18   0x00000080   Code   RO         3658    i.mpm_setup_xo_sleep  mpm.lib(mpm.o)
    0x00032c98   0x00000020   Code   RO         3659    i.mpm_sw_done       mpm.lib(mpm.o)
    0x00032cb8   0x00000020   Code   RO         3660    i.mpm_teardown_sleep  mpm.lib(mpm.o)
    0x00032cd8   0x00000038   Code   RO         3661    i.mpm_xo_disable    mpm.lib(mpm.o)
    0x00032d10   0x00000034   Code   RO         3662    i.mpm_xo_enable     mpm.lib(mpm.o)
    0x00032d44   0x0000004c   Code   RO         9962    i.msm_gpio_mode_i   pmic_target_rpm_lite_rsrc_access.lib(pm_gpio_i.o)
    0x00032d90   0x00000034   Code   RO         1067    i.npa_assign_resource_state  npa.lib(npa.o)
    0x00032dc4   0x00000140   Code   RO         1068    i.npa_async_event_handler  npa.lib(npa.o)
    0x00032f04   0x00000060   Code   RO         3806    i.npa_binary_update_fcn  npa.lib(npa_plugins.o)
    0x00032f64   0x00000036   Code   RO         5641    i.npa_change_driver_function  clkregim_rpm.lib(clkrgm_rpm_npa_target.o)
    0x00032f9a   0x00000002   PAD
    0x00032f9c   0x000000cc   Code   RO         1071    i.npa_cleanup_placeholders  npa.lib(npa.o)
    0x00033068   0x00000056   Code   RO         1072    i.npa_complete_request  npa.lib(npa.o)
    0x000330be   0x00000010   Code   RO         1074    i.npa_create_event_cb  npa.lib(npa.o)
    0x000330ce   0x00000002   PAD
    0x000330d0   0x00000284   Code   RO         1075    i.npa_create_node   npa.lib(npa.o)
    0x00033354   0x00000022   Code   RO         1076    i.npa_create_query_handle  npa.lib(npa.o)
    0x00033376   0x00000002   PAD
    0x00033378   0x00000120   Code   RO         1077    i.npa_create_sync_client_ex  npa.lib(npa.o)
    0x00033498   0x00000048   Code   RO         1078    i.npa_dal_event_callback  npa.lib(npa.o)
    0x000334e0   0x000000a2   Code   RO         1080    i.npa_define_node_cb  npa.lib(npa.o)
    0x00033582   0x00000002   PAD
    0x00033584   0x0000007c   Code   RO         1081    i.npa_define_node_continuation  npa.lib(npa.o)
    0x00033600   0x000000a0   Code   RO         1082    i.npa_destroy_client  npa.lib(npa.o)
    0x000336a0   0x00000080   Code   RO         1083    i.npa_destroy_event_handle  npa.lib(npa.o)
    0x00033720   0x00000002   Code   RO         1084    i.npa_destroy_query_handle  npa.lib(npa.o)
    0x00033722   0x00000020   Code   RO         1089    i.npa_find_resource  npa.lib(npa.o)
    0x00033742   0x00000002   PAD
    0x00033744   0x00000034   Code   RO         1090    i.npa_find_resource_link  npa.lib(npa.o)
    0x00033778   0x000000c4   Code   RO         1091    i.npa_get_placeholder_resource  npa.lib(npa.o)
    0x0003383c   0x00000064   Code   RO         3807    i.npa_identity_update_fcn  npa.lib(npa_plugins.o)
    0x000338a0   0x00000114   Code   RO         1092    i.npa_init          npa.lib(npa.o)
    0x000339b4   0x0000004c   Code   RO         1093    i.npa_init_pool     npa.lib(npa.o)
    0x00033a00   0x000000c0   Code   RO         1097    i.npa_issue_limit_max_request  npa.lib(npa.o)
    0x00033ac0   0x00000042   Code   RO         1098    i.npa_issue_scalar_request  npa.lib(npa.o)
    0x00033b02   0x00000110   Code   RO         1099    i.npa_issue_sync_request  npa.lib(npa.o)
    0x00033c12   0x00000066   Code   RO         1100    i.npa_issue_vector_request  npa.lib(npa.o)
    0x00033c78   0x000000d8   Code   RO         1101    i.npa_link_resource  npa.lib(npa.o)
    0x00033d50   0x00000086   Code   RO         3809    i.npa_max_update_fcn  npa.lib(npa_plugins.o)
    0x00033dd6   0x00000002   PAD
    0x00033dd8   0x00000038   Code   RO         1103    i.npa_new_continuation  npa.lib(npa.o)
    0x00033e10   0x000000e0   Code   RO         1104    i.npa_new_event     npa.lib(npa.o)
    0x00033ef0   0x00000008   Code   RO         3811    i.npa_no_client_create_fcn  npa.lib(npa_plugins.o)
    0x00033ef8   0x0000001a   Code   RO         3812    i.npa_no_client_update_fcn  npa.lib(npa_plugins.o)
    0x00033f12   0x00000002   PAD
    0x00033f14   0x00000014   Code   RO         1106    i.npa_num_pending_events  npa.lib(npa.o)
    0x00033f28   0x0000005c   Code   RO         3813    i.npa_or_update_fcn  npa.lib(npa_plugins.o)
    0x00033f84   0x00000014   Code   RO         1107    i.npa_process_event  npa.lib(npa.o)
    0x00033f98   0x00000098   Code   RO         1108    i.npa_query         npa.lib(npa.o)
    0x00034030   0x0000002c   Code   RO         1109    i.npa_query_by_client  npa.lib(npa.o)
    0x0003405c   0x000000b8   Code   RO         1114    i.npa_resource_available_cb  npa.lib(npa.o)
    0x00034114   0x00000054   Code   RO         1115    i.npa_resources_available_cb  npa.lib(npa.o)
    0x00034168   0x0000007c   Code   RO         1116    i.npa_resources_available_continuation  npa.lib(npa.o)
    0x000341e4   0x00000008   Code   RO         3887    i.npa_target_config  npa.lib(npa_target_config.o)
    0x000341ec   0x00000002   Code   RO         3878    i.npa_target_init   npa.lib(npa_target_init.o)
    0x000341ee   0x00000032   Code   RO         1119    i.npa_trigger_callback_event  npa.lib(npa.o)
    0x00034220   0x00000074   Code   RO         1120    i.npa_update_resource_state  npa.lib(npa.o)
    0x00034294   0x0000008a   Code   RO        10107    i.pm_config_temp_alarm_pwm  pmic_target_rpm_lite_rsrc_access.lib(pm_temp_i.o)
    0x0003431e   0x00000042   Code   RO         9783    i.pm_dvt_in         pmic_target_msm8960_common_system_lib.lib(pm_dvt_i.o)
    0x00034360   0x00000042   Code   RO         9785    i.pm_dvt_out        pmic_target_msm8960_common_system_lib.lib(pm_dvt_i.o)
    0x000343a2   0x00000002   PAD
    0x000343a4   0x000000dc   Code   RO         9963    i.pm_get_msm_chipid  pmic_target_rpm_lite_rsrc_access.lib(pm_gpio_i.o)
    0x00034480   0x000000c4   Code   RO         9964    i.pm_gpio_mode_i    pmic_target_rpm_lite_rsrc_access.lib(pm_gpio_i.o)
    0x00034544   0x0000007a   Code   RO         2480    i.pm_init           pmic_target_rpm_system.lib(pm_rpm_proc.o)
    0x000345be   0x00000064   Code   RO         7001    i.pm_low_current_led_set_current  pmic_target_rpm_lite_rsrc_access.lib(pm_low_current_led.o)
    0x00034622   0x0000005c   Code   RO         7002    i.pm_low_current_led_set_ext_signal  pmic_target_rpm_lite_rsrc_access.lib(pm_low_current_led.o)
    0x0003467e   0x00000002   PAD
    0x00034680   0x00000038   Code   RO         9996    i.pm_lp_mode_and_pin_control_i  pmic_target_rpm_lite_rsrc_access.lib(pm_linear_i.o)
    0x000346b8   0x00000094   Code   RO        10031    i.pm_mpp_mode_i     pmic_target_rpm_lite_rsrc_access.lib(pm_mpp_i.o)
    0x0003474c   0x00000014   Code   RO        10048    i.pm_ncp_control_i  pmic_target_rpm_lite_rsrc_access.lib(pm_ncp_i.o)
    0x00034760   0x000003e4   Code   RO         7226    i.pm_npa_device_aggregate_pwr  pmic_target_rpm_npa_protected.lib(pm_rpm_proc_npa_device.o)
    0x00034b44   0x000000fc   Code   RO         7227    i.pm_npa_device_aggregation_schemes  pmic_target_rpm_npa_protected.lib(pm_rpm_proc_npa_device.o)
    0x00034c40   0x000000c8   Code   RO         7228    i.pm_npa_device_driver_cxo  pmic_target_rpm_npa_protected.lib(pm_rpm_proc_npa_device.o)
    0x00034d08   0x000001ac   Code   RO         7229    i.pm_npa_device_driver_vs  pmic_target_rpm_npa_protected.lib(pm_rpm_proc_npa_device.o)
    0x00034eb4   0x0000011c   Code   RO         7230    i.pm_npa_device_get_client_index  pmic_target_rpm_npa_protected.lib(pm_rpm_proc_npa_device.o)
    0x00034fd0   0x00000190   Code   RO         7231    i.pm_npa_device_pwr_cb  pmic_target_rpm_npa_protected.lib(pm_rpm_proc_npa_device.o)
    0x00035160   0x00000098   Code   RO         7232    i.pm_npa_device_registration  pmic_target_rpm_npa_protected.lib(pm_rpm_proc_npa_device.o)
    0x000351f8   0x0000002e   Code   RO         7233    i.pm_npa_device_set_cxo  pmic_target_rpm_npa_protected.lib(pm_rpm_proc_npa_device.o)
    0x00035226   0x00000002   PAD
    0x00035228   0x000006ac   Code   RO         7234    i.pm_npa_device_set_pwr  pmic_target_rpm_npa_protected.lib(pm_rpm_proc_npa_device.o)
    0x000358d4   0x00000004   Code   RO         7235    i.pm_npa_device_set_vdd_mem_and_dig  pmic_target_rpm_npa_protected.lib(pm_rpm_proc_npa_device.o)
    0x000358d8   0x00000062   Code   RO         9729    i.pm_npa_process_rsrc  pmic_target_common_npa.lib(pm_npa.o)
    0x0003593a   0x0000004e   Code   RO         9730    i.pm_npa_resource_set  pmic_target_common_npa.lib(pm_npa.o)
    0x00035988   0x00000104   Code   RO         7120    i.pm_npa_rpm_enter_sleep  pmic_target_rpm_npa.lib(pm_rpm_proc_npa_device_cfg.o)
    0x00035a8c   0x000000bc   Code   RO         7121    i.pm_npa_rpm_exit_sleep  pmic_target_rpm_npa.lib(pm_rpm_proc_npa_device_cfg.o)
    0x00035b48   0x00000004   Code   RO         7122    i.pm_npa_rpm_validate_req  pmic_target_rpm_npa.lib(pm_rpm_proc_npa_device_cfg.o)
    0x00035b4c   0x00000014   Code   RO         7123    i.pm_oem_init       pmic_target_rpm_npa.lib(pm_rpm_proc_npa_device_cfg.o)
    0x00035b60   0x00000088   Code   RO         6783    i.pm_pwr_active_pull_down_i  pmic_target_rpm_lite_rsrc_access.lib(pm_pwr_i.o)
    0x00035be8   0x0000004c   Code   RO         9886    i.pm_pwr_buck_switching_freq_i  pmic_target_rpm_lite_rsrc_access.lib(pm_buck_i.o)
    0x00035c34   0x00000084   Code   RO         9997    i.pm_pwr_linear_assisted_start_i  pmic_target_rpm_lite_rsrc_access.lib(pm_linear_i.o)
    0x00035cb8   0x00000034   Code   RO         9998    i.pm_pwr_linear_bypass_i  pmic_target_rpm_lite_rsrc_access.lib(pm_linear_i.o)
    0x00035cec   0x00000090   Code   RO         6785    i.pm_pwr_mbg_mode_i  pmic_target_rpm_lite_rsrc_access.lib(pm_pwr_i.o)
    0x00035d7c   0x0000006c   Code   RO         7236    i.pm_rpm_device_init  pmic_target_rpm_npa_protected.lib(pm_rpm_proc_npa_device.o)
    0x00035de8   0x000000a4   Code   RO         7237    i.pm_rpm_npa_init   pmic_target_rpm_npa_protected.lib(pm_rpm_proc_npa_device.o)
    0x00035e8c   0x00000094   Code   RO        10086    i.pm_set_tcxo_i     pmic_target_rpm_lite_rsrc_access.lib(pm_xo_i.o)
    0x00035f20   0x0000004c   Code   RO         9887    i.pm_vreg_advance_legacy_mode_status_i  pmic_target_rpm_lite_rsrc_access.lib(pm_buck_i.o)
    0x00035f6c   0x0000002c   Code   RO         6509    i.pm_vreg_bucks_common_enter_sleep_1  pmic_target_rpm_lite_rsrc_access.lib(pm_pwr_application_i.o)
    0x00035f98   0x0000002c   Code   RO         6510    i.pm_vreg_bucks_common_enter_sleep_2  pmic_target_rpm_lite_rsrc_access.lib(pm_pwr_application_i.o)
    0x00035fc4   0x00000088   Code   RO         6788    i.pm_vreg_ctrl_i    pmic_target_rpm_lite_rsrc_access.lib(pm_pwr_i.o)
    0x0003604c   0x00000010   Code   RO         6511    i.pm_vreg_get_corner_i  pmic_target_rpm_lite_rsrc_access.lib(pm_pwr_application_i.o)
    0x0003605c   0x00000020   Code   RO         6512    i.pm_vreg_get_level_raw_i  pmic_target_rpm_lite_rsrc_access.lib(pm_pwr_application_i.o)
    0x0003607c   0x0000008c   Code   RO         6791    i.pm_vreg_pin_ctrl_i  pmic_target_rpm_lite_rsrc_access.lib(pm_pwr_i.o)
    0x00036108   0x00000134   Code   RO         6513    i.pm_vreg_set_level_application_i  pmic_target_rpm_lite_rsrc_access.lib(pm_pwr_application_i.o)
    0x0003623c   0x000000b4   Code   RO         6514    i.pm_vreg_set_level_application_init_i  pmic_target_rpm_lite_rsrc_access.lib(pm_pwr_application_i.o)
    0x000362f0   0x00000088   Code   RO         6792    i.pm_vreg_set_level_i  pmic_target_rpm_lite_rsrc_access.lib(pm_pwr_i.o)
    0x00036378   0x00000028   Code   RO         6515    i.pm_vreg_set_level_raw_i  pmic_target_rpm_lite_rsrc_access.lib(pm_pwr_application_i.o)
    0x000363a0   0x00000050   Code   RO         9889    i.pm_vreg_smps_config_i  pmic_target_rpm_lite_rsrc_access.lib(pm_buck_i.o)
    0x000363f0   0x00000064   Code   RO         5084    i.prepare_interrupts  sleep_rpm.lib(lpr_definition_uber.o)
    0x00036454   0x00000080   Code   RO         2022    i.railway_clkregim_passthrough  railway.lib(railway_8064.o)
    0x000364d4   0x0000047e   Code   RO         1917    i.railway_cxmx_driver_fcn  railway.lib(railway_limits.o)
    0x00036952   0x000000dc   Code   RO         1918    i.railway_cxmx_update_fcn  railway.lib(railway_limits.o)
    0x00036a2e   0x0000004c   Code   RO         1919    i.railway_get_default_settings  railway.lib(railway_limits.o)
    0x00036a7a   0x0000001c   Code   RO         1920    i.railway_get_next_step  railway.lib(railway_limits.o)
    0x00036a96   0x00000002   PAD
    0x00036a98   0x00000050   Code   RO         1922    i.railway_init      railway.lib(railway_limits.o)
    0x00036ae8   0x00000090   Code   RO         2023    i.railway_legacy_handler  railway.lib(railway_8064.o)
    0x00036b78   0x00000088   Code   RO         1923    i.railway_rail_init  railway.lib(railway_limits.o)
    0x00036c00   0x0000009c   Code   RO         1924    i.railway_set_callback  railway.lib(railway_limits.o)
    0x00036c9c   0x0000004c   Code   RO         1925    i.railway_setup_sleep_handle  railway.lib(railway_limits.o)
    0x00036ce8   0x00000138   Code   RO         2024    i.railway_target_init  railway.lib(railway_8064.o)
    0x00036e20   0x0000002c   Code   RO         1926    i.railway_uv_to_mv  railway.lib(railway_limits.o)
    0x00036e4c   0x000000aa   Code   RO         1927    i.railway_walk_cbs  railway.lib(railway_limits.o)
    0x00036ef6   0x00000004   Code   RO         3901    i.rbcpr_is_enabled  rbcpr.lib(rbcpr_stubs.o)
    0x00036efa   0x00000002   Code   RO         3902    i.rbcpr_update      rbcpr.lib(rbcpr_stubs.o)
    0x00036efc   0x00000060   Code   RO        10067    i.resolveInternalResource  pmic_target_rpm_lite_rsrc_access.lib(pm_rpm_router.o)
    0x00036f5c   0x00000044   Code   RO         5085    i.restore_interrupts  sleep_rpm.lib(lpr_definition_uber.o)
    0x00036fa0   0x0000005e   Code   RO          793    i.rex_def_task_ext  DALSys.lib(rex.o)
    0x00036ffe   0x00000002   PAD
    0x00037000   0x00000140   Code   RO          795    i.rex_def_task_internal  DALSys.lib(rex.o)
    0x00037140   0x00000024   Code   RO          802    i.rex_idle_task     DALSys.lib(rex.o)
    0x00037164   0x00000080   Code   RO          803    i.rex_init          DALSys.lib(rex.o)
    0x000371e4   0x00000020   Code   RO          805    i.rex_is_in_irq_mode  DALSys.lib(rex.o)
    0x00037204   0x0000000c   Code   RO          814    i.rex_self          DALSys.lib(rex.o)
    0x00037210   0x00000014   Code   RO          817    i.rex_set_interrupt_vector  DALSys.lib(rex.o)
    0x00037224   0x0000005c   Code   RO          819    i.rex_set_sigs      DALSys.lib(rex.o)
    0x00037280   0x00000020   Code   RO          824    i.rex_task_preamble  DALSys.lib(rex.o)
    0x000372a0   0x00000014   Code   RO         9065    i.rob_get_duration  rpmutils.lib(rob.o)
    0x000372b4   0x00000068   Code   RO         9066    i.rob_mark_duration  rpmutils.lib(rob.o)
    0x0003731c   0x00000020   Code   RO         9067    i.rob_mark_event    rpmutils.lib(rob.o)
    0x0003733c   0x0000000c   Code   RO         9068    i.rob_set_recording_speed  rpmutils.lib(rob.o)
    0x00037348   0x00000070   Code   RO         1772    i.rpm_ctl_init      fakedrivers.lib(rpm_ctl.o)
    0x000373b8   0x0000001a   Code   RO           71    i.rpm_data_abort_c_handler  rpm_error_handler.o
    0x000373d2   0x00000002   PAD
    0x000373d4   0x000000fc   Code   RO         5087    i.rpm_halt_enter    sleep_rpm.lib(lpr_definition_uber.o)
    0x000374d0   0x00000030   Code   RO         5088    i.rpm_halt_exit     sleep_rpm.lib(lpr_definition_uber.o)
    0x00037500   0x0000004c   Code   RO         5089    i.rpm_halt_latency  sleep_rpm.lib(lpr_definition_uber.o)
    0x0003754c   0x00000004   Code   RO         5090    i.rpm_halt_power    sleep_rpm.lib(lpr_definition_uber.o)
    0x00037550   0x000000b0   Code   RO          123    i.rpm_init          main.o
    0x00037600   0x000000c0   Code   RO         1724    i.rpm_log_event_id4  fakedrivers.lib(rpm_log.o)
    0x000376c0   0x00000020   Code   RO         1725    i.rpm_log_go_silent  fakedrivers.lib(rpm_log.o)
    0x000376e0   0x000000ac   Code   RO         1726    i.rpm_log_init      fakedrivers.lib(rpm_log.o)
    0x0003778c   0x00000008   Ven    RO           58    i.rpm_main_ctl      rpm_mc.o
    0x00037794   0x0000001c   Code   RO           58    i.rpm_main_ctl      rpm_mc.o
    0x000377b0   0x0000001a   Code   RO           73    i.rpm_prefetch_abort_c_handler  rpm_error_handler.o
    0x000377ca   0x00000002   PAD
    0x000377cc   0x00000058   Code   RO            8    i.rpm_ram_init      rpm_ram_init.o
    0x00037824   0x00000018   Code   RO           74    i.rpm_reserved_c_handler  rpm_error_handler.o
    0x0003783c   0x00000024   Code   RO          124    i.rpm_start         main.o
    0x00037860   0x00000018   Code   RO           75    i.rpm_swi_c_handler  rpm_error_handler.o
    0x00037878   0x0000001a   Code   RO           76    i.rpm_undefined_instruction_c_handler  rpm_error_handler.o
    0x00037892   0x00000002   PAD
    0x00037894   0x0000007c   Code   RO        10518    i.sbi_mini_read_byte  sbi_mini_rpm.lib(sbi_mini.o)
    0x00037910   0x00000070   Code   RO        10520    i.sbi_mini_write_byte  sbi_mini_rpm.lib(sbi_mini.o)
    0x00037980   0x00000014   Code   RO         4717    i.sched_cpu_speed_change  rpm_sched.lib(rpm_sched.o)
    0x00037994   0x00000014   Code   RO         4718    i.sched_cpu_speed_change_ok  rpm_sched.lib(rpm_sched.o)
    0x000379a8   0x00000014   Code   RO         4719    i.sched_get_next_duration  rpm_sched.lib(rpm_sched.o)
    0x000379bc   0x00000034   Code   RO         4720    i.sched_get_next_start  rpm_sched.lib(rpm_sched.o)
    0x000379f0   0x00000010   Code   RO         4721    i.sched_run         rpm_sched.lib(rpm_sched.o)
    0x00037a00   0x00000010   Code   RO         8516    i.send_apss_vmpm_interrupt  vmpm.lib(vmpm_8064.o)
    0x00037a10   0x00000010   Code   RO         8517    i.send_dsps_vmpm_interrupt  vmpm.lib(vmpm_8064.o)
    0x00037a20   0x00000010   Code   RO         8518    i.send_lpass_vmpm_interrupt  vmpm.lib(vmpm_8064.o)
    0x00037a30   0x00000010   Code   RO         8519    i.send_mpss_fw_vmpm_interrupt  vmpm.lib(vmpm_8064.o)
    0x00037a40   0x00000010   Code   RO         8520    i.send_mpss_sw_vmpm_interrupt  vmpm.lib(vmpm_8064.o)
    0x00037a50   0x00000010   Code   RO         8521    i.send_riva_vmpm_interrupt  vmpm.lib(vmpm_8064.o)
    0x00037a60   0x00000010   Code   RO         2226    i.set_be_gentle     sleep.lib(sleep_os.o)
    0x00037a70   0x00000060   Code   RO         5017    i.sleep_define_lpr  sleep.lib(sleep_lpr.o)
    0x00037ad0   0x00000014   Code   RO         2227    i.sleep_init        sleep.lib(sleep_os.o)
    0x00037ae4   0x00000014   Code   RO         2292    i.sleep_is_limited  sleep.lib(sleep_target.o)
    0x00037af8   0x0000002c   Code   RO         5018    i.sleep_lpr_driver  sleep.lib(sleep_lpr.o)
    0x00037b24   0x0000001c   Code   RO         5019    i.sleep_lpr_init    sleep.lib(sleep_lpr.o)
    0x00037b40   0x000001c0   Code   RO         5020    i.sleep_lpr_query_fcn  sleep.lib(sleep_lpr.o)
    0x00037d00   0x0000006a   Code   RO         5021    i.sleep_lpr_update  sleep.lib(sleep_lpr.o)
    0x00037d6a   0x00000002   PAD
    0x00037d6c   0x00000054   Code   RO         5022    i.sleep_lprm_lookup  sleep.lib(sleep_lpr.o)
    0x00037dc0   0x000001bc   Code   RO         2293    i.sleep_monitor_init  sleep.lib(sleep_target.o)
    0x00037f7c   0x000000b0   Code   RO         2294    i.sleep_monitor_npa  sleep.lib(sleep_target.o)
    0x0003802c   0x0000002c   Code   RO         2295    i.sleep_monitor_spm  sleep.lib(sleep_target.o)
    0x00038058   0x0000002c   Code   RO         2296    i.sleep_monitor_update  sleep.lib(sleep_target.o)
    0x00038084   0x00000002   Code   RO         5004    i.sleep_npa_init    sleep.lib(sleep_npa.o)
    0x00038086   0x00000002   PAD
    0x00038088   0x00000130   Code   RO         2228    i.sleep_perform_lpm  sleep.lib(sleep_os.o)
    0x000381b8   0x000001cc   Code   RO         4989    i.sleep_solver      sleep.lib(legacy_solver.o)
    0x00038384   0x00000120   Code   RO         2297    i.sleep_target_init  sleep.lib(sleep_target.o)
    0x000384a4   0x00000060   Code   RO         5062    i.sleep_uber_driver  sleep_rpm.lib(node_definition_uber.o)
    0x00038504   0x00000010   Code   RO         2161    i.svs_current_speed  svs.lib(svs.o)
    0x00038514   0x0000001c   Code   RO         2162    i.svs_init          svs.lib(svs.o)
    0x00038530   0x00000058   Code   RO         2163    i.svs_postchange_cb  svs.lib(svs.o)
    0x00038588   0x0000005c   Code   RO         2164    i.svs_prechange_cb  svs.lib(svs.o)
    0x000385e4   0x00000124   Code   RO         2165    i.svs_resources_ready  svs.lib(svs.o)
    0x00038708   0x0000005c   Code   RO         2166    i.svs_set_mode      svs.lib(svs.o)
    0x00038764   0x000000ec   Code   RO         2167    i.svs_update_speed  svs.lib(svs.o)
    0x00038850   0x00000058   Code   RO         4941    i.time_service_now  rpm_sched.lib(rpm_timeservice.o)
    0x000388a8   0x00000054   Code   RO         5896    i.tramp_clear_interrupt  tramp.lib(tramp.o)
    0x000388fc   0x000000b0   Code   RO         5898    i.tramp_deregister_isr  tramp.lib(tramp.o)
    0x000389ac   0x00000054   Code   RO         5899    i.tramp_disable_interrupt  tramp.lib(tramp.o)
    0x00038a00   0x00000054   Code   RO         5900    i.tramp_enable_interrupt  tramp.lib(tramp.o)
    0x00038a54   0x0000001c   Code   RO         5901    i.tramp_get_context  tramp.lib(tramp.o)
    0x00038a70   0x00000020   Code   RO         5902    i.tramp_get_flag    tramp.lib(tramp.o)
    0x00038a90   0x00000048   Code   RO         5904    i.tramp_init        tramp.lib(tramp.o)
    0x00038ad8   0x0000009c   Code   RO         5905    i.tramp_install_irq  tramp.lib(tramp.o)
    0x00038b74   0x00000080   Code   RO         5906    i.tramp_invoke_isr  tramp.lib(tramp.o)
    0x00038bf4   0x00000040   Code   RO         5909    i.tramp_is_interrupt_pending  tramp.lib(tramp.o)
    0x00038c34   0x00000030   Code   RO         5911    i.tramp_is_interrupt_valid  tramp.lib(tramp.o)
    0x00038c64   0x00000024   Code   RO         9485    i.tramp_isr_irq_vect  tramp.lib(tramp_qgic_rex.o)
    0x00038c88   0x0000002c   Code   RO         9486    i.tramp_platform_init  tramp.lib(tramp_qgic_rex.o)
    0x00038cb4   0x00000012   Code   RO        10951    i.tramp_qgic_clear  tramp.lib(tramp_qgic.o)
    0x00038cc6   0x00000012   Code   RO        10952    i.tramp_qgic_disable  tramp.lib(tramp_qgic.o)
    0x00038cd8   0x00000012   Code   RO        10953    i.tramp_qgic_enable  tramp.lib(tramp_qgic.o)
    0x00038cea   0x0000001c   Code   RO        10954    i.tramp_qgic_get_trigger  tramp.lib(tramp_qgic.o)
    0x00038d06   0x00000002   PAD
    0x00038d08   0x00000018   Code   RO        10955    i.tramp_qgic_id     tramp.lib(tramp_qgic.o)
    0x00038d20   0x000000a0   Code   RO        10956    i.tramp_qgic_init   tramp.lib(tramp_qgic.o)
    0x00038dc0   0x00000030   Code   RO        10957    i.tramp_qgic_is_any_interrupt_pending  tramp.lib(tramp_qgic.o)
    0x00038df0   0x00000012   Code   RO        10958    i.tramp_qgic_is_enabled  tramp.lib(tramp_qgic.o)
    0x00038e02   0x0000002c   Code   RO        10959    i.tramp_qgic_is_pending  tramp.lib(tramp_qgic.o)
    0x00038e2e   0x00000012   Code   RO        10960    i.tramp_qgic_is_set  tramp.lib(tramp_qgic.o)
    0x00038e40   0x00000046   Code   RO        10962    i.tramp_qgic_set_trigger  tramp.lib(tramp_qgic.o)
    0x00038e86   0x00000012   Code   RO        10963    i.tramp_qgic_sleep  tramp.lib(tramp_qgic.o)
    0x00038e98   0x00000030   Code   RO        10964    i.tramp_qgic_trigger  tramp.lib(tramp_qgic.o)
    0x00038ec8   0x00000012   Code   RO        10965    i.tramp_qgic_wakeup  tramp.lib(tramp_qgic.o)
    0x00038eda   0x00000002   PAD
    0x00038edc   0x000000b4   Code   RO         5914    i.tramp_register_isr  tramp.lib(tramp.o)
    0x00038f90   0x0000005c   Code   RO         5919    i.tramp_set_interrupt_trigger  tramp.lib(tramp.o)
    0x00038fec   0x00000188   Code   RO         5092    i.vdd_min_enter     sleep_rpm.lib(lpr_definition_uber.o)
    0x00039174   0x0000008c   Code   RO         5093    i.vdd_min_exit      sleep_rpm.lib(lpr_definition_uber.o)
    0x00039200   0x00000052   Code   RO         5094    i.vdd_min_latency   sleep_rpm.lib(lpr_definition_uber.o)
    0x00039252   0x00000004   Code   RO         5095    i.vdd_min_power     sleep_rpm.lib(lpr_definition_uber.o)
    0x00039256   0x00000002   PAD
    0x00039258   0x00000084   Code   RO         3749    i.vmpm_init         vmpm.lib(vmpm.o)
    0x000392dc   0x0000029c   Code   RO         3750    i.vmpm_isr          vmpm.lib(vmpm.o)
    0x00039578   0x00000012   Code   RO         3751    i.vmpm_prepare_for_sleep  vmpm.lib(vmpm.o)
    0x0003958a   0x00000002   PAD
    0x0003958c   0x000000a0   Code   RO         3752    i.vmpm_propogate_interrupts  vmpm.lib(vmpm.o)
    0x0003962c   0x00000148   Code   RO         5096    i.xo_shutdown_enter  sleep_rpm.lib(lpr_definition_uber.o)
    0x00039774   0x0000006c   Code   RO         5097    i.xo_shutdown_exit  sleep_rpm.lib(lpr_definition_uber.o)
    0x000397e0   0x00000002   Code   RO         5098    i.xo_shutdown_init  sleep_rpm.lib(lpr_definition_uber.o)
    0x000397e2   0x00000052   Code   RO         5099    i.xo_shutdown_latency  sleep_rpm.lib(lpr_definition_uber.o)
    0x00039834   0x00000004   Code   RO         5100    i.xo_shutdown_power  sleep_rpm.lib(lpr_definition_uber.o)
    0x00039838   0x00000002   Code   RO          439    i.xpu_init          xpu_init.o
    0x0003983a   0x00000002   PAD
    0x0003983c   0x00000014   Data   RO         1928    .constdata          railway.lib(railway_limits.o)
    0x00039850   0x0000000c   Data   RO         2025    .constdata          railway.lib(railway_8064.o)
    0x0003985c   0x00000004   Data   RO         2298    .constdata          sleep.lib(sleep_target.o)
    0x00039860   0x00000008   Data   RO         3328    .constdata          IcbLLDalRpm.lib(DalAxiPD.o)
    0x00039868   0x00000018   Data   RO         3815    .constdata          npa.lib(npa_plugins.o)
    0x00039880   0x00000018   Data   RO         3817    .constdata          npa.lib(npa_plugins.o)
    0x00039898   0x00000018   Data   RO         3819    .constdata          npa.lib(npa_plugins.o)
    0x000398b0   0x00000018   Data   RO         3822    .constdata          npa.lib(npa_plugins.o)
    0x000398c8   0x00000018   Data   RO         3823    .constdata          npa.lib(npa_plugins.o)
    0x000398e0   0x00000018   Data   RO         5024    .constdata          sleep.lib(sleep_lpr.o)
    0x000398f8   0x00000004   Data   RO         8522    .constdata          vmpm.lib(vmpm_8064.o)
    0x000398fc   0x00000108   Data   RO         8523    .constdata          vmpm.lib(vmpm_8064.o)
    0x00039a04   0x00000020   Data   RO         8565    .constdata          DALRPMFW.lib(BitTwiddle.o)
    0x00039a24   0x00000004   Data   RO         8656    .constdata          DALRPMFW.lib(DalRPMFWEstimator.o)
    0x00039a28   0x00000058   Data   RO         9968    .constdata          pmic_target_rpm_lite_rsrc_access.lib(pm_gpio_i.o)
    0x00039a80   0x00000004   Data   RO        10034    .constdata          pmic_target_rpm_lite_rsrc_access.lib(pm_mpp_i.o)
    0x00039a84   0x00000030   Data   RO        10258    .constdata          DDR_HAL.lib(PCDDR3_DDR_PHY_1.o)
    0x00039ab4   0x00000048   Data   RO        10498    .constdata          IcbLLHalRpm.lib(HALaxifabricTarget.o)
    0x00039afc   0x0000000c   Data   RO        10521    .constdata          sbi_mini_rpm.lib(sbi_mini.o)
    0x00039b08   0x0000000c   Data   RO        10566    .constdata          HALmpm.lib(BSPmpm.o)
    0x00039b14   0x00000008   Data   RO        10567    .constdata          HALmpm.lib(BSPmpm.o)
    0x00039b1c   0x00000008   Data   RO        10568    .constdata          HALmpm.lib(BSPmpm.o)
    0x00039b24   0x00000008   Data   RO        10569    .constdata          HALmpm.lib(BSPmpm.o)
    0x00039b2c   0x0000000e   Data   RO        12308    .constdata          pmic_drivers_buck_vreg_v2_buck_alg_v1_protected.lib(vreg_v2_buck_config_alg_v1.o)
    0x00039b3a   0x00000002   PAD
    0x00039b3c   0x00000014   Data   RO         4972    .constdata__ZTV14RPMTimeService  rpm_sched.lib(rpm_timeservice.o)
    0x00039b50   0x00000024   Data   RO         8835    .constdata__ZTV15RPMFWSetChanger  DALRPMFW.lib(DalRPMFWSetChanger.o)
    0x00039b74   0x00000024   Data   RO         4301    .constdata__ZTV19RPMFWRequestHandler  DALRPMFW.lib(DalRPMFWHandler.o)
    0x00039b98   0x00000024   Data   RO         8932    .constdata__ZTV4Task  rpm_sched.lib(rpm_task.o)
    0x00039bbc   0x00000010   Data   RO        11125    .constdata__ZTVN11PmicObjects11PmicDevices10PmicDeviceE  pmic_pmic_devices_common_protected.lib(pmic_device.o)
    0x00039bcc   0x00000010   Data   RO         9697    .constdata__ZTVN11PmicObjects11PmicDevices12PmicResourceE  pmic_pmic_devices_common_protected.lib(pmic_resource.o)
    0x00039bdc   0x0000002c   Data   RO        11392    .constdata__ZTVN11PmicObjects11PmicDevices14RPM_ProcPM8921E  pmic_target_rpm_system.lib(pm_rpm_proc_pm8921.o)
    0x00039c08   0x00000010   Data   RO        14519    .constdata__ZTVN11PmicObjects11PmicDevices15PmicSubResourceE  pmic_pmic_devices_common_protected.lib(pmic_sub_resource.o)
    0x00039c18   0x00000010   Data   RO        14121    .constdata__ZTVN11PmicObjects11PmicDevices6PM8921E  pmic_pmic_devices_pm8921_protected.lib(pm8921.o)
    0x00039c28   0x00000038   Data   RO         6230    .constdata__ZTVN11PmicObjects15TargetProcessorE  pmic_target_msm8960_common_system_lib.lib(target_processor.o)
    0x00039c60   0x00000010   Data   RO        14404    .constdata__ZTVN11PmicObjects2VS5PMIC411VS_V2_PMIC4E  pmic_drivers_vs_base_protected.lib(vs_v2_pmic4.o)
    0x00039c70   0x00000010   Data   RO        14050    .constdata__ZTVN11PmicObjects2VS5PMIC418VS_V2_PMIC4_ConfigE  pmic_drivers_vs_base_protected.lib(vs_v2_pmic4_config.o)
    0x00039c80   0x0000002c   Data   RO        14252    .constdata__ZTVN11PmicObjects3CLK5PMIC414MEGA_CLK_PMIC4E  pmic_drivers_clk_v1_protected.lib(mega_clk_pmic4.o)
    0x00039cac   0x0000002c   Data   RO        12479    .constdata__ZTVN11PmicObjects3CLK5PMIC421MEGA_CLK_PMIC4_ConfigE  pmic_drivers_clk_v1_protected.lib(mega_clk_pmic4_config.o)
    0x00039cd8   0x00000014   Data   RO        12601    .constdata__ZTVN11PmicObjects3LDO20PwrLinearBypassAlgV1E  pmic_drivers_linear_pwr_linear_alg_v1_protected.lib(pwr_linear_bypass_alg_v1.o)
    0x00039cec   0x00000014   Data   RO        12644    .constdata__ZTVN11PmicObjects3LDO27VregV2LpModeAndPinCtrlAlgV1E  pmic_drivers_linear_vreg_v2_linear_alg_v1_protected.lib(vreg_v2_linear_lp_mode_and_pin_ctrl_alg_v1.o)
    0x00039d00   0x00000010   Data   RO        14323    .constdata__ZTVN11PmicObjects3LDO5PMIC411LNLDO_PMIC4E  pmic_drivers_linear_base_protected.lib(lnldo_pmic4.o)
    0x00039d10   0x00000010   Data   RO        14294    .constdata__ZTVN11PmicObjects3LDO5PMIC412LDO_V2_PMIC4E  pmic_drivers_linear_base_protected.lib(ldo_v2_pmic4.o)
    0x00039d20   0x00000010   Data   RO        12561    .constdata__ZTVN11PmicObjects3LDO5PMIC418LNLDO_PMIC4_ConfigE  pmic_drivers_linear_base_protected.lib(lnldo_pmic4_config.o)
    0x00039d30   0x00000010   Data   RO        12512    .constdata__ZTVN11PmicObjects3LDO5PMIC419LDO_V2_PMIC4_ConfigE  pmic_drivers_linear_base_protected.lib(ldo_v2_pmic4_config.o)
    0x00039d40   0x00000018   Data   RO        12681    .constdata__ZTVN11PmicObjects3NCP5PMIC416NCP_PMIC4_ConfigE  pmic_drivers_ncp_v1_protected.lib(ncp_pmic4_config.o)
    0x00039d58   0x00000018   Data   RO        14366    .constdata__ZTVN11PmicObjects3NCP5PMIC49NCP_PMIC4E  pmic_drivers_ncp_v1_protected.lib(ncp_pmic4.o)
    0x00039d70   0x00000018   Data   RO        12763    .constdata__ZTVN11PmicObjects3PWR12PwrModeAlgV1E  pmic_drivers_pwr_pwr_alg_v1_protected.lib(pwr_mode_alg_v1.o)
    0x00039d88   0x00000018   Data   RO        12948    .constdata__ZTVN11PmicObjects3PWR12PwrModeAlgV2E  pmic_drivers_pwr_pwr_alg_v2_protected.lib(pwr_mode_alg_v2.o)
    0x00039da0   0x00000018   Data   RO        13147    .constdata__ZTVN11PmicObjects3PWR12PwrModeAlgV3E  pmic_drivers_pwr_pwr_alg_v3_protected.lib(pwr_mode_alg_v3.o)
    0x00039db8   0x00000018   Data   RO        13329    .constdata__ZTVN11PmicObjects3PWR12PwrModeAlgV5E  pmic_drivers_pwr_pwr_alg_v5_protected.lib(pwr_mode_alg_v5.o)
    0x00039dd0   0x00000018   Data   RO        13401    .constdata__ZTVN11PmicObjects3PWR15VregV2CtrlAlgV1E  pmic_drivers_pwr_vreg_v2_alg_v1_protected.lib(vreg_v2_ctrl_alg_v1.o)
    0x00039de8   0x00000018   Data   RO        13581    .constdata__ZTVN11PmicObjects3PWR15VregV2CtrlAlgV2E  pmic_drivers_pwr_vreg_v2_alg_v2_protected.lib(vreg_v2_ctrl_alg_v2.o)
    0x00039e00   0x00000018   Data   RO        13777    .constdata__ZTVN11PmicObjects3PWR15VregV2CtrlAlgV3E  pmic_drivers_pwr_vreg_v2_alg_v3_protected.lib(vreg_v2_ctrl_alg_v3.o)
    0x00039e18   0x00000018   Data   RO        13914    .constdata__ZTVN11PmicObjects3PWR15VregV2CtrlAlgV4E  pmic_drivers_pwr_vreg_v2_alg_v4_protected.lib(vreg_v2_ctrl_alg_v4.o)
    0x00039e30   0x00000024   Data   RO        13478    .constdata__ZTVN11PmicObjects3PWR16VregV2LevelAlgV1E  pmic_drivers_pwr_vreg_v2_alg_v1_protected.lib(vreg_v2_level_alg_v1.o)
    0x00039e54   0x00000030   Data   RO        13662    .constdata__ZTVN11PmicObjects3PWR16VregV2LevelAlgV2E  pmic_drivers_pwr_vreg_v2_alg_v2_protected.lib(vreg_v2_level_alg_v2.o)
    0x00039e84   0x00000020   Data   RO        13838    .constdata__ZTVN11PmicObjects3PWR16VregV2LevelAlgV3E  pmic_drivers_pwr_vreg_v2_alg_v3_protected.lib(vreg_v2_level_alg_v3.o)
    0x00039ea4   0x00000020   Data   RO        13973    .constdata__ZTVN11PmicObjects3PWR16VregV2LevelAlgV4E  pmic_drivers_pwr_vreg_v2_alg_v4_protected.lib(vreg_v2_level_alg_v4.o)
    0x00039ec4   0x00000014   Data   RO        12800    .constdata__ZTVN11PmicObjects3PWR17PwrPinCtrledAlgV1E  pmic_drivers_pwr_pwr_alg_v1_protected.lib(pwr_pin_ctrled_alg_v1.o)
    0x00039ed8   0x00000014   Data   RO        12980    .constdata__ZTVN11PmicObjects3PWR17PwrPinCtrledAlgV2E  pmic_drivers_pwr_pwr_alg_v2_protected.lib(pwr_pin_ctrled_alg_v2.o)
    0x00039eec   0x00000014   Data   RO        13178    .constdata__ZTVN11PmicObjects3PWR17PwrPinCtrledAlgV3E  pmic_drivers_pwr_pwr_alg_v3_protected.lib(pwr_pin_ctrled_alg_v3.o)
    0x00039f00   0x00000014   Data   RO        13358    .constdata__ZTVN11PmicObjects3PWR17PwrPinCtrledAlgV5E  pmic_drivers_pwr_pwr_alg_v5_protected.lib(pwr_pin_ctrled_alg_v5.o)
    0x00039f14   0x0000001c   Data   RO        12851    .constdata__ZTVN11PmicObjects3PWR17PwrVoltLevelAlgV1E  pmic_drivers_pwr_pwr_alg_v1_protected.lib(pwr_volt_level_alg_v1.o)
    0x00039f30   0x00000028   Data   RO        13044    .constdata__ZTVN11PmicObjects3PWR17PwrVoltLevelAlgV2E  pmic_drivers_pwr_pwr_alg_v2_protected.lib(pwr_volt_level_alg_v2.o)
    0x00039f58   0x00000018   Data   RO        13215    .constdata__ZTVN11PmicObjects3PWR17PwrVoltLevelAlgV3E  pmic_drivers_pwr_pwr_alg_v3_protected.lib(pwr_volt_level_alg_v3.o)
    0x00039f70   0x00000018   Data   RO        13253    .constdata__ZTVN11PmicObjects3PWR17PwrVoltLevelAlgV4E  pmic_drivers_pwr_pwr_alg_v4_protected.lib(pwr_volt_level_alg_v4.o)
    0x00039f88   0x00000014   Data   RO        13539    .constdata__ZTVN11PmicObjects3PWR18VregV2PinCtrlAlgV1E  pmic_drivers_pwr_vreg_v2_alg_v1_protected.lib(vreg_v2_pin_ctrl_alg_v1.o)
    0x00039f9c   0x00000014   Data   RO        13731    .constdata__ZTVN11PmicObjects3PWR18VregV2PinCtrlAlgV2E  pmic_drivers_pwr_vreg_v2_alg_v2_protected.lib(vreg_v2_pin_ctrl_alg_v2.o)
    0x00039fb0   0x00000014   Data   RO        13870    .constdata__ZTVN11PmicObjects3PWR18VregV2PinCtrlAlgV3E  pmic_drivers_pwr_vreg_v2_alg_v3_protected.lib(vreg_v2_pin_ctrl_alg_v3.o)
    0x00039fc4   0x00000014   Data   RO        14021    .constdata__ZTVN11PmicObjects3PWR18VregV2PinCtrlAlgV4E  pmic_drivers_pwr_vreg_v2_alg_v4_protected.lib(vreg_v2_pin_ctrl_alg_v4.o)
    0x00039fd8   0x00000014   Data   RO        12717    .constdata__ZTVN11PmicObjects3PWR22PwrActivePullDownAlgV1E  pmic_drivers_pwr_pwr_alg_v1_protected.lib(pwr_active_pull_down_alg_v1.o)
    0x00039fec   0x00000014   Data   RO        12907    .constdata__ZTVN11PmicObjects3PWR22PwrActivePullDownAlgV2E  pmic_drivers_pwr_pwr_alg_v2_protected.lib(pwr_active_pull_down_alg_v2.o)
    0x0003a000   0x00000014   Data   RO        13104    .constdata__ZTVN11PmicObjects3PWR22PwrActivePullDownAlgV3E  pmic_drivers_pwr_pwr_alg_v3_protected.lib(pwr_active_pull_down_alg_v3.o)
    0x0003a014   0x00000014   Data   RO        13294    .constdata__ZTVN11PmicObjects3PWR22PwrActivePullDownAlgV5E  pmic_drivers_pwr_pwr_alg_v5_protected.lib(pwr_active_pull_down_alg_v5.o)
    0x0003a028   0x00000010   Data   RO         6163    .constdata__ZTVN11PmicObjects4COMM11CommManagerE  pmic_comm_commmanager_protected.lib(comm_manager.o)
    0x0003a038   0x00000030   Data   RO         9639    .constdata__ZTVN11PmicObjects4COMM13SSBI_2_0_LiteE  pmic_comm_ssbi_protected.lib(ssbi2_0_lite.o)
    0x0003a068   0x00000030   Data   RO        11075    .constdata__ZTVN11PmicObjects4COMM5ICommE  pmic_comm_common_protected.lib(icomm.o)
    0x0003a098   0x00000010   Data   RO         9564    .constdata__ZTVN11PmicObjects4COMM8CommInfoE  pmic_comm_common_protected.lib(comm_info.o)
    0x0003a0a8   0x00000014   Data   RO        11526    .constdata__ZTVN11PmicObjects4SMPS21PwrBuckClkSourceAlgV1E  pmic_drivers_buck_pwr_alg_v1_protected.lib(pwr_buck_clk_source_alg_v1.o)
    0x0003a0bc   0x00000014   Data   RO        11775    .constdata__ZTVN11PmicObjects4SMPS21PwrBuckClkSourceAlgV2E  pmic_drivers_buck_pwr_alg_v2_protected.lib(pwr_buck_clk_source_alg_v2.o)
    0x0003a0d0   0x00000014   Data   RO        12337    .constdata__ZTVN11PmicObjects4SMPS21VregV2BuckConfigAlgV1E  pmic_drivers_buck_vreg_v2_buck_alg_v1_protected.lib(vreg_v2_buck_config_alg_v1.o)
    0x0003a0e4   0x00000014   Data   RO        12444    .constdata__ZTVN11PmicObjects4SMPS21VregV2BuckConfigAlgV2E  pmic_drivers_buck_vreg_v2_buck_alg_v2_protected.lib(vreg_v2_buck_config_alg_v2.o)
    0x0003a0f8   0x00000018   Data   RO        11578    .constdata__ZTVN11PmicObjects4SMPS24PwrBuckInductorILimAlgV1E  pmic_drivers_buck_pwr_alg_v1_protected.lib(pwr_buck_inductor_ilim_alg_v1.o)
    0x0003a110   0x00000018   Data   RO        11820    .constdata__ZTVN11PmicObjects4SMPS24PwrBuckInductorILimAlgV2E  pmic_drivers_buck_pwr_alg_v2_protected.lib(pwr_buck_inductor_ilim_alg_v2.o)
    0x0003a128   0x00000018   Data   RO        11678    .constdata__ZTVN11PmicObjects4SMPS24PwrBuckSwitchDriverAlgV1E  pmic_drivers_buck_pwr_alg_v1_protected.lib(pwr_buck_switch_driver_alg_v1.o)
    0x0003a140   0x00000018   Data   RO        11910    .constdata__ZTVN11PmicObjects4SMPS24PwrBuckSwitchDriverAlgV2E  pmic_drivers_buck_pwr_alg_v2_protected.lib(pwr_buck_switch_driver_alg_v2.o)
    0x0003a158   0x00000018   Data   RO        11730    .constdata__ZTVN11PmicObjects4SMPS25PwrBuckSwitchingFreqAlgV1E  pmic_drivers_buck_pwr_alg_v1_protected.lib(pwr_buck_switching_freq_alg_v1.o)
    0x0003a170   0x00000018   Data   RO        11957    .constdata__ZTVN11PmicObjects4SMPS25PwrBuckSwitchingFreqAlgV2E  pmic_drivers_buck_pwr_alg_v2_protected.lib(pwr_buck_switching_freq_alg_v2.o)
    0x0003a188   0x00000018   Data   RO        11628    .constdata__ZTVN11PmicObjects4SMPS27PwrBuckPowerSwitchSizeAlgV1E  pmic_drivers_buck_pwr_alg_v1_protected.lib(pwr_buck_power_switch_size_alg_v1.o)
    0x0003a1a0   0x00000018   Data   RO        11865    .constdata__ZTVN11PmicObjects4SMPS27PwrBuckPowerSwitchSizeAlgV2E  pmic_drivers_buck_pwr_alg_v2_protected.lib(pwr_buck_power_switch_size_alg_v2.o)
    0x0003a1b8   0x00000014   Data   RO        12289    .constdata__ZTVN11PmicObjects4SMPS28VregV2AdvanceLegacyModeAlgV1E  pmic_drivers_buck_vreg_v2_buck_alg_v1_protected.lib(vreg_v2_buck_advance_legacy_mode_alg_v1.o)
    0x0003a1cc   0x00000014   Data   RO        12391    .constdata__ZTVN11PmicObjects4SMPS30VregV2CoreRailAdvanceModeAlgV1E  pmic_drivers_buck_vreg_v2_buck_alg_v1_protected.lib(vreg_v2_buck_core_rail_advance_mode_alg_v1.o)
    0x0003a1e0   0x00000010   Data   RO        11439    .constdata__ZTVN11PmicObjects4SMPS5PMIC416FTS_PMIC4_ConfigE  pmic_drivers_buck_base_protected.lib(fts_pmic4_config.o)
    0x0003a1f0   0x00000010   Data   RO        11479    .constdata__ZTVN11PmicObjects4SMPS5PMIC416HFS_PMIC4_ConfigE  pmic_drivers_buck_base_protected.lib(hfs_pmic4_config.o)
    0x0003a200   0x00000010   Data   RO        14143    .constdata__ZTVN11PmicObjects4SMPS5PMIC49FTS_PMIC4E  pmic_drivers_buck_base_protected.lib(fts_pmic4.o)
    0x0003a210   0x00000010   Data   RO        14175    .constdata__ZTVN11PmicObjects4SMPS5PMIC49HFS_PMIC4E  pmic_drivers_buck_base_protected.lib(hfs_pmic4.o)
    0x0003a220   0x00000028   Data   RO        14487    .constdata__ZTVN11PmicObjects6MEGAXO5PMIC413MEGA_XO_PMIC4E  pmic_drivers_xo_v1_protected.lib(mega_xo_pmic4.o)
    0x0003a248   0x00000028   Data   RO        14080    .constdata__ZTVN11PmicObjects6MEGAXO5PMIC420MEGA_XO_PMIC4_ConfigE  pmic_drivers_xo_v1_protected.lib(mega_xo_pmic4_config.o)
    0x0003a270   0x00000038   Data   RO         7576    .constdata__ZTVN11PmicObjects6Target3RPM17RPM_ProcProcessorE  pmic_target_rpm_system.lib(pm_rpm_proc_processor.o)
    0x0003a2a8   0x00000024   Data   RO        10179    .constdata__ZTVN11PmicObjects6Target3RPM23RPM_ProcResourceManagerE  pmic_target_rpm_system.lib(pm_rpm_proc_resource_manager_lite.o)
    0x0003a2cc   0x0000001c   Data   RO         9877    .constdata__ZTVN11PmicObjects6Target6Common20RpmSettingsRegistersE  pmic_target_msm8960_common_system_lib.lib(rpm_settings_registers.o)
    0x0003a2e8   0x00000018   Data   RO         6498    .constdata__ZTVN11PmicObjects6Target6Common20TargetInformationRpmE  pmic_target_msm8960_common_system_lib.lib(target_information_rpm.o)
    0x0003a300   0x00000015   Data   RO         1122    .conststring        npa.lib(npa.o)
    0x0003a315   0x0000001f   Data   RO         1929    .conststring        railway.lib(railway_limits.o)
    0x0003a334   0x0000000e   Data   RO         1930    .conststring        railway.lib(railway_limits.o)
    0x0003a342   0x00000024   Data   RO         2027    .conststring        railway.lib(railway_8064.o)
    0x0003a366   0x00000028   Data   RO         2028    .conststring        railway.lib(railway_8064.o)
    0x0003a38e   0x00000008   Data   RO         5025    .conststring        sleep.lib(sleep_lpr.o)
    0x0003a396   0x00000010   Data   RO         5026    .conststring        sleep.lib(sleep_lpr.o)
    0x0003a3a6   0x00000007   Data   RO         5064    .conststring        sleep_rpm.lib(node_definition_uber.o)
    0x0003a3ad   0x00000011   Data   RO         5065    .conststring        sleep_rpm.lib(node_definition_uber.o)
    0x0003a3be   0x0000000c   Data   RO         5101    .conststring        sleep_rpm.lib(lpr_definition_uber.o)
    0x0003a3ca   0x00000008   Data   RO         5102    .conststring        sleep_rpm.lib(lpr_definition_uber.o)
    0x0003a3d2   0x00000009   Data   RO         5103    .conststring        sleep_rpm.lib(lpr_definition_uber.o)
    0x0003a3db   0x0000000b   Data   RO         5104    .conststring        sleep_rpm.lib(lpr_definition_uber.o)
    0x0003a3e6   0x0000001e   Data   RO         5547    .conststring        clkregim_rpm.lib(clkrgm_rpm_sources.o)
    0x0003a404   0x00000021   Data   RO         5548    .conststring        clkregim_rpm.lib(clkrgm_rpm_sources.o)
    0x0003a425   0x000000c1   Data   RO         5645    .conststring        clkregim_rpm.lib(clkrgm_rpm_npa_target.o)
    0x0003a4e6   0x000000ad   Data   RO         7240    .conststring        pmic_target_rpm_npa_protected.lib(pm_rpm_proc_npa_device.o)
    0x0003a593   0x0000001e   Data   RO         7241    .conststring        pmic_target_rpm_npa_protected.lib(pm_rpm_proc_npa_device.o)
    0x0003a5b1   0x00000023   Data   RO         7242    .conststring        pmic_target_rpm_npa_protected.lib(pm_rpm_proc_npa_device.o)
    0x0003a5d4   0x00000007   Data   RO         7243    .conststring        pmic_target_rpm_npa_protected.lib(pm_rpm_proc_npa_device.o)
    0x0003a5db   0x000000a9   Data   RO         7244    .conststring        pmic_target_rpm_npa_protected.lib(pm_rpm_proc_npa_device.o)
    0x0003a684   0x00000045   Data   RO        10499    .conststring        IcbLLHalRpm.lib(HALaxifabricTarget.o)
    0x0003a6c9   0x00000003   PAD
    0x0003a6cc   0x00000024   Data   RO            7    BOOTSYS_DATA        rpm_ram_data.o


    Execution Region RPM_DATA_RW (Base: 0x0003a6f0, Size: 0x00002e9c, Max: 0xffffffff, ABSOLUTE)

    Base Addr    Size         Type   Attr      Idx    E Section Name        Object

    0x0003a6f0   0x0000002c   Data   RW          126    .data               main.o
    0x0003a71c   0x00000008   Data   RW          574    .data               IcbLLAxiRpm.lib(icbll_axirpm.o)
    0x0003a724   0x00000010   Data   RW          634    .data               DALSys.lib(DALModEnv.o)
    0x0003a734   0x00000034   Data   RW          829    .data               DALSys.lib(rex.o)
    0x0003a768   0x00000004   Data   RW          830    .data               DALSys.lib(rex.o)
    0x0003a76c   0x00000004   Data   RW          831    .data               DALSys.lib(rex.o)
    0x0003a770   0x00000020   Data   RW         1124    .data               npa.lib(npa.o)
    0x0003a790   0x00000020   Data   RW         1125    .data               npa.lib(npa.o)
    0x0003a7b0   0x00000048   Data   RW         1126    .data               npa.lib(npa.o)
    0x0003a7f8   0x0000000c   Data   RW         1525    .data               DALRPMFW.lib(DalRPMFW.o)
    0x0003a804   0x00000008   Data   RW         1633    .data               fakedrivers.lib(dog.o)
    0x0003a80c   0x00000004   Data   RW         1689    .data               fakedrivers.lib(err.o)
    0x0003a810   0x0000000c   Data   RW         1727    .data               fakedrivers.lib(rpm_log.o)
    0x0003a81c   0x00000014   Data   RW         1773    .data               fakedrivers.lib(rpm_ctl.o)
    0x0003a830   0x00000014   Data   RW         1821    .data               fakedrivers.lib(low_power_gpio.o)
    0x0003a844   0x00000010   Data   RW         1873    .data               fakedrivers.lib(low_power_led.o)
    0x0003a854   0x00000040   Data   RW         1931    .data               railway.lib(railway_limits.o)
    0x0003a894   0x00000018   Data   RW         1932    .data               railway.lib(railway_limits.o)
    0x0003a8ac   0x00000028   Data   RW         1933    .data               railway.lib(railway_limits.o)
    0x0003a8d4   0x00000024   Data   RW         2029    .data               railway.lib(railway_8064.o)
    0x0003a8f8   0x00000004   Data   RW         2030    .data               railway.lib(railway_8064.o)
    0x0003a8fc   0x00000004   Data   RW         2031    .data               railway.lib(railway_8064.o)
    0x0003a900   0x00000024   Data   RW         2032    .data               railway.lib(railway_8064.o)
    0x0003a924   0x00000004   Data   RW         2033    .data               railway.lib(railway_8064.o)
    0x0003a928   0x00000004   Data   RW         2034    .data               railway.lib(railway_8064.o)
    0x0003a92c   0x00000138   Data   RW         2035    .data               railway.lib(railway_8064.o)
    0x0003aa64   0x00000020   Data   RW         2036    .data               railway.lib(railway_8064.o)
    0x0003aa84   0x00000090   Data   RW         2037    .data               railway.lib(railway_8064.o)
    0x0003ab14   0x00000034   Data   RW         2169    .data               svs.lib(svs.o)
    0x0003ab48   0x00000004   Data   RW         2229    .data               sleep.lib(sleep_os.o)
    0x0003ab4c   0x0000005c   Data   RW         2300    .data               sleep.lib(sleep_target.o)
    0x0003aba8   0x00000004   Data   RW         2301    .data               sleep.lib(sleep_target.o)
    0x0003abac   0x00000004   Data   RW         2302    .data               sleep.lib(sleep_target.o)
    0x0003abb0   0x00000004   Data   RW         2303    .data               sleep.lib(sleep_target.o)
    0x0003abb4   0x00000004   Data   RW         2368    .data               clkregim_rpm.lib(clkrgm_rpm.o)
    0x0003abb8   0x0000001c   Data   RW         2858    .data               DDR_DRIVERS.lib(ddr_params.o)
    0x0003abd4   0x00000048   Data   RW         2924    .data               DDR_DRIVERS.lib(ddr_target.o)
    0x0003ac1c   0x00000040   Data   RW         3068    .data               DDR_HAL.lib(HSDDRx_5.o)
    0x0003ac5c   0x0000000c   Data   RW         3329    .data               IcbLLDalRpm.lib(DalAxiPD.o)
    0x0003ac68   0x00000018   Data   RW         3422    .data               IcbLLDalRpm.lib(DalAxiCfg.o)
    0x0003ac80   0x000000c0   Data   RW         3475    .data               IcbLLAxiRpm.lib(icbll_axirpmtarget.o)
    0x0003ad40   0x00000004   Data   RW         3503    .data               DALConfig.lib(DALModDir_rpm.o)
    0x0003ad44   0x00000008   Data   RW         3504    .data               DALConfig.lib(DALModDir_rpm.o)
    0x0003ad4c   0x00000014   Data   RW         3664    .data               mpm.lib(mpm.o)
    0x0003ad60   0x0000003c   Data   RW         3888    .data               npa.lib(npa_target_config.o)
    0x0003ad9c   0x00000168   Data   RW         4155    .data               DALRPMFW.lib(RPMMessageRAMTarget.o)
    0x0003af04   0x00000004   Data   RW         4326    .data               DALRPMFW.lib(DalRPMFWSpmHandshake.o)
    0x0003af08   0x00000024   Data   RW         4425    .data               DALRPMFW.lib(DalRPMFWTargetCfg.o)
    0x0003af2c   0x0000000c   Data   RW         4532    .data               DALRPMFW.lib(DalRPMFWInternal.o)
    0x0003af38   0x00000008   Data   RW         4550    .data               DALRPMFW.lib(DalRPMFWInvalidate.o)
    0x0003af40   0x00000008   Data   RW         4633    .data               DALRPMFW.lib(DalRPMFWTriggers.o)
    0x0003af48   0x00000004   Data   RW         4747    .data               rpm_sched.lib(rpm_sched.o)
    0x0003af4c   0x00000004   Data   RW         4946    .data               rpm_sched.lib(rpm_timeservice.o)
    0x0003af50   0x00000004   Data   RW         4990    .data               sleep.lib(legacy_solver.o)
    0x0003af54   0x00000020   Data   RW         5027    .data               sleep.lib(sleep_lpr.o)
    0x0003af74   0x0000002c   Data   RW         5028    .data               sleep.lib(sleep_lpr.o)
    0x0003afa0   0x0000000c   Data   RW         5066    .data               sleep_rpm.lib(node_definition_uber.o)
    0x0003afac   0x00000020   Data   RW         5067    .data               sleep_rpm.lib(node_definition_uber.o)
    0x0003afcc   0x00000020   Data   RW         5068    .data               sleep_rpm.lib(node_definition_uber.o)
    0x0003afec   0x0000003c   Data   RW         5107    .data               sleep_rpm.lib(lpr_definition_uber.o)
    0x0003b028   0x0000003c   Data   RW         5108    .data               sleep_rpm.lib(lpr_definition_uber.o)
    0x0003b064   0x0000003c   Data   RW         5109    .data               sleep_rpm.lib(lpr_definition_uber.o)
    0x0003b0a0   0x00000014   Data   RW         5110    .data               sleep_rpm.lib(lpr_definition_uber.o)
    0x0003b0b4   0x00000014   Data   RW         5111    .data               sleep_rpm.lib(lpr_definition_uber.o)
    0x0003b0c8   0x00000014   Data   RW         5112    .data               sleep_rpm.lib(lpr_definition_uber.o)
    0x0003b0dc   0x00000010   Data   RW         5113    .data               sleep_rpm.lib(lpr_definition_uber.o)
    0x0003b0ec   0x0000000c   Data   RW         5549    .data               clkregim_rpm.lib(clkrgm_rpm_sources.o)
    0x0003b0f8   0x0000012c   Data   RW         5550    .data               clkregim_rpm.lib(clkrgm_rpm_sources.o)
    0x0003b224   0x00000538   Data   RW         5604    .data               clkregim_rpm.lib(clkrgm_rpm_bsp.o)
    0x0003b75c   0x0000000c   Data   RW         5646    .data               clkregim_rpm.lib(clkrgm_rpm_npa_target.o)
    0x0003b768   0x0000000c   Data   RW         5647    .data               clkregim_rpm.lib(clkrgm_rpm_npa_target.o)
    0x0003b774   0x00000284   Data   RW         5648    .data               clkregim_rpm.lib(clkrgm_rpm_npa_target.o)
    0x0003b9f8   0x00000018   Data   RW         5649    .data               clkregim_rpm.lib(clkrgm_rpm_npa_target.o)
    0x0003ba10   0x00000020   Data   RW         5793    .data               HALclk_rpm.lib(HALclkMainRPM.o)
    0x0003ba30   0x00000004   Data   RW         6116    .data               pmic_comm_commmanager_protected.lib(comm_manager.o)
    0x0003ba34   0x00000004   Data   RW         6192    .data               pmic_target_msm8960_common_system_lib.lib(target_processor.o)
    0x0003ba38   0x00000008   Data   RW         6255    .data               pmic_target_msm8960_common_system_lib.lib(target_specific_settings.o)
    0x0003ba40   0x0000000c   Data   RW         6523    .data               pmic_target_rpm_lite_rsrc_access.lib(pm_pwr_application_i.o)
    0x0003ba4c   0x00000001   Data   RW         6815    .data               pmic_target_rpm_lite_rsrc_access.lib(pm_pwr_i.o)
    0x0003ba4d   0x00000003   PAD
    0x0003ba50   0x00000008   Data   RW         7124    .data               pmic_target_rpm_npa.lib(pm_rpm_proc_npa_device_cfg.o)
    0x0003ba58   0x00000260   Data   RW         7249    .data               pmic_target_rpm_npa_protected.lib(pm_rpm_proc_npa_device.o)
    0x0003bcb8   0x000000f0   Data   RW         7250    .data               pmic_target_rpm_npa_protected.lib(pm_rpm_proc_npa_device.o)
    0x0003bda8   0x0000089c   Data   RW         7252    .data               pmic_target_rpm_npa_protected.lib(pm_rpm_proc_npa_device.o)
    0x0003c644   0x00000144   Data   RW         7254    .data               pmic_target_rpm_npa_protected.lib(pm_rpm_proc_npa_device.o)
    0x0003c788   0x00000008   Data   RW         7256    .data               pmic_target_rpm_npa_protected.lib(pm_rpm_proc_npa_device.o)
    0x0003c790   0x00000008   Data   RW         7257    .data               pmic_target_rpm_npa_protected.lib(pm_rpm_proc_npa_device.o)
    0x0003c798   0x0000000c   Data   RW         7258    .data               pmic_target_rpm_npa_protected.lib(pm_rpm_proc_npa_device.o)
    0x0003c7a4   0x00000020   Data   RW         7259    .data               pmic_target_rpm_npa_protected.lib(pm_rpm_proc_npa_device.o)
    0x0003c7c4   0x00000020   Data   RW         7260    .data               pmic_target_rpm_npa_protected.lib(pm_rpm_proc_npa_device.o)
    0x0003c7e4   0x000000d8   Data   RW         7261    .data               pmic_target_rpm_npa_protected.lib(pm_rpm_proc_npa_device.o)
    0x0003c8bc   0x000000a0   Data   RW         7262    .data               pmic_target_rpm_npa_protected.lib(pm_rpm_proc_npa_device.o)
    0x0003c95c   0x00000001   Data   RW         7263    .data               pmic_target_rpm_npa_protected.lib(pm_rpm_proc_npa_device.o)
    0x0003c95d   0x00000003   PAD
    0x0003c960   0x00000020   Data   RW         7268    .data               pmic_target_rpm_npa_protected.lib(pm_rpm_proc_npa_device.o)
    0x0003c980   0x0000000c   Data   RW         7587    .data               DDR_RPM_MESSAGE.lib(ddr_rpm_message.o)
    0x0003c98c   0x00000028   Data   RW         7726    .data               DDR_HAL.lib(DDR_PHY_1.o)
    0x0003c9b4   0x00000028   Data   RW         7824    .data               IcbLLDalRpm.lib(DalAxiCfgTarget.o)
    0x0003c9dc   0x00000008   Data   RW         7825    .data               IcbLLDalRpm.lib(DalAxiCfgTarget.o)
    0x0003c9e4   0x000000a0   Data   RW         7877    .data               IcbLLDalRpm.lib(DalAxiPDTarget.o)
    0x0003ca84   0x0000000c   Data   RW         7878    .data               IcbLLDalRpm.lib(DalAxiPDTarget.o)
    0x0003ca90   0x0000000c   Data   RW         7879    .data               IcbLLDalRpm.lib(DalAxiPDTarget.o)
    0x0003ca9c   0x0000000c   Data   RW         7880    .data               IcbLLDalRpm.lib(DalAxiPDTarget.o)
    0x0003caa8   0x0000003c   Data   RW         7881    .data               IcbLLDalRpm.lib(DalAxiPDTarget.o)
    0x0003cae4   0x00000004   Data   RW         8205    .data               HALmpm.lib(HALmpmPlatform.o)
    0x0003cae8   0x00000004   Data   RW         8657    .data               DALRPMFW.lib(DalRPMFWEstimator.o)
    0x0003caec   0x0000001a   Data   RW         9070    .data               rpmutils.lib(rob.o)
    0x0003cb06   0x00000002   PAD
    0x0003cb08   0x00000024   Data   RW         9168    .data               HALclk_rpm.lib(HALclkPLLSR2.o)
    0x0003cb2c   0x00000024   Data   RW         9245    .data               HALclk_rpm.lib(HALclkPLLSR.o)
    0x0003cb50   0x00000044   Data   RW         9307    .data               HALclk_rpm.lib(HALclk8064Fabric.o)
    0x0003cb94   0x0000002c   Data   RW         9406    .data               HALclk_rpm.lib(HALclk8064MMSSAXILite.o)
    0x0003cbc0   0x00000024   Data   RW         9442    .data               HALclk_rpm.lib(HALclk8064MMSSFPBLite.o)
    0x0003cbe4   0x00000020   Data   RW         9467    .data               HALclk_rpm.lib(HALclk8064QDSSLite.o)
    0x0003cc04   0x00000002   Data   RW         9712    .data               pmic_pmic_devices_common_protected.lib(pmic_version.o)
    0x0003cc06   0x00000002   PAD
    0x0003cc08   0x00000450   Data   RW         9841    .data               pmic_target_msm8960_common_system_lib.lib(rpm_settings_registers.o)
    0x0003d058   0x00000004   Data   RW        10136    .data               pmic_target_rpm_system.lib(pm_rpm_proc_resource_manager_lite.o)
    0x0003d05c   0x0000000c   Data   RW        10570    .data               HALmpm.lib(BSPmpm.o)
    0x0003d068   0x00000044   Data   RW        10571    .data               HALmpm.lib(BSPmpm.o)
    0x0003d0ac   0x000000c0   Data   RW        10581    .data               HALmpm.lib(HALmpmintTable.o)
    0x0003d16c   0x00000018   Data   RW        10596    .data               HALmpm.lib(HALmpmintRegisters.o)
    0x0003d184   0x00000034   Data   RW        10921    .data               HALclk_rpm.lib(HALclk8064PLLAddr.o)
    0x0003d1b8   0x00000034   Data   RW        10922    .data               HALclk_rpm.lib(HALclk8064PLLAddr.o)
    0x0003d1ec   0x00000034   Data   RW        10923    .data               HALclk_rpm.lib(HALclk8064PLLAddr.o)
    0x0003d220   0x0000002c   Data   RW        10966    .data               tramp.lib(tramp_qgic.o)
    0x0003d24c   0x00000330   Data   RW        11402    .data               tramp.lib(tramp_qgic_bsp_rpm.o)
    0x0003d57c   0x00000010   Data   RW        11403    .data               tramp.lib(tramp_qgic_bsp_rpm.o)


    Execution Region RPM_DATA_ZI (Base: 0x0003d58c, Size: 0x00004bac, Max: 0xffffffff, ABSOLUTE)

    Base Addr    Size         Type   Attr      Idx    E Section Name        Object

    0x0003d58c   0x0000000c   Zero   RW          125    .bss                main.o
    0x0003d598   0x00000028   Zero   RW          463    .bss                DDR_DRIVERS.lib(ddr_drivers.o)
    0x0003d5c0   0x00000118   Zero   RW          573    .bss                IcbLLAxiRpm.lib(icbll_axirpm.o)
    0x0003d6d8   0x00000168   Zero   RW          630    .bss                DALSys.lib(DALModEnv.o)
    0x0003d840   0x00000018   Zero   RW          631    .bss                DALSys.lib(DALModEnv.o)
    0x0003d858   0x0000003c   Zero   RW          633    .bss                DALSys.lib(DALModEnv.o)
    0x0003d894   0x000008e8   Zero   RW          828    .bss                DALSys.lib(rex.o)
    0x0003e17c   0x000000a0   Zero   RW         1121    .bss                npa.lib(npa.o)
    0x0003e21c   0x00000034   Zero   RW         1632    .bss                fakedrivers.lib(dog.o)
    0x0003e250   0x00000098   Zero   RW         1688    .bss                fakedrivers.lib(err.o)
    0x0003e2e8   0x0000000c   Zero   RW         1872    .bss                fakedrivers.lib(low_power_led.o)
    0x0003e2f4   0x0000005c   Zero   RW         2367    .bss                clkregim_rpm.lib(clkrgm_rpm.o)
    0x0003e350   0x00000030   Zero   RW         2824    .bss                DDR_DRIVERS.lib(ddr_sync.o)
    0x0003e380   0x00000200   Zero   RW         2923    .bss                DDR_DRIVERS.lib(ddr_target.o)
    0x0003e580   0x00000028   Zero   RW         3067    .bss                DDR_HAL.lib(HSDDRx_5.o)
    0x0003e5a8   0x0000009c   Zero   RW         3327    .bss                IcbLLDalRpm.lib(DalAxiPD.o)
    0x0003e644   0x00000010   Zero   RW         3517    .bss                DALFwk_rex.lib(DALHeap.o)
    0x0003e654   0x00000018   Zero   RW         3545    .bss                DALSys.lib(DALSysSync.o)
    0x0003e66c   0x00000030   Zero   RW         4325    .bss                DALRPMFW.lib(DalRPMFWSpmHandshake.o)
    0x0003e69c   0x000023f0   Zero   RW         4424    .bss                DALRPMFW.lib(DalRPMFWTargetCfg.o)
    0x00040a8c   0x00000cb4   Zero   RW         4464    .bss                DALRPMFW.lib(DalRPMFWDriverManager.o)
    0x00041740   0x00000038   Zero   RW         4746    .bss                rpm_sched.lib(rpm_sched.o)
    0x00041778   0x00000010   Zero   RW         4945    .bss                rpm_sched.lib(rpm_timeservice.o)
    0x00041788   0x0000000c   Zero   RW         5023    .bss                sleep.lib(sleep_lpr.o)
    0x00041794   0x00000004   PAD
    0x00041798   0x00000050   Zero   RW         5489    .bss                clkregim_rpm.lib(clkrgm_msmc.o)
    0x000417e8   0x000001e8   Zero   RW         5642    .bss                clkregim_rpm.lib(clkrgm_rpm_npa_target.o)
    0x000419d0   0x000005a8   Zero   RW         5926    .bss                tramp.lib(tramp.o)
    0x00041f78   0x00000028   Zero   RW         7238    .bss                pmic_target_rpm_npa_protected.lib(pm_rpm_proc_npa_device.o)
    0x00041fa0   0x00000018   Zero   RW         7239    .bss                pmic_target_rpm_npa_protected.lib(pm_rpm_proc_npa_device.o)
    0x00041fb8   0x0000000c   Zero   RW         7823    .bss                IcbLLDalRpm.lib(DalAxiCfgTarget.o)
    0x00041fc4   0x0000000c   Zero   RW         7951    .bss                IcbLLHalRpm.lib(HALaxifabric.o)
    0x00041fd0   0x00000010   Zero   RW         8204    .bss                HALmpm.lib(HALmpmPlatform.o)
    0x00041fe0   0x0000001c   Zero   RW         8655    .bss                DALRPMFW.lib(DalRPMFWEstimator.o)
    0x00041ffc   0x00000040   Zero   RW         9069    .bss                rpmutils.lib(rob.o)
    0x0004203c   0x00000004   PAD
    0x00042040   0x00000030   Zero   RW         9107    .bss                ulogSm.lib(ULogCoreInternal.o)
    0x00042070   0x00000010   Zero   RW        10033    .bss                pmic_target_rpm_lite_rsrc_access.lib(pm_mpp_i.o)
    0x00042080   0x000000b6   Zero   RW        11401    .bss                tramp.lib(tramp_qgic_bsp_rpm.o)


    Execution Region DAL_HEAP (Base: 0x00042138, Size: 0x00000148, Max: 0xffffffff, ABSOLUTE)

    Base Addr    Size         Type   Attr      Idx    E Section Name        Object

    0x00042138   0x00000038   Code   RO         2021    EARLY_INIT          railway.lib(railway_8064.o)
    0x00042170   0x000000dc   Code   RO         2291    EARLY_INIT          sleep.lib(sleep_target.o)
    0x0004224c   0x00000034   Data   RW         2304    EARLY_INIT          sleep.lib(sleep_target.o)


    Execution Region RPM_STACK (Base: 0x00047950, Size: 0x00000500, Max: 0x00000500, ABSOLUTE, UNINIT)

    Base Addr    Size         Type   Attr      Idx    E Section Name        Object

    0x00047950   0x00000500   Zero   RW            1    RPM_STACK.bss       anon$$obj.o


==============================================================================

Image component sizes


      Code (inc. data)   RO Data    RW Data    ZI Data      Debug   Object Name

       212         32          0         44         12      40671   main.o
       448         52          0          0          0        352   rpm.o
       154          0          0          0          0       4374   rpm_error_handler.o
        28          0          0          0          0        479   rpm_mc.o
         0          0         36          0          0          0   rpm_ram_data.o
        88         20          0          0          0       8107   rpm_ram_init.o
         2          0          0          0          0        355   xpu_init.o

    ----------------------------------------------------------------------
       956        104         36         44       1292      54338   Object Totals
        16          0          0          0       1280          0   (incl. Generated)
         8          0          0          0          0          0   (incl. Padding)

    ----------------------------------------------------------------------

      Code (inc. data)   RO Data    RW Data    ZI Data      Debug   Library Member Name

         0          0          0         12          0        794   DALModDir_rpm.o
       364         14          0          0         16       4183   DALHeap.o
         0          0         32          0          0        614   BitTwiddle.o
       616         52          0         12          0      19550   DalRPMFW.o
       264         10          0          0          0      39022   DalRPMFWDebug.o
       528         26          0          0          0       6432   DalRPMFWDispatcher.o
       910         58          0          0       3252       8175   DalRPMFWDriverManager.o
       944         44          4          4         28      11795   DalRPMFWEstimator.o
      1388         34         36          0          0      42912   DalRPMFWHandler.o
       346         30          0          0          0      12998   DalRPMFWHash.o
       104         12          0         12          0       1220   DalRPMFWInternal.o
       256         26          0          8          0       3350   DalRPMFWInvalidate.o
       748          6          0          0          0       9331   DalRPMFWMaster.o
      1410         36         36          0          0      20339   DalRPMFWSetChanger.o
      1148         52          0          4         48      56937   DalRPMFWSpmHandshake.o
       520        230          0         36       9200       9546   DalRPMFWTargetCfg.o
       120         12          0          8          0      13060   DalRPMFWTriggers.o
       764         90          0          0          0       7652   RPMFWInterruptMap.o
      1348         28          0          0          0      41359   RPMMessageRAM.o
       360        190          0        360          0       4032   RPMMessageRAMTarget.o
       156          8          0          0          0       3352   RPMUtil.o
       724         86          0         16        444      50917   DALModEnv.o
       482         18          0          0          0       6494   DALSysEvent.o
       100          6          0          0         24       5997   DALSysSync.o
       834         92          0         60       2280      16496   rex.o
       760         62          0          0          0        624   rexarm.o
         4          0          0          0          0        949   stubs.o
      1056         28          0          0         40      22850   ddr_drivers.o
       196         42          0         28          0       3118   ddr_params.o
        68         18          0          0         48       1991   ddr_sync.o
      1588         96          0         72        512      13186   ddr_target.o
       378        110          0         40          0       9960   DDR_PHY_1.o
      1156        180          0         64         40      24353   HSDDRx_5.o
      1836        372          0          0          0       7188   LPDDR2_DDR_PHY_1.o
      2468        166          0          0          0      12272   LPDDR2_HSDDRx_5.o
       596        106         48          0          0       3421   PCDDR3_DDR_PHY_1.o
      1872        152          0          0          0       9512   PCDDR3_HSDDRx_5.o
       216         26          0         12          0       2961   ddr_rpm_message.o
       320         32          0          0          0       4300   HALclk8064FPB.o
       660         66          0         68          0       8266   HALclk8064Fabric.o
       336         50          0         44          0       3368   HALclk8064MMSSAXILite.o
       316         44          0         36          0       3360   HALclk8064MMSSFPBLite.o
         0          0          0        156          0       1174   HALclk8064PLLAddr.o
       136         30          0         32          0       2576   HALclk8064QDSSLite.o
        40          0          0          0          0       2008   HALclk8064Share.o
      1278        122          0         32          0      15845   HALclkMainRPM.o
      1166        114          0         36          0      11067   HALclkPLLSR.o
       680         48          0         36          0       7476   HALclkPLLSR2.o
         0          0         36         80          0       1723   BSPmpm.o
       212         20          0          0          0       4044   HALmpm.o
      1644        178          0          4         16      20551   HALmpmPlatform.o
       564         32          0          0          0       4420   HALmpmVDDCommands.o
       508         68          0          0          0       8388   HALmpmint.o
       128         16          0         24          0       3018   HALmpmintRegisters.o
         0          0          0        192          0       1667   HALmpmintTable.o
       690         70          0          0          0      15810   HALqgic.o
       564         64          0          8        280      12658   icbll_axirpm.o
        84         10          0        192          0       3793   icbll_axirpmtarget.o
       672         14          0         24          0       8644   DalAxiCfg.o
       636         88          0         48         12      12435   DalAxiCfgTarget.o
      1476         34          8         12        156      39487   DalAxiPD.o
       580         36          0        256          0      10875   DalAxiPDTarget.o
      1148        126          0          0         12      23345   HALaxifabric.o
      1400          0          0          0          0      21552   HALaxifabricGeneric.o
        40         12        141          0          0       1706   HALaxifabricTarget.o
        62          0          0          0          0        599   busywait_hw_rpm_tmr0.o
         4          0          0          0          0         68   aeabi_idiv0_sigfpe.o
         4          0          0          0          0         68   aeabi_ldiv0_sigfpe.o
        20          0          0          0          0         68   aeabi_memset.o
       608          0          0          0          0        148   aeabi_sdivfast.o
        24          0          0          0          0         80   defsig_fpe_formal.o
        16          0          0          0          0         80   defsig_pvfn_formal.o
        32          0          0          0          0         80   llmul.o
        44          0          0          0          0         68   llshl.o
       724         64          0          0          0        164   lludiv.o
        20          0          0          0          0         80   rt_div0.o
        68          0          0          0          0         68   rt_memclr.o
        88          0          0          0          0         80   rt_memclr_w.o
       216          0          0          0          0         68   rt_memcpy.o
       104          0          0          0          0         80   rt_memcpy_w.o
       192          4          0          0          0         80   strcmpfast.o
        68          4          0          0          0         76   strlen.o
       152          6          0          0          0         84   strncmp.o
       348         98          0          0         80       5543   clkrgm_msmc.o
      1726         78          0          4         92     100147   clkrgm_rpm.o
       164         26          0       1336          0       8575   clkrgm_rpm_bsp.o
      4226        344        193        692        488      30021   clkrgm_rpm_npa_target.o
      1348        148         63        312          0      12799   clkrgm_rpm_sources.o
        18          0          0          0          0         60   cxa_guard_acquire.o
        14          0          0          0          0         80   pure_virt.o
       348         48          0          8         52      17525   dog.o
       206         12          0          4        152       3376   err.o
       164          8          0          0          0        456   err_jettison.o
       332         56          0         20          0       5322   low_power_gpio.o
       336         60          0         16         12       5600   low_power_led.o
       100          0          0          0          0       3111   memory.o
       256         40          0         20          0       4107   rpm_ctl.o
       396         66          0         12          0      35215   rpm_log.o
       528         78          0         20          0      10339   mpm.o
      4846        208         21        136        160      50331   npa.o
       504          0        120          0          0      10656   npa_plugins.o
         8          4          0         60          0       1144   npa_target_config.o
         2          0          0          0          0        478   npa_target_init.o
       260         14         16          4          0       8080   comm_manager.o
       186          8         16          0          0       6492   comm_info.o
       132          4         48          0          0       4840   icomm.o
       224          4         48          0          0       7656   ssbi2_0_lite.o
        60          6         16          0          0       3308   fts_pmic4.o
       380          6         16          0          0       6812   fts_pmic4_config.o
        64          6         16          0          0       4344   hfs_pmic4.o
       420          6         16          0          0       6912   hfs_pmic4_config.o
       120          4         20          0          0       6696   pwr_buck_clk_source_alg_v1.o
       120          4         24          0          0       6860   pwr_buck_inductor_ilim_alg_v1.o
       120          4         24          0          0       6920   pwr_buck_power_switch_size_alg_v1.o
       120          4         24          0          0       6860   pwr_buck_switch_driver_alg_v1.o
       226         14         24          0          0       7940   pwr_buck_switching_freq_alg_v1.o
        96          6         20          0          0       5404   pwr_buck_clk_source_alg_v2.o
        96          6         24          0          0       5568   pwr_buck_inductor_ilim_alg_v2.o
        96          6         24          0          0       5624   pwr_buck_power_switch_size_alg_v2.o
        96          6         24          0          0       5568   pwr_buck_switch_driver_alg_v2.o
       212         18         24          0          0       6632   pwr_buck_switching_freq_alg_v2.o
       200          4         20          0          0      65516   vreg_v2_buck_advance_legacy_mode_alg_v1.o
       488         26         34          0          0       9548   vreg_v2_buck_config_alg_v1.o
       120          4         20          0          0       6200   vreg_v2_buck_core_rail_advance_mode_alg_v1.o
       252         20         20          0          0       7288   vreg_v2_buck_config_alg_v2.o
        82          6         44          0          0       3900   mega_clk_pmic4.o
        88          4         44          0          0       4124   mega_clk_pmic4_config.o
        52          6         16          0          0       3972   ldo_v2_pmic4.o
       300          6         16          0          0       7580   ldo_v2_pmic4_config.o
        52          6         16          0          0       2628   lnldo_pmic4.o
       292          4         16          0          0       4680   lnldo_pmic4_config.o
       124          4         20          0          0       6848   pwr_linear_bypass_alg_v1.o
       642         14         20          0          0       8684   vreg_v2_linear_lp_mode_and_pin_ctrl_alg_v1.o
       116          6         24          0          0       4272   ncp_pmic4.o
        88          4         24          0          0       3684   ncp_pmic4_config.o
       254          4         20          0          0       7944   pwr_active_pull_down_alg_v1.o
       120          4         24          0          0       6512   pwr_mode_alg_v1.o
       120          4         20          0          0       6492   pwr_pin_ctrled_alg_v1.o
       120          4         28          0          0       6680   pwr_volt_level_alg_v1.o
       312          4         20          0          0       6392   pwr_active_pull_down_alg_v2.o
       120          4         24          0          0       4852   pwr_mode_alg_v2.o
       120          4         20          0          0       4848   pwr_pin_ctrled_alg_v2.o
       120          4         40          0          0       5148   pwr_volt_level_alg_v2.o
       292          4         20          0          0       6656   pwr_active_pull_down_alg_v3.o
       120          4         24          0          0       4344   pwr_mode_alg_v3.o
       120          4         20          0          0       4340   pwr_pin_ctrled_alg_v3.o
       120          4         24          0          0       4392   pwr_volt_level_alg_v3.o
       120          4         24          0          0       3864   pwr_volt_level_alg_v4.o
        32          6         20          0          0       2216   pwr_active_pull_down_alg_v5.o
        28          6         24          0          0       1452   pwr_mode_alg_v5.o
        28          6         20          0          0       1448   pwr_pin_ctrled_alg_v5.o
       338          4         24          0          0       8132   vreg_v2_ctrl_alg_v1.o
      1008         52         36          0          0      13800   vreg_v2_level_alg_v1.o
       124          4         20          0          0       7336   vreg_v2_pin_ctrl_alg_v1.o
       196          4         24          0          0       5952   vreg_v2_ctrl_alg_v2.o
      1752        192         48          0          0      16528   vreg_v2_level_alg_v2.o
       210          4         20          0          0       6152   vreg_v2_pin_ctrl_alg_v2.o
       760          6         24          0          0      10448   vreg_v2_ctrl_alg_v3.o
       124          4         32          0          0       5228   vreg_v2_level_alg_v3.o
       236          4         20          0          0       5728   vreg_v2_pin_ctrl_alg_v3.o
       196          4         24          0          0       6604   vreg_v2_ctrl_alg_v4.o
       552         42         32          0          0      10572   vreg_v2_level_alg_v4.o
       160          4         20          0          0       6592   vreg_v2_pin_ctrl_alg_v4.o
        48          6         16          0          0       3008   vs_v2_pmic4.o
       260          6         16          0          0       4992   vs_v2_pmic4_config.o
       208          4         40          0          0       4936   mega_xo_pmic4.o
       120          6         40          0          0       2004   mega_xo_pmic4_config.o
        20          0          0          0          0        616   device_info.o
        38          4         16          0          0       2048   pmic_device.o
        76          6         16          0          0       4788   pmic_resource.o
        24          4         16          0          0       1988   pmic_sub_resource.o
       208          4          0          2          0       1895   pmic_version.o
        34          4         16          0          0       2116   pm8921.o
       176          6          0          0          0      26804   pm_npa.o
       132          0          0          0          0       4033   pm_dvt_i.o
       308         90         28       1104          0       5600   rpm_settings_registers.o
        40          4         24          0          0      58176   target_information_rpm.o
        86         14         56          4          0       4992   target_processor.o
       178         16          0          8          0      11088   target_specific_settings.o
       232         18          0          0          0       5490   pm_buck_i.o
       492         42         88          0          0       3099   pm_gpio_i.o
       240         18          0          0          0       4772   pm_linear_i.o
       192          0          0          0          0       8945   pm_low_current_led.o
       148          8          4          0         16       1400   pm_mpp_i.o
        20          4          0          0          0       3263   pm_ncp_i.o
       664         58          0         12          0      29224   pm_pwr_application_i.o
       692         52          0          1          0      20464   pm_pwr_i.o
       182          0          0          0          0       2816   pm_rpm_router.o
       138          8          0          0          0       2219   pm_temp_i.o
       148          4          0          0          0       4640   pm_xo_i.o
       472         36          0          8          0      16209   pm_rpm_proc_npa_device_cfg.o
      4742        260        414       3877         64      71886   pm_rpm_proc_npa_device.o
       122          0          0          0          0      71846   pm_rpm_proc.o
      1482         54         44          0          0     113796   pm_rpm_proc_pm8921.o
       326         14         56          0          0      13012   pm_rpm_proc_processor.o
       346         14         36          4          0       7348   pm_rpm_proc_resource_manager_lite.o
       640         88         88        576          0      29626   railway_8064.o
      2136         94         65        128          0      39424   railway_limits.o
         6          0          0          0          0        910   rbcpr_stubs.o
      1636         36          0          4         56      43220   rpm_sched.o
       194          4         36          0          0       3924   rpm_task.o
       282         44         20          4         16       4942   rpm_timeservice.o
       830          0          0          0          0      12012   task_heap.o
       184          0          0          0          0       5820   task_list.o
       168         36          0         26         64       3250   rob.o
       236         12         12          0          0       4099   sbi_mini.o
       460         22          0          4          0       3087   legacy_solver.o
       806         34         48         76         12       6436   sleep_lpr.o
         2          0          0          0          0        453   sleep_npa.o
       340         16          0          4          0      34915   sleep_os.o
      1236        146          4        156          0      14172   sleep_target.o
      1790        110         40        256          0      18124   lpr_definition_uber.o
        96         14         24         76          0       2078   node_definition_uber.o
       844        120          0         52          0       9192   svs.o
      1228        108          0          0       1448      14297   tramp.o
       548         32          0         44          0      10891   tramp_qgic.o
         0          0          0        832        182       2073   tramp_qgic_bsp_rpm.o
        80          4          0          0          0       4851   tramp_qgic_rex.o
       350         10          0          0         48       5998   ULogCoreInternal.o
       532         14          0          0          0       6047   ULogCoreSmall.o
        24          0          0          0          0       1404   ULogFrontRaw.o
       816          4          0          0          0       8595   CorePool.o
        88          0          0          0          0       1462   CoreWorkContainer.o
       528         14          0          0          0       8301   CoreWorkQueue.o
       980         40          0          0          0       7561   vmpm.o
        96         26        268          0          0       4086   vmpm_8064.o

    ----------------------------------------------------------------------
    103828       7570       3728      11940      19360    2332277   Library Totals
       130          0          5         10         10          0   (incl. Padding)

    ----------------------------------------------------------------------

      Code (inc. data)   RO Data    RW Data    ZI Data      Debug   Library Name

         0          0          0         12          0        794   DALConfig.lib
       364         14          0          0         16       4183   DALFwk_rex.lib
     11930        944        108        444      12528     311676   DALRPMFW.lib
      2904        264          0         76       2748      81477   DALSys.lib
      2908        184          0        100        600      41145   DDR_DRIVERS.lib
      8306       1086         48        104         40      66706   DDR_HAL.lib
       216         26          0         12          0       2961   DDR_RPM_MESSAGE.lib
      4932        506          0        440          0      59440   HALclk_rpm.lib
      3056        314         36        300         16      43811   HALmpm.lib
       690         70          0          0          0      15810   HALqgic.lib
       648         74          0        200        280      16451   IcbLLAxiRpm.lib
      3364        172          8        340        168      71441   IcbLLDalRpm.lib
      2588        138        141          0         12      46603   IcbLLHalRpm.lib
        62          0          0          0          0        599   busywait_hw_rpm_tmr0.lib
      2384         78          0          0          0       1440   c_t.l
      7812        694        256       2344        660     157085   clkregim_rpm.lib
        32          0          0          0          0        140   cpprt_t.l
      2138        290          0         80        216      74712   fakedrivers.lib
       528         78          0         20          0      10339   mpm.lib
      5360        212        141        196        160      62609   npa.lib
       260         14         16          4          0       8080   pmic_comm_commmanager_protected.lib
       318         12         64          0          0      11332   pmic_comm_common_protected.lib
       224          4         48          0          0       7656   pmic_comm_ssbi_protected.lib
       924         24         64          0          0      21376   pmic_drivers_buck_base_protected.lib
       706         30        116          0          0      35276   pmic_drivers_buck_pwr_alg_v1_protected.lib
       596         42        116          0          0      28796   pmic_drivers_buck_pwr_alg_v2_protected.lib
       808         34         74          0          0      81264   pmic_drivers_buck_vreg_v2_buck_alg_v1_protected.lib
       252         20         20          0          0       7288   pmic_drivers_buck_vreg_v2_buck_alg_v2_protected.lib
       170         10         88          0          0       8024   pmic_drivers_clk_v1_protected.lib
       696         22         64          0          0      18860   pmic_drivers_linear_base_protected.lib
       124          4         20          0          0       6848   pmic_drivers_linear_pwr_linear_alg_v1_protected.lib
       642         14         20          0          0       8684   pmic_drivers_linear_vreg_v2_linear_alg_v1_protected.lib
       204         10         48          0          0       7956   pmic_drivers_ncp_v1_protected.lib
       614         16         92          0          0      27628   pmic_drivers_pwr_pwr_alg_v1_protected.lib
       672         16        104          0          0      21240   pmic_drivers_pwr_pwr_alg_v2_protected.lib
       652         16         88          0          0      19732   pmic_drivers_pwr_pwr_alg_v3_protected.lib
       120          4         24          0          0       3864   pmic_drivers_pwr_pwr_alg_v4_protected.lib
        88         18         64          0          0       5116   pmic_drivers_pwr_pwr_alg_v5_protected.lib
      1470         60         80          0          0      29268   pmic_drivers_pwr_vreg_v2_alg_v1_protected.lib
      2158        200         92          0          0      28632   pmic_drivers_pwr_vreg_v2_alg_v2_protected.lib
      1120         14         76          0          0      21404   pmic_drivers_pwr_vreg_v2_alg_v3_protected.lib
       908         50         76          0          0      23768   pmic_drivers_pwr_vreg_v2_alg_v4_protected.lib
       308         12         32          0          0       8000   pmic_drivers_vs_base_protected.lib
       328         10         80          0          0       6940   pmic_drivers_xo_v1_protected.lib
       366         18         48          2          0      11335   pmic_pmic_devices_common_protected.lib
        34          4         16          0          0       2116   pmic_pmic_devices_pm8921_protected.lib
       176          6          0          0          0      26804   pmic_target_common_npa.lib
       744        124        108       1116          0      83889   pmic_target_msm8960_common_system_lib.lib
      3148        212         92         13         16      86332   pmic_target_rpm_lite_rsrc_access.lib
       472         36          0          8          0      16209   pmic_target_rpm_npa.lib
      4742        260        414       3877         64      71886   pmic_target_rpm_npa_protected.lib
      2276         82        136          4          0     206002   pmic_target_rpm_system.lib
      2776        182        153        704          0      69050   railway.lib
         6          0          0          0          0        910   rbcpr.lib
      3126         84         56          8         72      69918   rpm_sched.lib
       168         36          0         26         64       3250   rpmutils.lib
       236         12         12          0          0       4099   sbi_mini_rpm.lib
      2844        218         52        240         12      59063   sleep.lib
      1886        124         64        332          0      20202   sleep_rpm.lib
       844        120          0         52          0       9192   svs.lib
      1856        144          0        876       1630      32112   tramp.lib
       906         24          0          0         48      13449   ulogSm.lib
      1432         18          0          0          0      18358   utils.lib
      1076         66        268          0          0      11647   vmpm.lib

    ----------------------------------------------------------------------
    103828       7570       3728      11940      19360    2332277   Library Totals

    ----------------------------------------------------------------------

==============================================================================


      Code (inc. data)   RO Data    RW Data    ZI Data      Debug   

    104784       7674       3764      11984      20652    2350303   Grand Totals
    104784       7674       3764      11984      20652    2350303   ELF Image Totals
    104784       7674       3764      11984          0          0   ROM Totals

==============================================================================

    Total RO  Size (Code + RO Data)               108548 ( 106.00kB)
    Total RW  Size (RW Data + ZI Data)             32636 (  31.87kB)
    Total ROM Size (Code + RO Data + RW Data)     120532 ( 117.71kB)

==============================================================================

